Microchip MPLAB XC8 Compiler V2.36

Linker command line:

-W-3 --edf=C:\Program Files\Microchip\xc8\v2.36\pic\dat\en_msgs.txt -cn \
  -h+dist/default/debug\DANI-DRIVE.X.debug.sym \
  --cmf=dist/default/debug\DANI-DRIVE.X.debug.cmf -z -Q18F27K40 \
  -oC:\Users\CRAIGV~1\AppData\Local\Temp\xcAskh8.4 --defsym=__MPLAB_BUILD=1 \
  -Mdist/default/debug/DANI-DRIVE.X.debug.map \
  --md=C:\Users\CRAIGV~1\AppData\Local\Temp\xcAskh8.dat -E1 \
  -ver=XC8 Compiler --acfsm=1493 -ACODE=00h-01FFFFh -ACONST=00h-01FFFFh \
  -ASMALLCONST=0F00h-0FFFhx497 -AMEDIUMCONST=0F00h-0FFFFh,010F00h-01FFFFh \
  -ACOMRAM=01h-05Fh -AABS1=00h-0E87h -ABIGRAM=01h-0E87h \
  -ARAM=060h-0FFh,0100h-01FFhx13,0E00h-0E87h -ABANK0=060h-0FFh \
  -ABANK1=0100h-01FFh -ABANK2=0200h-02FFh -ABANK3=0300h-03FFh \
  -ABANK4=0400h-04FFh -ABANK5=0500h-05FFh -ABANK6=0600h-06FFh \
  -ABANK7=0700h-07FFh -ABANK8=0800h-08FFh -ABANK9=0900h-09FFh \
  -ABANK10=0A00h-0AFFh -ABANK11=0B00h-0BFFh -ABANK12=0C00h-0CFFh \
  -ABANK13=0D00h-0DFFh -ABANK14=0E00h-0E87h \
  -ASFR=0E8Dh-0EFFh,0F00h-0F5Fh,0F60h-0FFFh -ABIGSFR=0E8Dh-0FFFh \
  -ACONFIG=0300000h-030000Bh -AIDLOC=0200000h-020000Fh \
  -AEEDATA=0310000h-03103FFh -peeprom_data=EEDATA \
  -preset_vec=00h,intcode=08h,intcodelo,powerup,init -pramtop=0F00h \
  -psmallconst=SMALLCONST -pmediumconst=MEDIUMCONST -pconst=CONST \
  -AFARRAM=00h-00h \
  -prdata=COMRAM,nvrram=COMRAM,nvbit=COMRAM,rbss=COMRAM,rbit=COMRAM \
  -pfarbss=FARRAM,fardata=FARRAM,nvFARRAM=FARRAM \
  -pintsave_regs=BIGRAM,bigbss=BIGRAM,bigdata=BIGRAM -pbss=RAM \
  -pidata=CODE,irdata=CODE,ibigdata=CODE,ifardata=CODE -prparam=COMRAM \
  C:\Users\CRAIGV~1\AppData\Local\Temp\xcAskh8.o \
  dist/default/debug\DANI-DRIVE.X.debug.o 

Object code version is 3.11

Machine type is 18F27K40



                Name                               Link     Load   Length Selector   Space Scale
C:\Users\CRAIGV~1\AppData\Local\Temp\xcAskh8.o
                idloc                            200000   200000       10        0       5
                config                           300000   300000        C        0       4
                init                                 64       64        4        4       0
                reset_vec                             0        0        6        0       0
dist/default/debug\DANI-DRIVE.X.debug.o
                intcode                               8        8       5C        4       0
                idloc                            200000   200000       10        0       5
                config                           300000   300000        C        0       4
                temp                                 56       56        1        1       1
                smallconst                          F00      F00       FE      780       0
                text20                             1384     1384        2      7FF       0
                text19                             115E     115E       5A      7FF       0
                text18                             120A     120A       34      7FF       0
                text17                             1324     1324       16      7FF       0
                text16                             1382     1382        2      7FF       0
                text15                             11B8     11B8       52      7FF       0
                text14                             123E     123E       30      7FF       0
                text13                             1370     1370        A      7FF       0
                text11                             130C     130C       18      7FF       0
                text10                             137E     137E        4      7FF       0
                text9                              12F4     12F4       18      7FF       0
                text8                              1348     1348        E      7FF       0
                text7                               FFE      FFE       8C      7FF       0
                text6                              12D8     12D8       1C      7FF       0
                text5                              1296     1296       24      7FF       0
                text4                              133A     133A        E      7FF       0
                text3                              126E     126E       28      7FF       0
                text2                              12BA     12BA       1E      7FF       0
                text1                              137A     137A        4      7FF       0
                text0                              1100     1100       5E      7FF       0
                cstackCOMRAM                         4B       4B        B        1       1
                bssBIGRAM                            AD       AD      8AA       AD       1
                dataBANK0                            A0       A0        D       60       1
                bssBANK0                             60       60       40       60       1
                dataCOMRAM                           3E       3E        D        1       1
                bssCOMRAM                             1        1       3D        1       1
                cinit                              108A     108A       76      7FF       0
                idataBANK0                         1363     1363        D      7FF       0
                idataCOMRAM                        1356     1356        D      7FF       0

TOTAL           Name                               Link     Load   Length     Space
        CLASS   CODE           
                intcode                               8        8       5C         0
                init                                 64       64        4         0
                reset_vec                             0        0        6         0
                text20                             1384     1384        2         0
                text19                             115E     115E       5A         0
                text18                             120A     120A       34         0
                text17                             1324     1324       16         0
                text16                             1382     1382        2         0
                text15                             11B8     11B8       52         0
                text14                             123E     123E       30         0
                text13                             1370     1370        A         0
                text11                             130C     130C       18         0
                text10                             137E     137E        4         0
                text9                              12F4     12F4       18         0
                text8                              1348     1348        E         0
                text7                               FFE      FFE       8C         0
                text6                              12D8     12D8       1C         0
                text5                              1296     1296       24         0
                text4                              133A     133A        E         0
                text3                              126E     126E       28         0
                text2                              12BA     12BA       1E         0
                text1                              137A     137A        4         0
                text0                              1100     1100       5E         0
                cinit                              108A     108A       76         0
                idataBANK0                         1363     1363        D         0
                idataCOMRAM                        1356     1356        D         0

        CLASS   CONST          

        CLASS   SMALLCONST     
                smallconst                          F00      F00       FE         0

        CLASS   MEDIUMCONST    

        CLASS   COMRAM         
                temp                                 56       56        1         1
                cstackCOMRAM                         4B       4B        B         1
                dataCOMRAM                           3E       3E        D         1
                bssCOMRAM                             1        1       3D         1

        CLASS   ABS1           

        CLASS   BIGRAM         
                bssBIGRAM                            AD       AD      8AA         1

        CLASS   RAM            

        CLASS   BANK0          
                dataBANK0                            A0       A0        D         1
                bssBANK0                             60       60       40         1

        CLASS   BANK1          

        CLASS   BANK2          

        CLASS   BANK3          

        CLASS   BANK4          

        CLASS   BANK5          

        CLASS   BANK6          

        CLASS   BANK7          

        CLASS   BANK8          

        CLASS   BANK9          

        CLASS   BANK10         

        CLASS   BANK11         

        CLASS   BANK12         

        CLASS   BANK13         

        CLASS   BANK14         

        CLASS   SFR            

        CLASS   BIGSFR         

        CLASS   CONFIG         
                config                           300000   300000        C         4

        CLASS   IDLOC          
                idloc                            200000   200000       10         5

        CLASS   EEDATA         

        CLASS   FARRAM         

        CLASS   HEAP           

        CLASS   STACK          



SEGMENTS        Name                           Load    Length   Top    Selector   Space  Class

                reset_vec                      000000  000006  000006         0       0  CODE    
                bssCOMRAM                      000001  000056  000057         1       1  COMRAM  
                intcode                        000008  000060  000068         4       0  CODE    
                bssBANK0                       000060  00004D  0000AD        60       1  BANK0   
                bssBIGRAM                      0000AD  0008AA  000957        AD       1  BIGRAM  
                smallconst                     000F00  0000FE  000FFE       780       0  SMALLCON
                text7                          000FFE  000388  001386       7FF       0  CODE    


UNUSED ADDRESS RANGES

        Name                Unused          Largest block    Delta
        BANK10           000A00-000AFF              100
        BANK11           000B00-000BFF              100
        BANK12           000C00-000CFF              100
        BANK13           000D00-000DFF              100
        BANK14           000E00-000E87               88
        BANK9            000957-0009FF               A9
        BIGRAM           000057-00005F                9
                         000957-000E87              531
        BIGSFR           000E8D-000FFF              173
        CODE             000006-000007                2
                         000068-000EFF              E98
                         001386-01FFFF            1EC7A
        COMRAM           000057-00005F                9
        CONST            000006-000007                2
                         000068-000EFF              E98
                         001386-01FFFF            1EC7A
        EEDATA           310000-3103FF              400
        MEDIUMCONST      001386-00FFFF             EC7A
                         010F00-01FFFF             F100
        RAM              000957-000E87              100
        SFR              000E8D-000FFF               73
        SMALLCONST       001386-01FFFF              100

                                  Symbol Table

CA2IOC@x                                    cstackCOMRAM 00004B
CA2IOC@x_4258                               cstackCOMRAM 00004D
DRVA_TMR_ms@n                               cstackCOMRAM 00004B
DiskTest@F10576                             dataBANK0    0000A0
FatFsDemo_Tasks@F262                        dataCOMRAM   00003E
IOCCF1_SetInterruptHandler@InterruptHandler cstackCOMRAM 000051
TMR0_SetInterruptHandler@InterruptHandler   cstackCOMRAM 000051
_ANSELA                                     (abs)        000F11
_ANSELB                                     (abs)        000F19
_ANSELC                                     (abs)        000F21
_CA2IOC                                     text19       00115E
_CardType                                   bssCOMRAM    000035
_CurrVol                                    bssCOMRAM    00003B
_DRVA_TMR_ms                                text15       0011B8
_DiskInitialized                            bssCOMRAM    00003D
_DiskWP                                     bssCOMRAM    00003C
_ExCvt                                      smallconst   000F01
_FatFs                                      bssCOMRAM    000033
_Fsid                                       bssCOMRAM    000031
_I2C1_CallbackReturnReset                   (abs)        000000
_I2C1_CallbackReturnStop                    (abs)        000000
_I2C1_DO_ADDRESS_NACK                       (abs)        000000
_I2C1_DO_IDLE                               (abs)        000000
_I2C1_DO_RCEN                               (abs)        000000
_I2C1_DO_RESET                              (abs)        000000
_I2C1_DO_RX                                 (abs)        000000
_I2C1_DO_RX_ACK                             (abs)        000000
_I2C1_DO_RX_NACK_RESTART                    (abs)        000000
_I2C1_DO_RX_NACK_STOP                       (abs)        000000
_I2C1_DO_SEND_ADR_READ                      (abs)        000000
_I2C1_DO_SEND_ADR_WRITE                     (abs)        000000
_I2C1_DO_SEND_RESTART                       (abs)        000000
_I2C1_DO_SEND_RESTART_READ                  (abs)        000000
_I2C1_DO_SEND_RESTART_WRITE                 (abs)        000000
_I2C1_DO_SEND_STOP                          (abs)        000000
_I2C1_DO_TX                                 (abs)        000000
_I2C1_DO_TX_EMPTY                           (abs)        000000
_I2C1_Initialize                            text11       00130C
_I2C1_Status                                bssCOMRAM    000001
_INLVLA                                     (abs)        000F0D
_INLVLB                                     (abs)        000F15
_INLVLC                                     (abs)        000F1D
_INLVLE                                     (abs)        000F2A
_INTCONbits                                 (abs)        000FF2
_INTERRUPT_Initialize                       text10       00137E
_INTERRUPT_InterruptManager                 intcode      000008
_IOCCF1_DefaultInterruptHandler             text20       001384
_IOCCF1_ISR                                 text18       00120A
_IOCCF1_InterruptHandler                    bssCOMRAM    00002E
_IOCCF1_SetInterruptHandler                 text8        001348
_IOCCFbits                                  (abs)        000F1A
_IOCCNbits                                  (abs)        000F1B
_IOCCPbits                                  (abs)        000F1C
_LATA                                       (abs)        000F83
_LATB                                       (abs)        000F84
_LATBbits                                   (abs)        000F84
_LATC                                       (abs)        000F85
_LATCbits                                   (abs)        000F85
_ODCONA                                     (abs)        000F0F
_ODCONB                                     (abs)        000F17
_ODCONC                                     (abs)        000F1F
_OSCCON1                                    (abs)        000ED8
_OSCCON3                                    (abs)        000EDA
_OSCEN                                      (abs)        000EDC
_OSCFRQ                                     (abs)        000EDE
_OSCILLATOR_Initialize                      text9        0012F4
_OSCTUNE                                    (abs)        000EDD
_PIE0bits                                   (abs)        000EC2
_PIE3bits                                   (abs)        000EC5
_PIN_MANAGER_IOC                            text17       001324
_PIN_MANAGER_Initialize                     text7        000FFE
_PIR0bits                                   (abs)        000ECA
_PIR3bits                                   (abs)        000ECD
_PMD0                                       (abs)        000EE1
_PMD1                                       (abs)        000EE2
_PMD2                                       (abs)        000EE3
_PMD3                                       (abs)        000EE4
_PMD4                                       (abs)        000EE5
_PMD5                                       (abs)        000EE6
_PMD_Initialize                             text6        0012D8
_PORTBbits                                  (abs)        000F8E
_RB1PPS                                     (abs)        000EF0
_RB3PPS                                     (abs)        000EF2
_RC3PPS                                     (abs)        000EFA
_RC4PPS                                     (abs)        000EFB
_SLRCONA                                    (abs)        000F0E
_SLRCONB                                    (abs)        000F16
_SLRCONC                                    (abs)        000F1E
_SPI2_Initialize                            text5        001296
_SSP1ADD                                    (abs)        000F93
_SSP1BUF                                    (abs)        000F92
_SSP1CLKPPS                                 (abs)        000EB7
_SSP1CON1                                   (abs)        000F96
_SSP1CON1bits                               (abs)        000F96
_SSP1CON2                                   (abs)        000F97
_SSP1CON2bits                               (abs)        000F97
_SSP1CON3                                   (abs)        000F98
_SSP1DATPPS                                 (abs)        000EB8
_SSP1STAT                                   (abs)        000F95
_SSP1STATbits                               (abs)        000F95
_SSP2ADD                                    (abs)        000E93
_SSP2BUF                                    (abs)        000E92
_SSP2CLKPPS                                 (abs)        000E8F
_SSP2CON1                                   (abs)        000E96
_SSP2CON1bits                               (abs)        000E96
_SSP2CON2                                   (abs)        000E97
_SSP2DATPPS                                 (abs)        000E90
_SSP2STAT                                   (abs)        000E95
_SYSTEM_Initialize                          text2        0012BA
_T0CON0                                     (abs)        000FD5
_T0CON0bits                                 (abs)        000FD5
_T0CON1                                     (abs)        000FD6
_TMR0H                                      (abs)        000FD4
_TMR0L                                      (abs)        000FD3
_TMR0_CallBack                              text14       00123E
_TMR0_DefaultInterruptHandler               text16       001382
_TMR0_ISR                                   text13       001370
_TMR0_Initialize                            text3        00126E
_TMR0_InterruptHandler                      bssCOMRAM    00002B
_TMR0_SetInterruptHandler                   text4        00133A
_TMR0_StartTimer                            text1        00137A
_TRISA                                      (abs)        000F88
_TRISB                                      (abs)        000F89
_TRISBbits                                  (abs)        000F89
_TRISC                                      (abs)        000F8A
_Timer1                                     bssCOMRAM    000039
_Timer2                                     bssCOMRAM    000037
_WPUA                                       (abs)        000F10
_WPUB                                       (abs)        000F18
_WPUC                                       (abs)        000F20
_WPUE                                       (abs)        000F2D
__HRAM                                      (abs)        000000
__Habs1                                     abs1         000000
__Hbank0                                    bank0        000000
__Hbank1                                    bank1        000000
__Hbank10                                   bank10       000000
__Hbank11                                   bank11       000000
__Hbank12                                   bank12       000000
__Hbank13                                   bank13       000000
__Hbank14                                   bank14       000000
__Hbank2                                    bank2        000000
__Hbank3                                    bank3        000000
__Hbank4                                    bank4        000000
__Hbank5                                    bank5        000000
__Hbank6                                    bank6        000000
__Hbank7                                    bank7        000000
__Hbank8                                    bank8        000000
__Hbank9                                    bank9        000000
__Hbigbss                                   bigbss       000000
__Hbigdata                                  bigdata      000000
__Hbigram                                   bigram       000000
__Hbigsfr                                   bigsfr       000000
__Hbss                                      bss          000000
__HbssBANK0                                 bssBANK0     000000
__HbssBIGRAM                                bssBIGRAM    000000
__HbssCOMRAM                                bssCOMRAM    000000
__Hcinit                                    cinit        000000
__Hclrtext                                  clrtext      000000
__Hcomram                                   comram       000000
__Hconfig                                   config       30000C
__Hconst                                    const        000000
__HcstackCOMRAM                             cstackCOMRAM 000000
__Hdata                                     data         000000
__HdataBANK0                                dataBANK0    000000
__HdataCOMRAM                               dataCOMRAM   000000
__Heeprom_data                              eeprom_data  000000
__Hfarbss                                   farbss       000000
__Hfardata                                  fardata      000000
__Hheap                                     heap         000000
__Hibigdata                                 ibigdata     000000
__Hidata                                    idata        000000
__HidataBANK0                               idataBANK0   000000
__HidataCOMRAM                              idataCOMRAM  000000
__Hidloc                                    idloc        200010
__Hifardata                                 ifardata     000000
__Hinit                                     init         000068
__Hintcode                                  intcode      000064
__Hintcode_body                             intcode_body 000000
__Hintcodelo                                intcodelo    000064
__Hintentry                                 intentry     000000
__Hintret                                   intret       000000
__Hintsave_regs                             intsave_regs 000000
__Hirdata                                   irdata       000000
__Hmediumconst                              mediumconst  000000
__HnvFARRAM                                 nvFARRAM     000000
__Hnvbit                                    nvbit        000000
__Hnvrram                                   nvrram       000000
__Hparam                                    rparam       000000
__Hpowerup                                  powerup      000064
__Hram                                      ram          000000
__Hramtop                                   ramtop       000F00
__Hrbit                                     rbit         000000
__Hrbss                                     rbss         000000
__Hrdata                                    rdata        000000
__Hreset_vec                                reset_vec    000006
__Hrparam                                   rparam       000000
__Hsfr                                      sfr          000000
__Hsmallconst                               smallconst   000FFE
__Hspace_0                                  (abs)        001386
__Hspace_1                                  (abs)        000957
__Hspace_2                                  (abs)        000000
__Hspace_4                                  (abs)        60000C
__Hstack                                    stack        000000
__Hstruct                                   struct       000000
__Htemp                                     temp         000057
__Htext                                     text         000000
__Htext0                                    text0        000000
__Htext1                                    text1        000000
__Htext10                                   text10       000000
__Htext11                                   text11       000000
__Htext13                                   text13       000000
__Htext14                                   text14       000000
__Htext15                                   text15       000000
__Htext16                                   text16       000000
__Htext17                                   text17       000000
__Htext18                                   text18       000000
__Htext19                                   text19       000000
__Htext2                                    text2        000000
__Htext20                                   text20       000000
__Htext21                                   text21       000000
__Htext3                                    text3        000000
__Htext4                                    text4        000000
__Htext5                                    text5        000000
__Htext6                                    text6        000000
__Htext7                                    text7        000000
__Htext8                                    text8        000000
__Htext9                                    text9        000000
__LRAM                                      (abs)        000001
__Labs1                                     abs1         000000
__Lbank0                                    bank0        000000
__Lbank1                                    bank1        000000
__Lbank10                                   bank10       000000
__Lbank11                                   bank11       000000
__Lbank12                                   bank12       000000
__Lbank13                                   bank13       000000
__Lbank14                                   bank14       000000
__Lbank2                                    bank2        000000
__Lbank3                                    bank3        000000
__Lbank4                                    bank4        000000
__Lbank5                                    bank5        000000
__Lbank6                                    bank6        000000
__Lbank7                                    bank7        000000
__Lbank8                                    bank8        000000
__Lbank9                                    bank9        000000
__Lbigbss                                   bigbss       000000
__Lbigdata                                  bigdata      000000
__Lbigram                                   bigram       000000
__Lbigsfr                                   bigsfr       000000
__Lbss                                      bss          000000
__LbssBANK0                                 bssBANK0     000000
__LbssBIGRAM                                bssBIGRAM    000000
__LbssCOMRAM                                bssCOMRAM    000000
__Lcinit                                    cinit        000000
__Lclrtext                                  clrtext      000000
__Lcomram                                   comram       000000
__Lconfig                                   config       000000
__Lconst                                    const        000000
__LcstackCOMRAM                             cstackCOMRAM 000000
__Ldata                                     data         000000
__LdataBANK0                                dataBANK0    000000
__LdataCOMRAM                               dataCOMRAM   000000
__Leeprom_data                              eeprom_data  000000
__Lfarbss                                   farbss       000000
__Lfardata                                  fardata      000000
__Lheap                                     heap         000000
__Libigdata                                 ibigdata     000000
__Lidata                                    idata        000000
__LidataBANK0                               idataBANK0   000000
__LidataCOMRAM                              idataCOMRAM  000000
__Lidloc                                    idloc        000000
__Lifardata                                 ifardata     000000
__Linit                                     init         000064
__Lintcode                                  intcode      000008
__Lintcode_body                             intcode_body 000000
__Lintcodelo                                intcodelo    000064
__Lintentry                                 intentry     000000
__Lintret                                   intret       000000
__Lintsave_regs                             intsave_regs 000000
__Lirdata                                   irdata       000000
__Lmediumconst                              mediumconst  000000
__LnvFARRAM                                 nvFARRAM     000000
__Lnvbit                                    nvbit        000000
__Lnvrram                                   nvrram       000000
__Lparam                                    rparam       000000
__Lpowerup                                  powerup      000064
__Lram                                      ram          000000
__Lramtop                                   ramtop       000F00
__Lrbit                                     rbit         000000
__Lrbss                                     rbss         000000
__Lrdata                                    rdata        000000
__Lreset_vec                                reset_vec    000000
__Lrparam                                   rparam       000000
__Lsfr                                      sfr          000000
__Lsmallconst                               smallconst   000F00
__Lspace_0                                  (abs)        000000
__Lspace_1                                  (abs)        000000
__Lspace_2                                  (abs)        000000
__Lspace_4                                  (abs)        000000
__Lstack                                    stack        000000
__Lstruct                                   struct       000000
__Ltemp                                     temp         000056
__Ltext                                     text         000000
__Ltext0                                    text0        000000
__Ltext1                                    text1        000000
__Ltext10                                   text10       000000
__Ltext11                                   text11       000000
__Ltext13                                   text13       000000
__Ltext14                                   text14       000000
__Ltext15                                   text15       000000
__Ltext16                                   text16       000000
__Ltext17                                   text17       000000
__Ltext18                                   text18       000000
__Ltext19                                   text19       000000
__Ltext2                                    text2        000000
__Ltext20                                   text20       000000
__Ltext21                                   text21       000000
__Ltext3                                    text3        000000
__Ltext4                                    text4        000000
__Ltext5                                    text5        000000
__Ltext6                                    text6        000000
__Ltext7                                    text7        000000
__Ltext8                                    text8        000000
__Ltext9                                    text9        000000
__S0                                        (abs)        001386
__S1                                        (abs)        000957
__S4                                        (abs)        000000
__S5                                        (abs)        000000
___heap_hi                                  (abs)        000000
___heap_lo                                  (abs)        000000
___inthi_sp                                 stack        000000
___intlo_sp                                 stack        000000
___param_bank                               (abs)        000000
___rparam_used                              (abs)        000001
___sp                                       stack        000000
__accesstop                                 (abs)        000060
__activetblptr                              (abs)        000003
__end_of_CA2IOC                             text19       0011B8
__end_of_DRVA_TMR_ms                        text15       00120A
__end_of_ExCvt                              smallconst   000F81
__end_of_I2C1_Initialize                    text11       001324
__end_of_INTERRUPT_Initialize               text10       001382
__end_of_INTERRUPT_InterruptManager         intcode      000064
__end_of_IOCCF1_DefaultInterruptHandler     text20       001386
__end_of_IOCCF1_ISR                         text18       00123E
__end_of_IOCCF1_SetInterruptHandler         text8        001356
__end_of_OSCILLATOR_Initialize              text9        00130C
__end_of_PIN_MANAGER_IOC                    text17       00133A
__end_of_PIN_MANAGER_Initialize             text7        00108A
__end_of_PMD_Initialize                     text6        0012F4
__end_of_SPI2_Initialize                    text5        0012BA
__end_of_SYSTEM_Initialize                  text2        0012D8
__end_of_TMR0_CallBack                      text14       00126E
__end_of_TMR0_DefaultInterruptHandler       text16       001384
__end_of_TMR0_ISR                           text13       00137A
__end_of_TMR0_Initialize                    text3        001296
__end_of_TMR0_SetInterruptHandler           text4        001348
__end_of_TMR0_StartTimer                    text1        00137E
__end_of__initialization                    cinit        0010F6
__end_of_i2c1_fsmStateTable                 smallconst   000FB1
__end_of_main                               text0        00115E
__end_of_spi2_configuration                 smallconst   000FB9
__end_off_setlabel@badchr                   smallconst   000FCB
__initialization                            cinit        00108A
__mediumconst                               mediumconst  000000
__pbssBANK0                                 bssBANK0     000060
__pbssBIGRAM                                bssBIGRAM    0000AD
__pbssCOMRAM                                bssCOMRAM    000001
__pcinit                                    cinit        00108A
__pcstackCOMRAM                             cstackCOMRAM 00004B
__pdataBANK0                                dataBANK0    0000A0
__pdataCOMRAM                               dataCOMRAM   00003E
__pidataBANK0                               idataBANK0   001363
__pidataCOMRAM                              idataCOMRAM  001356
__pintcode                                  intcode      000008
__psmallconst                               smallconst   000F00
__ptext0                                    text0        001100
__ptext1                                    text1        00137A
__ptext10                                   text10       00137E
__ptext11                                   text11       00130C
__ptext13                                   text13       001370
__ptext14                                   text14       00123E
__ptext15                                   text15       0011B8
__ptext16                                   text16       001382
__ptext17                                   text17       001324
__ptext18                                   text18       00120A
__ptext19                                   text19       00115E
__ptext2                                    text2        0012BA
__ptext20                                   text20       001384
__ptext21                                   text21       000000
__ptext3                                    text3        00126E
__ptext4                                    text4        00133A
__ptext5                                    text5        001296
__ptext6                                    text6        0012D8
__ptext7                                    text7        000FFE
__ptext8                                    text8        001348
__ptext9                                    text9        0012F4
__ramtop                                    ramtop       000F00
__smallconst                                smallconst   000F00
_dir                                        bssBANK0     000060
_drive                                      bssBIGRAM    0000AD
_drive@fatfs_demo$F2478                     bssBIGRAM    0002E0
_file                                       bssBIGRAM    000513
_file@fatfs_demo$F2498                      bssBIGRAM    000735
_fno                                        bssBANK0     00008A
_i2c1_fsmStateTable                         smallconst   000F81
_main                                       text0        001100
_rd1RegCompleteHandler                      (abs)        000000
_rd2RegCompleteHandler                      (abs)        000000
_rdBlkRegCompleteHandler                    (abs)        000000
_spi2_configuration                         smallconst   000FB1
_wr1RegCompleteHandler                      (abs)        000000
_wr2RegCompleteHandler                      (abs)        000000
btemp                                       temp         000056
end_of_initialization                       cinit        0010F6
f_setlabel@badchr                           smallconst   000FB9
int$flags                                   temp         000056
intlevel0                                   text         000000
intlevel1                                   text         000000
intlevel2                                   text         000000
intlevel3                                   text         000000
isa$std                                     (abs)        000001
isa$xinst                                   (abs)        000000
main@x                                      cstackCOMRAM 000054
stackhi                                     (abs)        000000
stacklo                                     (abs)        000000
start                                       init         000064
start_initialization                        cinit        00108A
ttemp5                                      temp         000057
ttemp6                                      temp         00005A
ttemp7                                      temp         00005E
wtemp8                                      temp         000057


MODULE INFORMATION

Module		Function		Class		Link	Load	Size
mcc_generated_files/fatfs/drva.c
		_DRVA_TMR_ms   		CODE           	11B8	0000	82

mcc_generated_files/fatfs/drva.c estimated size: 82

mcc_generated_files/i2c1_master.c
		_I2C1_Initialize		CODE           	130C	0000	24

mcc_generated_files/i2c1_master.c estimated size: 24

mcc_generated_files/interrupt_manager.c
		_INTERRUPT_Initialize		CODE           	137E	0000	4
		_INTERRUPT_InterruptManager		CODE           	0008	0000	92

mcc_generated_files/interrupt_manager.c estimated size: 96

mcc_generated_files/tmr0.c
		_TMR0_SetInterruptHandler		CODE           	133A	0000	14
		_TMR0_DefaultInterruptHandler		CODE           	1382	0000	2
		_TMR0_CallBack 		CODE           	123E	0000	48
		_TMR0_StartTimer		CODE           	137A	0000	4
		_TMR0_ISR      		CODE           	1370	0000	10
		_TMR0_Initialize		CODE           	126E	0000	40

mcc_generated_files/tmr0.c estimated size: 118

mcc_generated_files/pin_manager.c
		_PIN_MANAGER_Initialize		CODE           	0FFE	0000	140
		_IOCCF1_DefaultInterruptHandler		CODE           	1384	0000	2
		_IOCCF1_ISR    		CODE           	120A	0000	52
		_PIN_MANAGER_IOC		CODE           	1324	0000	22
		_IOCCF1_SetInterruptHandler		CODE           	1348	0000	14

mcc_generated_files/pin_manager.c estimated size: 230

shared
		_ExCvt         		SMALLCONST     	0F01	0000	128
		f_setlabel@badchr		SMALLCONST     	0FB9	0000	18
		__initialization		CODE           	108A	0000	108
		_i2c1_fsmStateTable		SMALLCONST     	0F81	0000	48
		_spi2_configuration		SMALLCONST     	0FB1	0000	8

shared estimated size: 310

mcc_generated_files/mcc.c
		_PMD_Initialize		CODE           	12D8	0000	28
		_OSCILLATOR_Initialize		CODE           	12F4	0000	24
		_SYSTEM_Initialize		CODE           	12BA	0000	30

mcc_generated_files/mcc.c estimated size: 82

mcc_generated_files/spi2.c
		_SPI2_Initialize		CODE           	1296	0000	36

mcc_generated_files/spi2.c estimated size: 36

main.c
		_CA2IOC        		CODE           	115E	0000	90
		_main          		CODE           	1100	0000	94

main.c estimated size: 184

