Microchip MPLAB XC8 Compiler V2.36

Linker command line:

-W-3 --edf=C:\Program Files\Microchip\xc8\v2.36\pic\dat\en_msgs.txt -cn \
  -h+dist/default/debug\DANI-DRIVE.X.debug.sym \
  --cmf=dist/default/debug\DANI-DRIVE.X.debug.cmf -z -Q18F27K40 \
  -oC:\Users\CRAIGV~1\AppData\Local\Temp\xcAsflc.4 --defsym=__MPLAB_BUILD=1 \
  -Mdist/default/debug/DANI-DRIVE.X.debug.map \
  --md=C:\Users\CRAIGV~1\AppData\Local\Temp\xcAsflc.dat -E1 \
  -ver=XC8 Compiler --acfsm=1493 -AHEAP=0DAAh-0E87h -pheap=HEAP \
  -ACODE=00h-01FFFFh -ACONST=00h-01FFFFh -ASMALLCONST=0F00h-0FFFhx497 \
  -AMEDIUMCONST=0F00h-0FFFFh,010F00h-01FFFFh -ACOMRAM=01h-05Fh \
  -AABS1=00h-0E87h -ABIGRAM=01h-0E87h \
  -ARAM=060h-0FFh,0100h-01FFhx13,0E00h-0E87h -ABANK0=060h-0FFh \
  -ABANK1=0100h-01FFh -ABANK2=0200h-02FFh -ABANK3=0300h-03FFh \
  -ABANK4=0400h-04FFh -ABANK5=0500h-05FFh -ABANK6=0600h-06FFh \
  -ABANK7=0700h-07FFh -ABANK8=0800h-08FFh -ABANK9=0900h-09FFh \
  -ABANK10=0A00h-0AFFh -ABANK11=0B00h-0BFFh -ABANK12=0C00h-0CFFh \
  -ABANK13=0D00h-0DFFh -ABANK14=0E00h-0E87h \
  -ASFR=0E8Dh-0EFFh,0F00h-0F5Fh,0F60h-0FFFh -ABIGSFR=0E8Dh-0FFFh \
  -ACONFIG=0300000h-030000Bh -AIDLOC=0200000h-020000Fh \
  -AEEDATA=0310000h-03103FFh -peeprom_data=EEDATA \
  -preset_vec=00h,intcode=08h,intcodelo,powerup,init -pramtop=0F00h \
  -psmallconst=SMALLCONST -pmediumconst=MEDIUMCONST -pconst=CONST \
  -AFARRAM=00h-00h \
  -prdata=COMRAM,nvrram=COMRAM,nvbit=COMRAM,rbss=COMRAM,rbit=COMRAM \
  -pfarbss=FARRAM,fardata=FARRAM,nvFARRAM=FARRAM \
  -pintsave_regs=BIGRAM,bigbss=BIGRAM,bigdata=BIGRAM -pbss=RAM \
  -pidata=CODE,irdata=CODE,ibigdata=CODE,ifardata=CODE -prparam=COMRAM \
  C:\Users\CRAIGV~1\AppData\Local\Temp\xcAsflc.o \
  dist/default/debug\DANI-DRIVE.X.debug.o 

Object code version is 3.11

Machine type is 18F27K40



                Name                               Link     Load   Length Selector   Space Scale
C:\Users\CRAIGV~1\AppData\Local\Temp\xcAsflc.o
                heap                                DAA      DAA       DE      DAA       7
                idloc                            200000   200000       10        0       5
                config                           300000   300000        C        0       4
                init                                 64       64        4        4       0
                reset_vec                             0        0        6        0       0
dist/default/debug\DANI-DRIVE.X.debug.o
                intcode                               8        8       5C        4       0
                idloc                            200000   200000       10        0       5
                config                           300000   300000        C        0       4
                temp                                 5B       5B        1        1       1
                mediumconst                        FEA8     FEA8      158     7F54       0
                text163                           1823C    1823C        2     8000       0
                text162                           1823A    1823A        2     8000       0
                text161                           17A92    17A92       52     8000       0
                text160                           17DBA    17DBA       32     8000       0
                text159                           1818E    1818E        A     8000       0
                text157                           180A2    180A2       18     8000       0
                text156                           18234    18234        4     8000       0
                text155                           1808A    1808A       18     8000       0
                text154                           173C2    173C2       76     8000       0
                text153                           1806E    1806E       1C     8000       0
                text152                           17F98    17F98       24     8000       0
                text151                           1813E    1813E        E     8000       0
                text150                           17F00    17F00       28     8000       0
                text149                           17FFC    17FFC       1E     8000       0
                text148                           18230    18230        4     8000       0
                text147                           16BC0    16BC0       A4     8000       0
                text146                           177B4    177B4       6A     8000       0
                text145                           17CE6    17CE6       38     8000       0
                text144                           16E44    16E44       88     8000       0
                text143                           1820A    1820A        6     8000       0
                text142                           18052    18052       1C     8000       0
                text141                           17C00    17C00       3C     8000       0
                text140                           172D2    172D2       7A     8000       0
                text139                           18184    18184        A     8000       0
                text138                           17AE4    17AE4       50     8000       0
                text137                           17CAE    17CAE       38     8000       0
                text136                           1781E    1781E       68     8000       0
                text135                           15E8E    15E8E       F2     8000       0
                text134                           1592C    1592C      138     8000       0
                text133                           17520    17520       74     8000       0
                text132                           17C3C    17C3C       3A     8000       0
                text131                           17058    17058       84     8000       0
                text130                           14E56    14E56      16C     8000       0
                text129                           174AC    174AC       74     8000       0
                text128                           146B8    146B8      19C     8000       0
                text127                           166E4    166E4       C4     8000       0
                text126                           153F0    153F0      158     8000       0
                text125                           180F8    180F8       14     8000       0
                text124                           18204    18204        6     8000       0
                text123                           169C0    169C0       AE     8000       0
                text122                           1333C    1333C      28E     8000       0
                text121                           1799A    1799A       54     8000       0
                text120                           181FE    181FE        6     8000       0
                text119                           17256    17256       7C     8000       0
                text118                           15548    15548      154     8000       0
                text117                           167A8    167A8       B8     8000       0
                text116                           10000    10000      C84     8000       0
                text115                           11BD6    11BD6      432     8000       0
                text114                           12FC0    12FC0      37C     8000       0
                text113                           176DE    176DE       6C     8000       0
                text112                           17ED8    17ED8       28     8000       0
                text111                           11234    11234      536     8000       0
                text110                           10C84    10C84      5B0     8000       0
                text109                           162FC    162FC       CC     8000       0
                text108                           17D88    17D88       32     8000       0
                text107                           157E4    157E4      148     8000       0
                text106                           12008    12008      42A     8000       0
                text105                           14374    14374      1A4     8000       0
                text104                           12C26    12C26      39A     8000       0
                text103                           13ACE    13ACE      262     8000       0
                text102                           16154    16154       D8     8000       0
                text101                           1774A    1774A       6A     8000       0
                text100                           1817A    1817A        A     8000       0
                text99                            18170    18170        A     8000       0
                text98                            1176A    1176A      46C     8000       0
                text97                            149DA    149DA      184     8000       0
                text96                            170DC    170DC       80     8000       0
                text95                            135CA    135CA      28A     8000       0
                text94                            14B5E    14B5E      182     8000       0
                text93                            1417A    1417A      1FA     8000       0
                text92                            15C9A    15C9A       FE     8000       0
                text91                            16070    16070       E4     8000       0
                text90                            14CE0    14CE0      176     8000       0
                text89                            15B80    15B80      11A     8000       0
                text88                            17F4E    17F4E       26     8000       0
                text87                            17F28    17F28       26     8000       0
                text86                            17C76    17C76       38     8000       0
                text85                            17A40    17A40       52     8000       0
                text84                            14FC2    14FC2      16A     8000       0
                text83                            18238    18238        2     8000       0
                text82                            163C8    163C8       CA     8000       0
                text81                            17D1E    17D1E       36     8000       0
                text80                            14854    14854      186     8000       0
                text79                            15D98    15D98       F6     8000       0
                text78                            15F80    15F80       F0     8000       0
                text77                            1622C    1622C       D0     8000       0
                text76                            17BBC    17BBC       44     8000       0
                text75                            1655A    1655A       C6     8000       0
                text74                            13F76    13F76      204     8000       0
                text73                            12432    12432      418     8000       0
                text72                            17886    17886       66     8000       0
                text71                            179EE    179EE       52     8000       0
                text70                            1284A    1284A      3DC     8000       0
                text69                            17D54    17D54       34     8000       0
                text68                            181F8    181F8        6     8000       0
                text67                            1822C    1822C        4     8000       0
                text66                            181F2    181F2        6     8000       0
                text65                            17EAC    17EAC       2C     8000       0
                text64                            18228    18228        4     8000       0
                text63                            18224    18224        4     8000       0
                text62                            18220    18220        4     8000       0
                text61                            17F74    17F74       24     8000       0
                text60                            16FD4    16FD4       84     8000       0
                text59                            18036    18036       1C     8000       0
                text58                            17E7C    17E7C       30     8000       0
                text57                            17E4C    17E4C       30     8000       0
                text56                            17E1C    17E1C       30     8000       0
                text55                            17DEC    17DEC       30     8000       0
                text54                            17B78    17B78       44     8000       0
                text53                            1821C    1821C        4     8000       0
                text52                            18218    18218        4     8000       0
                text51                            18214    18214        4     8000       0
                text50                            181EC    181EC        6     8000       0
                text49                            18210    18210        4     8000       0
                text48                            181E6    181E6        6     8000       0
                text47                            181D8    181D8        8     8000       0
                text46                            180E4    180E4       14     8000       0
                text45                            181E0    181E0        6     8000       0
                text44                            1715C    1715C       7E     8000       0
                text43                            18164    18164        C     8000       0
                text42                            1812E    1812E       10     8000       0
                text41                            1811E    1811E       10     8000       0
                text40                            16492    16492       C8     8000       0
                text39                            16B18    16B18       A8     8000       0
                text38                            18158    18158        C     8000       0
                text37                            181D0    181D0        8     8000       0
                text36                            181C8    181C8        8     8000       0
                text35                            181C0    181C0        8     8000       0
                text34                            181B8    181B8        8     8000       0
                text33                            181B0    181B0        8     8000       0
                text32                            181A8    181A8        8     8000       0
                text31                            181A0    181A0        8     8000       0
                text30                            1814C    1814C        C     8000       0
                text29                            17672    17672       6C     8000       0
                text28                            17606    17606       6C     8000       0
                text27                            1810C    1810C       12     8000       0
                text26                            17FDE    17FDE       1E     8000       0
                text25                            17B34    17B34       44     8000       0
                text24                            18198    18198        8     8000       0
                text23                            17FBC    17FBC       22     8000       0
                text22                            16C64    16C64       A2     8000       0
                text21                            1801A    1801A       1C     8000       0
                text20                            171DA    171DA       7C     8000       0
                text19                            14518    14518      1A0     8000       0
                text18                            16620    16620       C4     8000       0
                text17                            16910    16910       B0     8000       0
                text16                            16F50    16F50       84     8000       0
                text15                            13D30    13D30      246     8000       0
                text14                            16ECC    16ECC       84     8000       0
                text13                            16DA6    16DA6       9E     8000       0
                text12                            1734C    1734C       76     8000       0
                text11                            17438    17438       74     8000       0
                text10                            15292    15292      15E     8000       0
                text9                             1512C    1512C      166     8000       0
                text8                             16D06    16D06       A0     8000       0
                text7                             180BA    180BA       16     8000       0
                text6                             16860    16860       B0     8000       0
                text5                             13854    13854      27A     8000       0
                text4                             1569C    1569C      148     8000       0
                text3                             15A64    15A64      11C     8000       0
                text2                             178EC    178EC       58     8000       0
                text1                             16A6E    16A6E       AA     8000       0
                text0                             17944    17944       56     8000       0
                cstackCOMRAM                          1        1       56        1       1
                cstackBANK0                          60       60       A0       60       1
                cstackBANK1                         100      100      100      100       1
                cstackBANK2                         2B3      2B3       38      200       1
                bssBIGRAM                           500      500      8AA      500       1
                bssBANK4                            400      400      100      400       1
                bssBANK3                            300      300       42      300       1
                dataBANK2                           2EB      2EB       14      200       1
                bssBANK2                            200      200       B3      200       1
                bssCOMRAM                            57       57        4        1       1
                cinit                             17594    17594       72     8000       0
                idataBANK2                        180D0    180D0       14     8000       0

TOTAL           Name                               Link     Load   Length     Space
        CLASS   HEAP           
                heap                                DAA      DAA       DE         7

        CLASS   CODE           
                intcode                               8        8       5C         0
                init                                 64       64        4         0
                reset_vec                             0        0        6         0
                text163                           1823C    1823C        2         0
                text162                           1823A    1823A        2         0
                text161                           17A92    17A92       52         0
                text160                           17DBA    17DBA       32         0
                text159                           1818E    1818E        A         0
                text157                           180A2    180A2       18         0
                text156                           18234    18234        4         0
                text155                           1808A    1808A       18         0
                text154                           173C2    173C2       76         0
                text153                           1806E    1806E       1C         0
                text152                           17F98    17F98       24         0
                text151                           1813E    1813E        E         0
                text150                           17F00    17F00       28         0
                text149                           17FFC    17FFC       1E         0
                text148                           18230    18230        4         0
                text147                           16BC0    16BC0       A4         0
                text146                           177B4    177B4       6A         0
                text145                           17CE6    17CE6       38         0
                text144                           16E44    16E44       88         0
                text143                           1820A    1820A        6         0
                text142                           18052    18052       1C         0
                text141                           17C00    17C00       3C         0
                text140                           172D2    172D2       7A         0
                text139                           18184    18184        A         0
                text138                           17AE4    17AE4       50         0
                text137                           17CAE    17CAE       38         0
                text136                           1781E    1781E       68         0
                text135                           15E8E    15E8E       F2         0
                text134                           1592C    1592C      138         0
                text133                           17520    17520       74         0
                text132                           17C3C    17C3C       3A         0
                text131                           17058    17058       84         0
                text130                           14E56    14E56      16C         0
                text129                           174AC    174AC       74         0
                text128                           146B8    146B8      19C         0
                text127                           166E4    166E4       C4         0
                text126                           153F0    153F0      158         0
                text125                           180F8    180F8       14         0
                text124                           18204    18204        6         0
                text123                           169C0    169C0       AE         0
                text122                           1333C    1333C      28E         0
                text121                           1799A    1799A       54         0
                text120                           181FE    181FE        6         0
                text119                           17256    17256       7C         0
                text118                           15548    15548      154         0
                text117                           167A8    167A8       B8         0
                text116                           10000    10000      C84         0
                text115                           11BD6    11BD6      432         0
                text114                           12FC0    12FC0      37C         0
                text113                           176DE    176DE       6C         0
                text112                           17ED8    17ED8       28         0
                text111                           11234    11234      536         0
                text110                           10C84    10C84      5B0         0
                text109                           162FC    162FC       CC         0
                text108                           17D88    17D88       32         0
                text107                           157E4    157E4      148         0
                text106                           12008    12008      42A         0
                text105                           14374    14374      1A4         0
                text104                           12C26    12C26      39A         0
                text103                           13ACE    13ACE      262         0
                text102                           16154    16154       D8         0
                text101                           1774A    1774A       6A         0
                text100                           1817A    1817A        A         0
                text99                            18170    18170        A         0
                text98                            1176A    1176A      46C         0
                text97                            149DA    149DA      184         0
                text96                            170DC    170DC       80         0
                text95                            135CA    135CA      28A         0
                text94                            14B5E    14B5E      182         0
                text93                            1417A    1417A      1FA         0
                text92                            15C9A    15C9A       FE         0
                text91                            16070    16070       E4         0
                text90                            14CE0    14CE0      176         0
                text89                            15B80    15B80      11A         0
                text88                            17F4E    17F4E       26         0
                text87                            17F28    17F28       26         0
                text86                            17C76    17C76       38         0
                text85                            17A40    17A40       52         0
                text84                            14FC2    14FC2      16A         0
                text83                            18238    18238        2         0
                text82                            163C8    163C8       CA         0
                text81                            17D1E    17D1E       36         0
                text80                            14854    14854      186         0
                text79                            15D98    15D98       F6         0
                text78                            15F80    15F80       F0         0
                text77                            1622C    1622C       D0         0
                text76                            17BBC    17BBC       44         0
                text75                            1655A    1655A       C6         0
                text74                            13F76    13F76      204         0
                text73                            12432    12432      418         0
                text72                            17886    17886       66         0
                text71                            179EE    179EE       52         0
                text70                            1284A    1284A      3DC         0
                text69                            17D54    17D54       34         0
                text68                            181F8    181F8        6         0
                text67                            1822C    1822C        4         0
                text66                            181F2    181F2        6         0
                text65                            17EAC    17EAC       2C         0
                text64                            18228    18228        4         0
                text63                            18224    18224        4         0
                text62                            18220    18220        4         0
                text61                            17F74    17F74       24         0
                text60                            16FD4    16FD4       84         0
                text59                            18036    18036       1C         0
                text58                            17E7C    17E7C       30         0
                text57                            17E4C    17E4C       30         0
                text56                            17E1C    17E1C       30         0
                text55                            17DEC    17DEC       30         0
                text54                            17B78    17B78       44         0
                text53                            1821C    1821C        4         0
                text52                            18218    18218        4         0
                text51                            18214    18214        4         0
                text50                            181EC    181EC        6         0
                text49                            18210    18210        4         0
                text48                            181E6    181E6        6         0
                text47                            181D8    181D8        8         0
                text46                            180E4    180E4       14         0
                text45                            181E0    181E0        6         0
                text44                            1715C    1715C       7E         0
                text43                            18164    18164        C         0
                text42                            1812E    1812E       10         0
                text41                            1811E    1811E       10         0
                text40                            16492    16492       C8         0
                text39                            16B18    16B18       A8         0
                text38                            18158    18158        C         0
                text37                            181D0    181D0        8         0
                text36                            181C8    181C8        8         0
                text35                            181C0    181C0        8         0
                text34                            181B8    181B8        8         0
                text33                            181B0    181B0        8         0
                text32                            181A8    181A8        8         0
                text31                            181A0    181A0        8         0
                text30                            1814C    1814C        C         0
                text29                            17672    17672       6C         0
                text28                            17606    17606       6C         0
                text27                            1810C    1810C       12         0
                text26                            17FDE    17FDE       1E         0
                text25                            17B34    17B34       44         0
                text24                            18198    18198        8         0
                text23                            17FBC    17FBC       22         0
                text22                            16C64    16C64       A2         0
                text21                            1801A    1801A       1C         0
                text20                            171DA    171DA       7C         0
                text19                            14518    14518      1A0         0
                text18                            16620    16620       C4         0
                text17                            16910    16910       B0         0
                text16                            16F50    16F50       84         0
                text15                            13D30    13D30      246         0
                text14                            16ECC    16ECC       84         0
                text13                            16DA6    16DA6       9E         0
                text12                            1734C    1734C       76         0
                text11                            17438    17438       74         0
                text10                            15292    15292      15E         0
                text9                             1512C    1512C      166         0
                text8                             16D06    16D06       A0         0
                text7                             180BA    180BA       16         0
                text6                             16860    16860       B0         0
                text5                             13854    13854      27A         0
                text4                             1569C    1569C      148         0
                text3                             15A64    15A64      11C         0
                text2                             178EC    178EC       58         0
                text1                             16A6E    16A6E       AA         0
                text0                             17944    17944       56         0
                cinit                             17594    17594       72         0
                idataBANK2                        180D0    180D0       14         0

        CLASS   CONST          

        CLASS   SMALLCONST     

        CLASS   MEDIUMCONST    
                mediumconst                        FEA8     FEA8      158         0

        CLASS   COMRAM         
                temp                                 5B       5B        1         1
                cstackCOMRAM                          1        1       56         1
                bssCOMRAM                            57       57        4         1

        CLASS   ABS1           

        CLASS   BIGRAM         
                bssBIGRAM                           500      500      8AA         1

        CLASS   RAM            

        CLASS   BANK0          
                cstackBANK0                          60       60       A0         1

        CLASS   BANK1          
                cstackBANK1                         100      100      100         1

        CLASS   BANK2          
                cstackBANK2                         2B3      2B3       38         1
                dataBANK2                           2EB      2EB       14         1
                bssBANK2                            200      200       B3         1

        CLASS   BANK3          
                bssBANK3                            300      300       42         1

        CLASS   BANK4          
                bssBANK4                            400      400      100         1

        CLASS   BANK5          

        CLASS   BANK6          

        CLASS   BANK7          

        CLASS   BANK8          

        CLASS   BANK9          

        CLASS   BANK10         

        CLASS   BANK11         

        CLASS   BANK12         

        CLASS   BANK13         

        CLASS   BANK14         

        CLASS   SFR            

        CLASS   BIGSFR         

        CLASS   CONFIG         
                config                           300000   300000        C         4

        CLASS   IDLOC          
                idloc                            200000   200000       10         5

        CLASS   EEDATA         

        CLASS   FARRAM         

        CLASS   STACK          



SEGMENTS        Name                           Load    Length   Top    Selector   Space  Class

                reset_vec                      000000  000006  000006         0       0  CODE    
                cstackCOMRAM                   000001  00005B  00005C         1       1  COMRAM  
                intcode                        000008  000060  000068         4       0  CODE    
                cstackBANK0                    000060  0000A0  000100        60       1  BANK0   
                cstackBANK1                    000100  000100  000200       100       1  BANK1   
                bssBANK2                       000200  0000FF  0002FF       200       1  BANK2   
                bssBANK3                       000300  000042  000342       300       1  BANK3   
                bssBANK4                       000400  000100  000500       400       1  BANK4   
                bssBIGRAM                      000500  0008AA  000DAA       500       1  BIGRAM  
                heap                           000DAA  0000DE  000E88       DAA       7  HEAP    
                mediumconst                    00FEA8  000158  010000      7F54       0  MEDIUMCO
                text116                        010000  00823E  01823E      8000       0  CODE    


UNUSED ADDRESS RANGES

        Name                Unused          Largest block    Delta
        BANK13           000DAA-000DFF               56
        BANK14           000E00-000E87               88
        BANK2            0002FF-0002FF                1
        BANK3            000342-0003FF               BE
        BIGRAM           00005C-00005F                4
                         0002FF-0002FF                1
                         000342-0003FF               BE
                         000DAA-000E87               DE
        BIGSFR           000E8D-000FFF              173
        CODE             000006-000007                2
                         000068-00FEA7             FE40
                         01823E-01FFFF             7DC2
        COMRAM           00005C-00005F                4
        CONST            000006-000007                2
                         000068-00FEA7             FE40
                         01823E-01FFFF             7DC2
        EEDATA           310000-3103FF              400
        MEDIUMCONST      000F00-00FEA7             EFA8
                         01823E-01FFFF             7DC2
        RAM              0002FF-0002FF                1
                         000342-0003FF               BE
                         000DAA-000E87               56
        SFR              000E8D-000FFF               73
        SMALLCONST       000F00-00FEA7              100
                         01823E-01FFFF              100

                                  Symbol Table

?_ReadClock                               cstackCOMRAM 000019
?___awdiv                                 cstackCOMRAM 000005
?___awmod                                 cstackCOMRAM 000005
?___expand_heap                           cstackCOMRAM 000005
?___lldiv                                 cstackCOMRAM 000005
?___lmul                                  cstackCOMRAM 000005
?___lodiv                                 cstackCOMRAM 000005
?___lomod                                 cstackCOMRAM 000005
?___lwdiv                                 cstackCOMRAM 000005
?___simple_search_fl                      cstackCOMRAM 000005
?___wmul                                  cstackCOMRAM 000005
?_asctime                                 cstackCOMRAM 000012
?_atoi                                    cstackCOMRAM 00000C
?_chk_chr                                 cstackCOMRAM 000005
?_clst2sect                               cstackCOMRAM 000011
?_create_chain                            cstackBANK0  000077
?_dbc_1st                                 cstackCOMRAM 000005
?_dbc_2nd                                 cstackCOMRAM 000005
?_get_fat                                 cstackCOMRAM 00004C
?_get_ldnumber                            cstackCOMRAM 000005
?_isdigit                                 cstackCOMRAM 000005
?_isspace                                 cstackCOMRAM 000005
?_ld_clust                                cstackCOMRAM 00000C
?_ld_dword                                cstackCOMRAM 000005
?_ld_word                                 cstackCOMRAM 000005
?_malloc                                  cstackCOMRAM 000019
?_mem_cmp                                 cstackCOMRAM 000005
?_pad                                     cstackCOMRAM 000015
?_rcvr_datablock                          cstackCOMRAM 00000C
?_select                                  cstackCOMRAM 000009
?_sprintf                                 cstackBANK0  000072
?_stoa                                    cstackCOMRAM 00000E
?_strlen                                  cstackCOMRAM 000005
?_strncmp                                 cstackCOMRAM 000005
?_utoa                                    cstackCOMRAM 000020
?_vfpfcnvrt                               cstackCOMRAM 000040
?_vfprintf                                cstackBANK0  00006C
?_wait_ready                              cstackCOMRAM 000006
?_xmit_datablock                          cstackCOMRAM 00000C
DRVA_MediaInitialize@cmd                  cstackCOMRAM 00001B
DRVA_MediaInitialize@n                    cstackCOMRAM 00001D
DRVA_MediaInitialize@ocr                  cstackCOMRAM 000015
DRVA_MediaInitialize@ty                   cstackCOMRAM 00001C
DRVA_SectorRead@buffer                    cstackCOMRAM 000018
DRVA_SectorRead@sect                      cstackCOMRAM 00001C
DRVA_SectorRead@sector_address            cstackCOMRAM 000014
DRVA_SectorRead@sector_count              cstackCOMRAM 00001A
DRVA_SectorWrite@buffer                   cstackCOMRAM 000018
DRVA_SectorWrite@sect                     cstackCOMRAM 00001E
DRVA_SectorWrite@sector_address           cstackCOMRAM 000014
DRVA_SectorWrite@sector_count             cstackCOMRAM 00001A
DRVA_TMR_ms@n                             cstackCOMRAM 000001
FatFsDemo_Tasks@F262                      dataBANK2    0002EB
I2C1_CallbackReturnReset@funPtr           cstackCOMRAM 000010
I2C1_Close@returnValue                    cstackCOMRAM 000005
I2C1_MasterOperation@read                 cstackCOMRAM 000014
I2C1_MasterOperation@returnValue          cstackCOMRAM 000015
I2C1_MasterSendTxData@data                cstackCOMRAM 000005
I2C1_Open@address                         cstackCOMRAM 000005
I2C1_Open@returnValue                     cstackCOMRAM 000006
I2C1_Read1ByteRegister@address            cstackCOMRAM 000017
I2C1_Read1ByteRegister@reg                cstackCOMRAM 000016
I2C1_Read1ByteRegister@returnValue        cstackCOMRAM 000018
I2C1_SetAddressNackCallback@cb            cstackCOMRAM 00000B
I2C1_SetAddressNackCallback@ptr           cstackCOMRAM 00000E
I2C1_SetBuffer@buffer                     cstackCOMRAM 000005
I2C1_SetBuffer@bufferSize                 cstackCOMRAM 000007
I2C1_SetCallback@cb                       cstackCOMRAM 000005
I2C1_SetCallback@idx                      cstackCOMRAM 00000A
I2C1_SetCallback@ptr                      cstackCOMRAM 000008
I2C1_SetDataCompleteCallback@cb           cstackCOMRAM 00000B
I2C1_SetDataCompleteCallback@ptr          cstackCOMRAM 00000E
I2C1_Write1ByteRegister@address           cstackCOMRAM 000018
I2C1_Write1ByteRegister@data              cstackCOMRAM 000017
I2C1_Write1ByteRegister@reg               cstackCOMRAM 000016
ReadClock@day                             cstackCOMRAM 000039
ReadClock@hour                            cstackCOMRAM 000038
ReadClock@min                             cstackCOMRAM 000037
ReadClock@month                           cstackCOMRAM 00003A
ReadClock@sec                             cstackCOMRAM 000036
ReadClock@t                               cstackCOMRAM 00003C
ReadClock@weekday                         cstackCOMRAM 000035
ReadClock@year                            cstackCOMRAM 00003B
SPI2_ExchangeByte@data                    cstackCOMRAM 000005
SPI2_Open@spi2UniqueConfiguration         cstackCOMRAM 000006
SPI2_ReadBlock@block                      cstackCOMRAM 000006
SPI2_ReadBlock@blockSize                  cstackCOMRAM 000008
SPI2_ReadBlock@data                       cstackCOMRAM 00000A
SPI2_WriteBlock@block                     cstackCOMRAM 000006
SPI2_WriteBlock@blockSize                 cstackCOMRAM 000008
SPI2_WriteBlock@data                      cstackCOMRAM 00000A
SetClock@dayOMOPlace                      cstackCOMRAM 000024
SetClock@dayOMTPlace                      cstackCOMRAM 000030
SetClock@dayOfMonth                       cstackCOMRAM 00001C
SetClock@dayOfMonthToWrite                cstackCOMRAM 00002A
SetClock@dayOfWeek                        cstackCOMRAM 00001D
SetClock@hour                             cstackCOMRAM 00001E
SetClock@hourOPlace                       cstackCOMRAM 000023
SetClock@hourTPlace                       cstackCOMRAM 00002F
SetClock@hourToWrite                      cstackCOMRAM 000029
SetClock@minOPlace                        cstackCOMRAM 000022
SetClock@minTPlace                        cstackCOMRAM 00002E
SetClock@minToWrite                       cstackCOMRAM 000028
SetClock@minute                           cstackCOMRAM 00001F
SetClock@month                            cstackCOMRAM 00001B
SetClock@monthOPlace                      cstackCOMRAM 000025
SetClock@monthTPlace                      cstackCOMRAM 000031
SetClock@monthToWrite                     cstackCOMRAM 00002B
SetClock@secOPlace                        cstackCOMRAM 000021
SetClock@secTPlace                        cstackCOMRAM 00002D
SetClock@secToWrite                       cstackCOMRAM 000027
SetClock@second                           cstackCOMRAM 000020
SetClock@year                             cstackCOMRAM 000019
SetClock@yearOPlace                       cstackCOMRAM 000026
SetClock@yearTPlace                       cstackCOMRAM 000032
SetClock@yearToWrite                      cstackCOMRAM 00002C
TMR0_SetInterruptHandler@InterruptHandler cstackCOMRAM 000005
_ANSELA                                   (abs)        000F11
_ANSELB                                   (abs)        000F19
_ANSELC                                   (abs)        000F21
_CardType                                 bssBANK2     00024F
_CurrVol                                  bssBANK2     000253
_DRVA_IsMediaInitialized                  text143      01820A
_DRVA_IsMediaPresent                      text125      0180F8
_DRVA_IsWriteProtected                    text120      0181FE
_DRVA_MediaInitialize                     text122      01333C
_DRVA_MediaInitialize$307                 cstackCOMRAM 000019
_DRVA_SectorRead                          text134      01592C
_DRVA_SectorWrite                         text130      014E56
_DRVA_TMR_ms                              text161      017A92
_DiskInitialized                          bssBANK2     000255
_DiskWP                                   bssBANK2     000254
_ExCvt                                    mediumconst  00FEA9
_FatFs                                    bssBANK2     00024D
_Fsid                                     bssBANK2     00024B
_I2C1_CallbackReturnReset                 text52       018218
_I2C1_CallbackReturnStop                  text53       01821C
_I2C1_Close                               text65       017EAC
_I2C1_DO_ADDRESS_NACK                     text29       017672
_I2C1_DO_IDLE                             text43       018164
_I2C1_DO_RCEN                             text38       018158
_I2C1_DO_RESET                            text30       01814C
_I2C1_DO_RX                               text39       016B18
_I2C1_DO_RX_ACK                           text33       0181B0
_I2C1_DO_RX_NACK_RESTART                  text31       0181A0
_I2C1_DO_RX_NACK_STOP                     text32       0181A8
_I2C1_DO_SEND_ADR_READ                    text42       01812E
_I2C1_DO_SEND_ADR_WRITE                   text41       01811E
_I2C1_DO_SEND_RESTART                     text35       0181C0
_I2C1_DO_SEND_RESTART_READ                text37       0181D0
_I2C1_DO_SEND_RESTART_WRITE               text36       0181C8
_I2C1_DO_SEND_STOP                        text34       0181B8
_I2C1_DO_TX                               text40       016492
_I2C1_DO_TX_EMPTY                         text44       01715C
_I2C1_Initialize                          text157      0180A2
_I2C1_MasterClearIrq                      text68       0181F8
_I2C1_MasterClose                         text67       01822C
_I2C1_MasterDisableIrq                    text66       0181F2
_I2C1_MasterEnableRestart                 text63       018224
_I2C1_MasterFsm                           text28       017606
_I2C1_MasterGetRxData                     text49       018210
_I2C1_MasterIsNack                        text46       0180E4
_I2C1_MasterOpen                          text23       017FBC
_I2C1_MasterOperation                     text25       017B34
_I2C1_MasterSendAck                       text48       0181E6
_I2C1_MasterSendNack                      text50       0181EC
_I2C1_MasterSendTxData                    text47       0181D8
_I2C1_MasterSetIrq                        text45       0181E0
_I2C1_MasterStart                         text64       018228
_I2C1_MasterStartRx                       text51       018214
_I2C1_MasterStop                          text62       018220
_I2C1_MasterWaitForEvent                  text27       01810C
_I2C1_MasterWrite                         text24       018198
_I2C1_Open                                text22       016C64
_I2C1_Poller                              text26       017FDE
_I2C1_Read1ByteRegister                   text20       0171DA
_I2C1_SetAddressNackCallback              text21       01801A
_I2C1_SetBuffer                           text61       017F74
_I2C1_SetCallback                         text60       016FD4
_I2C1_SetDataCompleteCallback             text59       018036
_I2C1_Status                              bssBANK2     000200
_I2C1_Write1ByteRegister                  text12       01734C
_INLVLA                                   (abs)        000F0D
_INLVLB                                   (abs)        000F15
_INLVLC                                   (abs)        000F1D
_INLVLE                                   (abs)        000F2A
_INTCONbits                               (abs)        000FF2
_INTERRUPT_Initialize                     text156      018234
_INTERRUPT_InterruptManager               intcode      000008
_LATA                                     (abs)        000F83
_LATB                                     (abs)        000F84
_LATBbits                                 (abs)        000F84
_LATC                                     (abs)        000F85
_LATCbits                                 (abs)        000F85
_ODCONA                                   (abs)        000F0F
_ODCONB                                   (abs)        000F17
_ODCONC                                   (abs)        000F1F
_OSCCON1                                  (abs)        000ED8
_OSCCON3                                  (abs)        000EDA
_OSCEN                                    (abs)        000EDC
_OSCFRQ                                   (abs)        000EDE
_OSCILLATOR_Initialize                    text155      01808A
_OSCTUNE                                  (abs)        000EDD
_PIE0bits                                 (abs)        000EC2
_PIE3bits                                 (abs)        000EC5
_PIN_MANAGER_IOC                          text163      01823C
_PIN_MANAGER_Initialize                   text154      0173C2
_PIR0bits                                 (abs)        000ECA
_PIR3bits                                 (abs)        000ECD
_PMD0                                     (abs)        000EE1
_PMD1                                     (abs)        000EE2
_PMD2                                     (abs)        000EE3
_PMD3                                     (abs)        000EE4
_PMD4                                     (abs)        000EE5
_PMD5                                     (abs)        000EE6
_PMD_Initialize                           text153      01806E
_PORTA                                    (abs)        000F8D
_PORTBbits                                (abs)        000F8E
_PORTCbits                                (abs)        000F8F
_RB1PPS                                   (abs)        000EF0
_RB3PPS                                   (abs)        000EF2
_RC3PPS                                   (abs)        000EFA
_RC4PPS                                   (abs)        000EFB
_ReadClock                                text19       014518
_SLRCONA                                  (abs)        000F0E
_SLRCONB                                  (abs)        000F16
_SLRCONC                                  (abs)        000F1E
_SPI2_Close                               text124      018204
_SPI2_ExchangeByte                        text142      018052
_SPI2_Initialize                          text152      017F98
_SPI2_Open                                text123      0169C0
_SPI2_ReadBlock                           text141      017C00
_SPI2_WriteBlock                          text132      017C3C
_SSP1ADD                                  (abs)        000F93
_SSP1BUF                                  (abs)        000F92
_SSP1CLKPPS                               (abs)        000EB7
_SSP1CON1                                 (abs)        000F96
_SSP1CON1bits                             (abs)        000F96
_SSP1CON2                                 (abs)        000F97
_SSP1CON2bits                             (abs)        000F97
_SSP1CON3                                 (abs)        000F98
_SSP1DATPPS                               (abs)        000EB8
_SSP1STAT                                 (abs)        000F95
_SSP1STATbits                             (abs)        000F95
_SSP2ADD                                  (abs)        000E93
_SSP2BUF                                  (abs)        000E92
_SSP2CLKPPS                               (abs)        000E8F
_SSP2CON1                                 (abs)        000E96
_SSP2CON1bits                             (abs)        000E96
_SSP2CON2                                 (abs)        000E97
_SSP2DATPPS                               (abs)        000E90
_SSP2STAT                                 (abs)        000E95
_SYSTEM_Initialize                        text149      017FFC
_SetClock                                 text10       015292
_T0CON0                                   (abs)        000FD5
_T0CON0bits                               (abs)        000FD5
_T0CON1                                   (abs)        000FD6
_TMR0H                                    (abs)        000FD4
_TMR0L                                    (abs)        000FD3
_TMR0_CallBack                            text160      017DBA
_TMR0_DefaultInterruptHandler             text162      01823A
_TMR0_ISR                                 text159      01818E
_TMR0_Initialize                          text150      017F00
_TMR0_InterruptHandler                    bssBANK2     000236
_TMR0_SetInterruptHandler                 text151      01813E
_TMR0_StartTimer                          text148      018230
_TRISA                                    (abs)        000F88
_TRISB                                    (abs)        000F89
_TRISBbits                                (abs)        000F89
_TRISC                                    (abs)        000F8A
_Timer1                                   bssCOMRAM    000059
_Timer2                                   bssBANK2     000251
_WPUA                                     (abs)        000F10
_WPUB                                     (abs)        000F18
_WPUC                                     (abs)        000F20
_WPUE                                     (abs)        000F2D
__HRAM                                    (abs)        000000
__Habs1                                   abs1         000000
__Hbank0                                  bank0        000000
__Hbank1                                  bank1        000000
__Hbank10                                 bank10       000000
__Hbank11                                 bank11       000000
__Hbank12                                 bank12       000000
__Hbank13                                 bank13       000000
__Hbank14                                 bank14       000000
__Hbank2                                  bank2        000000
__Hbank3                                  bank3        000000
__Hbank4                                  bank4        000000
__Hbank5                                  bank5        000000
__Hbank6                                  bank6        000000
__Hbank7                                  bank7        000000
__Hbank8                                  bank8        000000
__Hbank9                                  bank9        000000
__Hbigbss                                 bigbss       000000
__Hbigdata                                bigdata      000000
__Hbigram                                 bigram       000000
__Hbigsfr                                 bigsfr       000000
__Hbss                                    bss          000000
__HbssBANK2                               bssBANK2     000000
__HbssBANK3                               bssBANK3     000000
__HbssBANK4                               bssBANK4     000000
__HbssBIGRAM                              bssBIGRAM    000000
__HbssCOMRAM                              bssCOMRAM    000000
__Hcinit                                  cinit        000000
__Hclrtext                                clrtext      000000
__Hcomram                                 comram       000000
__Hconfig                                 config       30000C
__Hconst                                  const        000000
__HcstackBANK0                            cstackBANK0  000000
__HcstackBANK1                            cstackBANK1  000000
__HcstackBANK2                            cstackBANK2  000000
__HcstackCOMRAM                           cstackCOMRAM 000000
__Hdata                                   data         000000
__HdataBANK2                              dataBANK2    000000
__Heeprom_data                            eeprom_data  000000
__Hfarbss                                 farbss       000000
__Hfardata                                fardata      000000
__Hheap                                   heap         000E88
__Hibigdata                               ibigdata     000000
__Hidata                                  idata        000000
__HidataBANK2                             idataBANK2   000000
__Hidloc                                  idloc        200010
__Hifardata                               ifardata     000000
__Hinit                                   init         000068
__Hintcode                                intcode      000064
__Hintcode_body                           intcode_body 000000
__Hintcodelo                              intcodelo    000064
__Hintentry                               intentry     000000
__Hintret                                 intret       000000
__Hintsave_regs                           intsave_regs 000000
__Hirdata                                 irdata       000000
__Hmediumconst                            mediumconst  010000
__HnvFARRAM                               nvFARRAM     000000
__Hnvbit                                  nvbit        000000
__Hnvrram                                 nvrram       000000
__Hparam                                  rparam       000000
__Hpowerup                                powerup      000064
__Hram                                    ram          000000
__Hramtop                                 ramtop       000F00
__Hrbit                                   rbit         000000
__Hrbss                                   rbss         000000
__Hrdata                                  rdata        000000
__Hreset_vec                              reset_vec    000006
__Hrparam                                 rparam       000000
__Hsfr                                    sfr          000000
__Hsmallconst                             smallconst   000000
__Hspace_0                                (abs)        01823E
__Hspace_1                                (abs)        000DAA
__Hspace_2                                (abs)        000000
__Hspace_4                                (abs)        60000C
__Hstack                                  stack        000000
__Hstruct                                 struct       000000
__Htemp                                   temp         00005C
__Htext                                   text         000000
__Htext0                                  text0        000000
__Htext1                                  text1        000000
__Htext10                                 text10       000000
__Htext100                                text100      000000
__Htext101                                text101      000000
__Htext102                                text102      000000
__Htext103                                text103      000000
__Htext104                                text104      000000
__Htext105                                text105      000000
__Htext106                                text106      000000
__Htext107                                text107      000000
__Htext108                                text108      000000
__Htext109                                text109      000000
__Htext11                                 text11       000000
__Htext110                                text110      000000
__Htext111                                text111      000000
__Htext112                                text112      000000
__Htext113                                text113      000000
__Htext114                                text114      000000
__Htext115                                text115      000000
__Htext116                                text116      000000
__Htext117                                text117      000000
__Htext118                                text118      000000
__Htext119                                text119      000000
__Htext12                                 text12       000000
__Htext120                                text120      000000
__Htext121                                text121      000000
__Htext122                                text122      000000
__Htext123                                text123      000000
__Htext124                                text124      000000
__Htext125                                text125      000000
__Htext126                                text126      000000
__Htext127                                text127      000000
__Htext128                                text128      000000
__Htext129                                text129      000000
__Htext13                                 text13       000000
__Htext130                                text130      000000
__Htext131                                text131      000000
__Htext132                                text132      000000
__Htext133                                text133      000000
__Htext134                                text134      000000
__Htext135                                text135      000000
__Htext136                                text136      000000
__Htext137                                text137      000000
__Htext138                                text138      000000
__Htext139                                text139      000000
__Htext14                                 text14       000000
__Htext140                                text140      000000
__Htext141                                text141      000000
__Htext142                                text142      000000
__Htext143                                text143      000000
__Htext144                                text144      000000
__Htext145                                text145      000000
__Htext146                                text146      000000
__Htext147                                text147      000000
__Htext148                                text148      000000
__Htext149                                text149      000000
__Htext15                                 text15       000000
__Htext150                                text150      000000
__Htext151                                text151      000000
__Htext152                                text152      000000
__Htext153                                text153      000000
__Htext154                                text154      000000
__Htext155                                text155      000000
__Htext156                                text156      000000
__Htext157                                text157      000000
__Htext159                                text159      000000
__Htext16                                 text16       000000
__Htext160                                text160      000000
__Htext161                                text161      000000
__Htext162                                text162      000000
__Htext163                                text163      000000
__Htext164                                text164      000000
__Htext17                                 text17       000000
__Htext18                                 text18       000000
__Htext19                                 text19       000000
__Htext2                                  text2        000000
__Htext20                                 text20       000000
__Htext21                                 text21       000000
__Htext22                                 text22       000000
__Htext23                                 text23       000000
__Htext24                                 text24       000000
__Htext25                                 text25       000000
__Htext26                                 text26       000000
__Htext27                                 text27       000000
__Htext28                                 text28       000000
__Htext29                                 text29       000000
__Htext3                                  text3        000000
__Htext30                                 text30       000000
__Htext31                                 text31       000000
__Htext32                                 text32       000000
__Htext33                                 text33       000000
__Htext34                                 text34       000000
__Htext35                                 text35       000000
__Htext36                                 text36       000000
__Htext37                                 text37       000000
__Htext38                                 text38       000000
__Htext39                                 text39       000000
__Htext4                                  text4        000000
__Htext40                                 text40       000000
__Htext41                                 text41       000000
__Htext42                                 text42       000000
__Htext43                                 text43       000000
__Htext44                                 text44       000000
__Htext45                                 text45       000000
__Htext46                                 text46       000000
__Htext47                                 text47       000000
__Htext48                                 text48       000000
__Htext49                                 text49       000000
__Htext5                                  text5        000000
__Htext50                                 text50       000000
__Htext51                                 text51       000000
__Htext52                                 text52       000000
__Htext53                                 text53       000000
__Htext54                                 text54       000000
__Htext55                                 text55       000000
__Htext56                                 text56       000000
__Htext57                                 text57       000000
__Htext58                                 text58       000000
__Htext59                                 text59       000000
__Htext6                                  text6        000000
__Htext60                                 text60       000000
__Htext61                                 text61       000000
__Htext62                                 text62       000000
__Htext63                                 text63       000000
__Htext64                                 text64       000000
__Htext65                                 text65       000000
__Htext66                                 text66       000000
__Htext67                                 text67       000000
__Htext68                                 text68       000000
__Htext69                                 text69       000000
__Htext7                                  text7        000000
__Htext70                                 text70       000000
__Htext71                                 text71       000000
__Htext72                                 text72       000000
__Htext73                                 text73       000000
__Htext74                                 text74       000000
__Htext75                                 text75       000000
__Htext76                                 text76       000000
__Htext77                                 text77       000000
__Htext78                                 text78       000000
__Htext79                                 text79       000000
__Htext8                                  text8        000000
__Htext80                                 text80       000000
__Htext81                                 text81       000000
__Htext82                                 text82       000000
__Htext83                                 text83       000000
__Htext84                                 text84       000000
__Htext85                                 text85       000000
__Htext86                                 text86       000000
__Htext87                                 text87       000000
__Htext88                                 text88       000000
__Htext89                                 text89       000000
__Htext9                                  text9        000000
__Htext90                                 text90       000000
__Htext91                                 text91       000000
__Htext92                                 text92       000000
__Htext93                                 text93       000000
__Htext94                                 text94       000000
__Htext95                                 text95       000000
__Htext96                                 text96       000000
__Htext97                                 text97       000000
__Htext98                                 text98       000000
__Htext99                                 text99       000000
__LRAM                                    (abs)        000001
__Labs1                                   abs1         000000
__Lbank0                                  bank0        000000
__Lbank1                                  bank1        000000
__Lbank10                                 bank10       000000
__Lbank11                                 bank11       000000
__Lbank12                                 bank12       000000
__Lbank13                                 bank13       000000
__Lbank14                                 bank14       000000
__Lbank2                                  bank2        000000
__Lbank3                                  bank3        000000
__Lbank4                                  bank4        000000
__Lbank5                                  bank5        000000
__Lbank6                                  bank6        000000
__Lbank7                                  bank7        000000
__Lbank8                                  bank8        000000
__Lbank9                                  bank9        000000
__Lbigbss                                 bigbss       000000
__Lbigdata                                bigdata      000000
__Lbigram                                 bigram       000000
__Lbigsfr                                 bigsfr       000000
__Lbss                                    bss          000000
__LbssBANK2                               bssBANK2     000000
__LbssBANK3                               bssBANK3     000000
__LbssBANK4                               bssBANK4     000000
__LbssBIGRAM                              bssBIGRAM    000000
__LbssCOMRAM                              bssCOMRAM    000000
__Lcinit                                  cinit        000000
__Lclrtext                                clrtext      000000
__Lcomram                                 comram       000000
__Lconfig                                 config       000000
__Lconst                                  const        000000
__LcstackBANK0                            cstackBANK0  000000
__LcstackBANK1                            cstackBANK1  000000
__LcstackBANK2                            cstackBANK2  000000
__LcstackCOMRAM                           cstackCOMRAM 000000
__Ldata                                   data         000000
__LdataBANK2                              dataBANK2    000000
__Leeprom_data                            eeprom_data  000000
__Lfarbss                                 farbss       000000
__Lfardata                                fardata      000000
__Lheap                                   heap         000DAA
__Libigdata                               ibigdata     000000
__Lidata                                  idata        000000
__LidataBANK2                             idataBANK2   000000
__Lidloc                                  idloc        000000
__Lifardata                               ifardata     000000
__Linit                                   init         000064
__Lintcode                                intcode      000008
__Lintcode_body                           intcode_body 000000
__Lintcodelo                              intcodelo    000064
__Lintentry                               intentry     000000
__Lintret                                 intret       000000
__Lintsave_regs                           intsave_regs 000000
__Lirdata                                 irdata       000000
__Lmediumconst                            mediumconst  00FEA8
__LnvFARRAM                               nvFARRAM     000000
__Lnvbit                                  nvbit        000000
__Lnvrram                                 nvrram       000000
__Lparam                                  rparam       000000
__Lpowerup                                powerup      000064
__Lram                                    ram          000000
__Lramtop                                 ramtop       000F00
__Lrbit                                   rbit         000000
__Lrbss                                   rbss         000000
__Lrdata                                  rdata        000000
__Lreset_vec                              reset_vec    000000
__Lrparam                                 rparam       000000
__Lsfr                                    sfr          000000
__Lsmallconst                             smallconst   000000
__Lspace_0                                (abs)        000000
__Lspace_1                                (abs)        000000
__Lspace_2                                (abs)        000000
__Lspace_4                                (abs)        000000
__Lstack                                  stack        000000
__Lstruct                                 struct       000000
__Ltemp                                   temp         00005B
__Ltext                                   text         000000
__Ltext0                                  text0        000000
__Ltext1                                  text1        000000
__Ltext10                                 text10       000000
__Ltext100                                text100      000000
__Ltext101                                text101      000000
__Ltext102                                text102      000000
__Ltext103                                text103      000000
__Ltext104                                text104      000000
__Ltext105                                text105      000000
__Ltext106                                text106      000000
__Ltext107                                text107      000000
__Ltext108                                text108      000000
__Ltext109                                text109      000000
__Ltext11                                 text11       000000
__Ltext110                                text110      000000
__Ltext111                                text111      000000
__Ltext112                                text112      000000
__Ltext113                                text113      000000
__Ltext114                                text114      000000
__Ltext115                                text115      000000
__Ltext116                                text116      000000
__Ltext117                                text117      000000
__Ltext118                                text118      000000
__Ltext119                                text119      000000
__Ltext12                                 text12       000000
__Ltext120                                text120      000000
__Ltext121                                text121      000000
__Ltext122                                text122      000000
__Ltext123                                text123      000000
__Ltext124                                text124      000000
__Ltext125                                text125      000000
__Ltext126                                text126      000000
__Ltext127                                text127      000000
__Ltext128                                text128      000000
__Ltext129                                text129      000000
__Ltext13                                 text13       000000
__Ltext130                                text130      000000
__Ltext131                                text131      000000
__Ltext132                                text132      000000
__Ltext133                                text133      000000
__Ltext134                                text134      000000
__Ltext135                                text135      000000
__Ltext136                                text136      000000
__Ltext137                                text137      000000
__Ltext138                                text138      000000
__Ltext139                                text139      000000
__Ltext14                                 text14       000000
__Ltext140                                text140      000000
__Ltext141                                text141      000000
__Ltext142                                text142      000000
__Ltext143                                text143      000000
__Ltext144                                text144      000000
__Ltext145                                text145      000000
__Ltext146                                text146      000000
__Ltext147                                text147      000000
__Ltext148                                text148      000000
__Ltext149                                text149      000000
__Ltext15                                 text15       000000
__Ltext150                                text150      000000
__Ltext151                                text151      000000
__Ltext152                                text152      000000
__Ltext153                                text153      000000
__Ltext154                                text154      000000
__Ltext155                                text155      000000
__Ltext156                                text156      000000
__Ltext157                                text157      000000
__Ltext159                                text159      000000
__Ltext16                                 text16       000000
__Ltext160                                text160      000000
__Ltext161                                text161      000000
__Ltext162                                text162      000000
__Ltext163                                text163      000000
__Ltext164                                text164      000000
__Ltext17                                 text17       000000
__Ltext18                                 text18       000000
__Ltext19                                 text19       000000
__Ltext2                                  text2        000000
__Ltext20                                 text20       000000
__Ltext21                                 text21       000000
[...]
processDRV@cmd                            cstackCOMRAM 000056
processRTC@argCount                       cstackCOMRAM 000056
processRTC@cmd                            cstackBANK0  000082
put2d@cl                                  cstackCOMRAM 000010
put2d@cp                                  cstackCOMRAM 00000D
put2d@ct                                  cstackCOMRAM 000011
put2d@i                                   cstackCOMRAM 00000F
put_fat@bc                                cstackBANK0  000074
put_fat@clst                              cstackCOMRAM 00004E
put_fat@fs                                cstackCOMRAM 00004C
put_fat@p                                 cstackBANK0  000072
put_fat@res                               cstackBANK0  000076
put_fat@val                               cstackCOMRAM 000052
rcvr_datablock@btr                        cstackCOMRAM 00000E
rcvr_datablock@buff                       cstackCOMRAM 00000C
rcvr_datablock@token                      cstackCOMRAM 000010
rd1RegCompleteHandler@ptr                 cstackCOMRAM 000010
rd2RegCompleteHandler@ptr                 cstackCOMRAM 000010
rdBlkRegCompleteHandler@ptr               cstackCOMRAM 000010
rtcGetAClk@bufferOut                      cstackBANK0  000060
rtcGetAClk@outSize                        cstackBANK0  000062
rtcGetAClk@t                              cstackBANK0  000064
rtcGetClk@bufferOut                       cstackBANK0  000060
rtcGetClk@t                               cstackBANK0  000068
rtcSetClk@argBuffer                       cstackCOMRAM 00003A
rtcSetClk@argCount                        cstackCOMRAM 000039
rtcSetClk@buffer                          cstackCOMRAM 00003C
rtcSetClk@year                            cstackCOMRAM 000037
rtcdrv_poll@d                             cstackBANK2  0002E8
rtcdrv_poll@x                             cstackBANK2  0002E4
rtcdrv_poll@x_4437                        cstackBANK2  0002E6
sendBuffer@buff                           cstackCOMRAM 000009
sendBuffer@i                              cstackCOMRAM 00000F
sendBuffer@size                           cstackCOMRAM 00000B
sendBuffer@x                              cstackCOMRAM 000011
sendBuffer@x_4315                         cstackCOMRAM 000013
sendBuffer@x_4324                         cstackCOMRAM 000015
sendBuffer@x_4325                         cstackCOMRAM 000017
sendBufferLen@bufferLen                   cstackCOMRAM 000019
sendBufferLen@outbuff                     cstackCOMRAM 00001B
send_cmd@arg                              cstackCOMRAM 00000D
send_cmd@cmd                              cstackCOMRAM 000013
send_cmd@n                                cstackCOMRAM 000011
send_cmd@res                              cstackCOMRAM 000012
send_cmd_55@n                             cstackCOMRAM 00000C
send_cmd_55@res                           cstackCOMRAM 00000B
sprintf@ap                                cstackBANK0  00007E
sprintf@f                                 cstackBANK0  000080
sprintf@fmt                               cstackBANK0  000074
sprintf@s                                 cstackBANK0  000072
st_dword@ptr                              cstackCOMRAM 000005
st_dword@val                              cstackCOMRAM 000007
st_word@ptr                               cstackCOMRAM 000005
st_word@val                               cstackCOMRAM 000007
stackhi                                   (abs)        000000
stacklo                                   (abs)        000000
start                                     init         000064
start_initialization                      cinit        017594
stoa@F1142                                dataBANK2    0002F8
stoa@cp                                   cstackCOMRAM 00001E
stoa@fp                                   cstackCOMRAM 00000E
stoa@i                                    cstackCOMRAM 00001A
stoa@l                                    cstackCOMRAM 000022
stoa@nuls                                 cstackCOMRAM 000013
stoa@p                                    cstackCOMRAM 000020
stoa@s                                    cstackCOMRAM 000010
stoa@w                                    cstackCOMRAM 00001C
strlen@a                                  cstackCOMRAM 000007
strlen@s                                  cstackCOMRAM 000005
strncmp@_l                                cstackCOMRAM 000005
strncmp@_r                                cstackCOMRAM 000007
strncmp@l                                 cstackCOMRAM 00000C
strncmp@n                                 cstackCOMRAM 000009
strncmp@r                                 cstackCOMRAM 00000E
sync_window@fs                            cstackCOMRAM 00002E
sync_window@res                           cstackCOMRAM 000040
ttemp5                                    temp         00005C
ttemp6                                    temp         00005F
ttemp7                                    temp         000063
utoa@d                                    cstackCOMRAM 000022
utoa@fp                                   cstackCOMRAM 000020
utoa@i                                    cstackCOMRAM 00003E
utoa@n                                    cstackCOMRAM 000036
utoa@p                                    cstackCOMRAM 000032
utoa@w                                    cstackCOMRAM 000034
validate@obj                              cstackCOMRAM 000009
validate@res                              cstackCOMRAM 000013
validate@rfs                              cstackCOMRAM 00000B
vfpfcnvrt@ap                              cstackCOMRAM 000044
vfpfcnvrt@cp                              cstackBANK0  000060
vfpfcnvrt@fmt                             cstackCOMRAM 000042
vfpfcnvrt@fp                              cstackCOMRAM 000040
vfpfcnvrt@llu                             cstackBANK0  000064
vfprintf@ap                               cstackBANK0  000070
vfprintf@cfmt                             cstackCOMRAM 00004C
vfprintf@fmt                              cstackBANK0  00006E
vfprintf@fp                               cstackBANK0  00006C
wait_ready@d                              cstackCOMRAM 000008
wr1RegCompleteHandler@ptr                 cstackCOMRAM 000010
wr2RegCompleteHandler@ptr                 cstackCOMRAM 000010
wtemp8                                    temp         00005C
xmit_datablock@buff                       cstackCOMRAM 00000C
xmit_datablock@resp                       cstackCOMRAM 00000F
xmit_datablock@token                      cstackCOMRAM 00000E


MODULE INFORMATION

Module		Function		Class		Link	Load	Size
C:\Program Files\Microchip\xc8\v2.36\pic\sources\c99\common\lite_free.c
		___simple_search_fl		CODE           	13854	0000	634
		_free          		CODE           	1512C	0000	358

C:\Program Files\Microchip\xc8\v2.36\pic\sources\c99\common\lite_free.c estimated size: 992

C:\Program Files\Microchip\xc8\v2.36\pic\sources\c99\common\putch.c
		_putch         		CODE           	18238	0000	2

C:\Program Files\Microchip\xc8\v2.36\pic\sources\c99\common\putch.c estimated size: 2

mcc_generated_files/examples/i2c1_master_example.c
		_wr1RegCompleteHandler		CODE           	17DEC	0000	48
		_wr2RegCompleteHandler		CODE           	17E7C	0000	48
		_I2C1_Write1ByteRegister		CODE           	1734C	0000	118
		_rdBlkRegCompleteHandler		CODE           	17B78	0000	68
		_rd1RegCompleteHandler		CODE           	17E4C	0000	48
		_rd2RegCompleteHandler		CODE           	17E1C	0000	48
		_I2C1_Read1ByteRegister		CODE           	171DA	0000	124

mcc_generated_files/examples/i2c1_master_example.c estimated size: 502

C:\Program Files\Microchip\xc8\v2.36\pic\sources\c99\common\asctime.c
		_put2d         		CODE           	16F50	0000	132
		_asctime       		CODE           	13D30	0000	582

C:\Program Files\Microchip\xc8\v2.36\pic\sources\c99\common\asctime.c estimated size: 714

C:\Program Files\Microchip\xc8\v2.36\pic\sources\c99\common\lomod.c
		___lomod       		CODE           	1622C	0000	208

C:\Program Files\Microchip\xc8\v2.36\pic\sources\c99\common\lomod.c estimated size: 208

C:\Program Files\Microchip\xc8\v2.36\pic\sources\c99\common\nf_fputs.c
		_fputs         		CODE           	17BBC	0000	68

C:\Program Files\Microchip\xc8\v2.36\pic\sources\c99\common\nf_fputs.c estimated size: 68

mcc_generated_files/fatfs/ff.c
		_clst2sect     		CODE           	162FC	0000	204
		_find_volume   		CODE           	10000	0000	3204
		_dir_clear     		CODE           	157E4	0000	328
		_ld_dword      		CODE           	167A8	0000	184
		_f_getlabel    		CODE           	13ACE	0000	610
		_f_mount       		CODE           	16154	0000	216
		_get_fat       		CODE           	11BD6	0000	1074
		_st_word       		CODE           	17ED8	0000	40
		_get_ldnumber  		CODE           	15548	0000	340
		_create_name   		CODE           	1176A	0000	1132
		_chk_chr       		CODE           	1774A	0000	106
		_create_chain  		CODE           	10C84	0000	1456
		_dbc_1st       		CODE           	1817A	0000	10
		_validate      		CODE           	15C9A	0000	254
		_check_fs      		CODE           	153F0	0000	344
		_get_fileinfo  		CODE           	1417A	0000	506
		_dir_read      		CODE           	14374	0000	420
		_st_dword      		CODE           	176DE	0000	108
		_mem_set       		CODE           	17D88	0000	50
		_f_opendir     		CODE           	14B5E	0000	386
		_put_fat       		CODE           	11234	0000	1334
		_f_readdir     		CODE           	16070	0000	228
		_dir_next      		CODE           	12008	0000	1066
		_sync_window   		CODE           	146B8	0000	412
		_f_getfree     		CODE           	12FC0	0000	892
		_ld_word       		CODE           	17CE6	0000	56
		_dir_find      		CODE           	149DA	0000	388
		_mem_cmp       		CODE           	16E44	0000	136
		_dir_sdi       		CODE           	12C26	0000	922
		_follow_path   		CODE           	135CA	0000	650
		_dbc_2nd       		CODE           	18170	0000	10
		_ld_clust      		CODE           	170DC	0000	128
		_move_window   		CODE           	166E4	0000	196

mcc_generated_files/fatfs/ff.c estimated size: 17390

mcc_generated_files/fatfs/drva.c
		_DRVA_IsMediaPresent		CODE           	180F8	0000	20
		_rcvr_datablock		CODE           	172D2	0000	122
		_DRVA_TMR_ms   		CODE           	17A92	0000	82
		_send_cmd      		CODE           	15E8E	0000	242
		_send_cmd_55   		CODE           	1781E	0000	104
		_DRVA_SectorWrite		CODE           	14E56	0000	364
		_deselect      		CODE           	18184	0000	10
		_DRVA_MediaInitialize		CODE           	1333C	0000	654
		_DRVA_IsWriteProtected		CODE           	181FE	0000	6
		_select        		CODE           	17CAE	0000	56
		_DRVA_SectorRead		CODE           	1592C	0000	312
		_xmit_datablock		CODE           	17058	0000	132
		_wait_ready    		CODE           	17AE4	0000	80
		_DRVA_IsMediaInitialized		CODE           	1820A	0000	6

mcc_generated_files/fatfs/drva.c estimated size: 2190

C:\Program Files\Microchip\xc8\v2.36\pic\sources\c99\common\strncmp.c
		_strncmp       		CODE           	15D98	0000	246

C:\Program Files\Microchip\xc8\v2.36\pic\sources\c99\common\strncmp.c estimated size: 246

mcc_generated_files/i2c1_master.c
		_I2C1_DO_SEND_RESTART		CODE           	181C0	0000	8
		_I2C1_DO_TX_EMPTY		CODE           	1715C	0000	126
		_I2C1_DO_SEND_RESTART_READ		CODE           	181D0	0000	8
		_I2C1_CallbackReturnStop		CODE           	1821C	0000	4
		_I2C1_DO_RX    		CODE           	16B18	0000	168
		_I2C1_DO_TX    		CODE           	16492	0000	200
		_I2C1_SetAddressNackCallback		CODE           	1801A	0000	28
		_I2C1_DO_IDLE  		CODE           	18164	0000	12
		_I2C1_MasterOpen		CODE           	17FBC	0000	34
		_I2C1_DO_RCEN  		CODE           	18158	0000	12
		_I2C1_MasterSendTxData		CODE           	181D8	0000	8
		_I2C1_MasterStop		CODE           	18220	0000	4
		_I2C1_CallbackReturnReset		CODE           	18218	0000	4
		_I2C1_DO_RESET 		CODE           	1814C	0000	12
		_I2C1_MasterStartRx		CODE           	18214	0000	4
		_I2C1_Poller   		CODE           	17FDE	0000	30
		_I2C1_DO_RX_ACK		CODE           	181B0	0000	8
		_I2C1_MasterWaitForEvent		CODE           	1810C	0000	18
		_I2C1_MasterSendNack		CODE           	181EC	0000	6
		_I2C1_DO_RX_NACK_RESTART		CODE           	181A0	0000	8
		_I2C1_MasterDisableIrq		CODE           	181F2	0000	6
		_I2C1_MasterOperation		CODE           	17B34	0000	68
		_I2C1_SetCallback		CODE           	16FD4	0000	132
		_I2C1_MasterEnableRestart		CODE           	18224	0000	4
		_I2C1_Open     		CODE           	16C64	0000	162
		_I2C1_DO_ADDRESS_NACK		CODE           	17672	0000	108
		_I2C1_SetBuffer		CODE           	17F74	0000	36
		_I2C1_DO_SEND_RESTART_WRITE		CODE           	181C8	0000	8
		_I2C1_MasterClose		CODE           	1822C	0000	4
		_I2C1_MasterWrite		CODE           	18198	0000	8
		_I2C1_Initialize		CODE           	180A2	0000	24
		_I2C1_Close    		CODE           	17EAC	0000	44
		_I2C1_MasterIsNack		CODE           	180E4	0000	20
		_I2C1_MasterStart		CODE           	18228	0000	4
		_I2C1_DO_SEND_ADR_WRITE		CODE           	1811E	0000	16
		_I2C1_MasterClearIrq		CODE           	181F8	0000	6
		_I2C1_SetDataCompleteCallback		CODE           	18036	0000	28
		_I2C1_DO_SEND_STOP		CODE           	181B8	0000	8
		_I2C1_MasterSendAck		CODE           	181E6	0000	6
		_I2C1_MasterFsm		CODE           	17606	0000	108
		_I2C1_MasterGetRxData		CODE           	18210	0000	4
		_I2C1_MasterSetIrq		CODE           	181E0	0000	6
		_I2C1_DO_SEND_ADR_READ		CODE           	1812E	0000	16
		_I2C1_DO_RX_NACK_STOP		CODE           	181A8	0000	8

mcc_generated_files/i2c1_master.c estimated size: 1536

C:\Program Files\Microchip\xc8\v2.36\pic\sources\c99\common\atoi.c
		_atoi          		CODE           	14FC2	0000	362

C:\Program Files\Microchip\xc8\v2.36\pic\sources\c99\common\atoi.c estimated size: 362

mcc_generated_files/interrupt_manager.c
		_INTERRUPT_Initialize		CODE           	18234	0000	4
		_INTERRUPT_InterruptManager		CODE           	0008	0000	92

mcc_generated_files/interrupt_manager.c estimated size: 96

C:\Program Files\Microchip\xc8\v2.36\pic\sources\c99\common\awmod.c
		___awmod       		CODE           	16910	0000	176

C:\Program Files\Microchip\xc8\v2.36\pic\sources\c99\common\awmod.c estimated size: 176

C:\Program Files\Microchip\xc8\v2.36\pic\sources\c99\common\Umul32.c
		___lmul        		CODE           	177B4	0000	106

C:\Program Files\Microchip\xc8\v2.36\pic\sources\c99\common\Umul32.c estimated size: 106

C:\Program Files\Microchip\xc8\v2.36\pic\sources\c99\common\nf_sprintf.c
		_sprintf       		CODE           	179EE	0000	82

C:\Program Files\Microchip\xc8\v2.36\pic\sources\c99\common\nf_sprintf.c estimated size: 82

mcc_generated_files/tmr0.c
		_TMR0_SetInterruptHandler		CODE           	1813E	0000	14
		_TMR0_DefaultInterruptHandler		CODE           	1823A	0000	2
		_TMR0_CallBack 		CODE           	17DBA	0000	50
		_TMR0_StartTimer		CODE           	18230	0000	4
		_TMR0_ISR      		CODE           	1818E	0000	10
		_TMR0_Initialize		CODE           	17F00	0000	40

mcc_generated_files/tmr0.c estimated size: 120

C:\Program Files\Microchip\xc8\v2.36\pic\sources\c99\common\isspace.c
		_isspace       		CODE           	17A40	0000	82

C:\Program Files\Microchip\xc8\v2.36\pic\sources\c99\common\isspace.c estimated size: 82

mcc_generated_files/pin_manager.c
		_PIN_MANAGER_Initialize		CODE           	173C2	0000	118
		_PIN_MANAGER_IOC		CODE           	1823C	0000	2

mcc_generated_files/pin_manager.c estimated size: 120

C:\Program Files\Microchip\xc8\v2.36\pic\sources\c99\common\expand_heap.c
		___expand_heap 		CODE           	16860	0000	176

C:\Program Files\Microchip\xc8\v2.36\pic\sources\c99\common\expand_heap.c estimated size: 176

C:\Program Files\Microchip\xc8\v2.36\pic\sources\c99\common\strlen.c
		_strlen        		CODE           	17D1E	0000	54

C:\Program Files\Microchip\xc8\v2.36\pic\sources\c99\common\strlen.c estimated size: 54

C:\Program Files\Microchip\xc8\v2.36\pic\sources\c99\common\__lldiv.c
		___lldiv       		CODE           	16BC0	0000	164

C:\Program Files\Microchip\xc8\v2.36\pic\sources\c99\common\__lldiv.c estimated size: 164

C:\Program Files\Microchip\xc8\v2.36\pic\sources\c99\common\lodiv.c
		___lodiv       		CODE           	15F80	0000	240

C:\Program Files\Microchip\xc8\v2.36\pic\sources\c99\common\lodiv.c estimated size: 240

C:\Program Files\Microchip\xc8\v2.36\pic\sources\c99\common\memset.c
		_memset        		CODE           	14CE0	0000	374

C:\Program Files\Microchip\xc8\v2.36\pic\sources\c99\common\memset.c estimated size: 374

mcc_generated_files/fatfs/diskio.c
		_disk_initialize		CODE           	1799A	0000	84
		_disk_write    		CODE           	174AC	0000	116
		_disk_status   		CODE           	17256	0000	124
		_disk_read     		CODE           	17520	0000	116

mcc_generated_files/fatfs/diskio.c estimated size: 440

C:\Program Files\Microchip\xc8\v2.36\pic\sources\c99\common\nf_fputc.c
		_fputc         		CODE           	163C8	0000	202

C:\Program Files\Microchip\xc8\v2.36\pic\sources\c99\common\nf_fputc.c estimated size: 202

C:\Program Files\Microchip\xc8\v2.36\pic\sources\c99\common\isdigit.c
		_isdigit       		CODE           	17C76	0000	56

C:\Program Files\Microchip\xc8\v2.36\pic\sources\c99\common\isdigit.c estimated size: 56

C:\Program Files\Microchip\xc8\v2.36\pic\sources\c99\common\lwdiv.c
		___lwdiv       		CODE           	17438	0000	116

C:\Program Files\Microchip\xc8\v2.36\pic\sources\c99\common\lwdiv.c estimated size: 116

C:\Program Files\Microchip\xc8\v2.36\pic\sources\c99\common\lite_malloc.c
		_malloc        		CODE           	1569C	0000	328

C:\Program Files\Microchip\xc8\v2.36\pic\sources\c99\common\lite_malloc.c estimated size: 328

C:\Program Files\Microchip\xc8\v2.36\pic\sources\c99\common\awdiv.c
		___awdiv       		CODE           	16620	0000	196

C:\Program Files\Microchip\xc8\v2.36\pic\sources\c99\common\awdiv.c estimated size: 196

C:\Program Files\Microchip\xc8\v2.36\pic\sources\c99\common\doprnt.c
		_vfpfcnvrt     		CODE           	12432	0000	1048
		_pad           		CODE           	1655A	0000	198
		_vfprintf      		CODE           	17886	0000	102
		_stoa          		CODE           	14854	0000	390
		_utoa          		CODE           	13F76	0000	516

C:\Program Files\Microchip\xc8\v2.36\pic\sources\c99\common\doprnt.c estimated size: 2254

shared
		_ExCvt         		MEDIUMCONST    	FEA9	0000	128
		f_setlabel@badchr		MEDIUMCONST    	FF61	0000	18
		__initialization		CODE           	17594	0000	104
		_i2c1_fsmStateTable		MEDIUMCONST    	FF29	0000	48
		_spi2_configuration		MEDIUMCONST    	FF59	0000	8

shared estimated size: 306

mcc_generated_files/mcc.c
		_PMD_Initialize		CODE           	1806E	0000	28
		_OSCILLATOR_Initialize		CODE           	1808A	0000	24
		_SYSTEM_Initialize		CODE           	17FFC	0000	30

mcc_generated_files/mcc.c estimated size: 82

rtc.c
		_SetClock      		CODE           	15292	0000	350
		_ReadClock     		CODE           	14518	0000	416

rtc.c estimated size: 766

mcc_generated_files/spi2.c
		_SPI2_ExchangeByte		CODE           	18052	0000	28
		_SPI2_WriteBlock		CODE           	17C3C	0000	58
		_SPI2_ReadBlock		CODE           	17C00	0000	60
		_SPI2_Open     		CODE           	169C0	0000	174
		_SPI2_Initialize		CODE           	17F98	0000	36
		_SPI2_Close    		CODE           	18204	0000	6

mcc_generated_files/spi2.c estimated size: 362

main.c
		_main          		CODE           	17944	0000	86

main.c estimated size: 86

rtcdrv.c
		_processRTC    		CODE           	178EC	0000	88
		_processDRV    		CODE           	17D54	0000	52
		_getArgs       		CODE           	180BA	0000	22
		_rtcGetAClk    		CODE           	16ECC	0000	132
		_rtcdrv_poll   		CODE           	16A6E	0000	170
		_getBuffer     		CODE           	16D06	0000	160
		_rtcGetClk     		CODE           	16DA6	0000	158
		_rtcSetClk     		CODE           	15A64	0000	284
		_sendBuffer    		CODE           	15B80	0000	282
		_sendBufferLen 		CODE           	17F4E	0000	38
		_drvGetDir     		CODE           	1284A	0000	988

rtcdrv.c estimated size: 2374

C:\Program Files\Microchip\xc8\v2.36\pic\sources\c99\common\Umul16.c
		___wmul        		CODE           	17F28	0000	38

C:\Program Files\Microchip\xc8\v2.36\pic\sources\c99\common\Umul16.c estimated size: 38

