Microchip MPLAB XC8 Compiler V2.36

Linker command line:

-W-3 --edf=C:\Program Files\Microchip\xc8\v2.36\pic\dat\en_msgs.txt -cn \
  -h+dist/default/production\DANI-DRIVE.X.production.sym \
  --cmf=dist/default/production\DANI-DRIVE.X.production.cmf -z -Q18F27K40 \
  -oC:\Users\CRAIGV~1\AppData\Local\Temp\xcAsd6c.4 --defsym=__MPLAB_BUILD=1 \
  -Mdist/default/production/DANI-DRIVE.X.production.map \
  --md=C:\Users\CRAIGV~1\AppData\Local\Temp\xcAsd6c.dat -E1 \
  -ver=XC8 Compiler --acfsm=1493 -AHEAP=0DAAh-0E87h -pheap=HEAP \
  -ACODE=00h-01FFFFh -ACONST=00h-01FFFFh -ASMALLCONST=0F00h-0FFFhx497 \
  -AMEDIUMCONST=0F00h-0FFFFh,010F00h-01FFFFh -ACOMRAM=01h-05Fh \
  -AABS1=00h-0E87h -ABIGRAM=01h-0E87h \
  -ARAM=060h-0FFh,0100h-01FFhx13,0E00h-0E87h -ABANK0=060h-0FFh \
  -ABANK1=0100h-01FFh -ABANK2=0200h-02FFh -ABANK3=0300h-03FFh \
  -ABANK4=0400h-04FFh -ABANK5=0500h-05FFh -ABANK6=0600h-06FFh \
  -ABANK7=0700h-07FFh -ABANK8=0800h-08FFh -ABANK9=0900h-09FFh \
  -ABANK10=0A00h-0AFFh -ABANK11=0B00h-0BFFh -ABANK12=0C00h-0CFFh \
  -ABANK13=0D00h-0DFFh -ABANK14=0E00h-0E87h \
  -ASFR=0E8Dh-0EFFh,0F00h-0F5Fh,0F60h-0FFFh -ABIGSFR=0E8Dh-0FFFh \
  -ACONFIG=0300000h-030000Bh -AIDLOC=0200000h-020000Fh \
  -AEEDATA=0310000h-03103FFh -peeprom_data=EEDATA \
  -preset_vec=00h,intcode=08h,intcodelo,powerup,init -pramtop=0F00h \
  -psmallconst=SMALLCONST -pmediumconst=MEDIUMCONST -pconst=CONST \
  -AFARRAM=00h-00h \
  -prdata=COMRAM,nvrram=COMRAM,nvbit=COMRAM,rbss=COMRAM,rbit=COMRAM \
  -pfarbss=FARRAM,fardata=FARRAM,nvFARRAM=FARRAM \
  -pintsave_regs=BIGRAM,bigbss=BIGRAM,bigdata=BIGRAM -pbss=RAM \
  -pidata=CODE,irdata=CODE,ibigdata=CODE,ifardata=CODE -prparam=COMRAM \
  C:\Users\CRAIGV~1\AppData\Local\Temp\xcAsd6c.o \
  dist/default/production\DANI-DRIVE.X.production.o 

Object code version is 3.11

Machine type is 18F27K40



                Name                               Link     Load   Length Selector   Space Scale
C:\Users\CRAIGV~1\AppData\Local\Temp\xcAsd6c.o
                heap                                DAA      DAA       DE      DAA       7
                idloc                            200000   200000       10        0       5
                config                           300000   300000        C        0       4
                init                                 64       64        4        4       0
                reset_vec                             0        0        4        0       0
dist/default/production\DANI-DRIVE.X.production.o
                intcode                               8        8       5C        4       0
                idloc                            200000   200000       10        0       5
                config                           300000   300000        C        0       4
                temp                                 5B       5B        1        1       1
                mediumconst                        FEA0     FEA0      160     7F50       0
                text168                           18322    18322        2     8000       0
                text167                           18164    18164       18     8000       0
                text166                           17DFC    17DFC       36     8000       0
                text165                           18192    18192       16     8000       0
                text164                           18320    18320        2     8000       0
                text163                           17ABC    17ABC       52     8000       0
                text162                           17E64    17E64       32     8000       0
                text161                           18274    18274        A     8000       0
                text159                           1814C    1814C       18     8000       0
                text158                           1831A    1831A        4     8000       0
                text157                           18134    18134       18     8000       0
                text156                           18224    18224        E     8000       0
                text155                           16E32    16E32       8C     8000       0
                text154                           18118    18118       1C     8000       0
                text153                           18042    18042       24     8000       0
                text152                           18216    18216        E     8000       0
                text151                           17FAA    17FAA       28     8000       0
                text150                           180A6    180A6       1E     8000       0
                text149                           18316    18316        4     8000       0
                text148                           16BAE    16BAE       A4     8000       0
                text147                           17834    17834       6A     8000       0
                text146                           17D8E    17D8E       38     8000       0
                text145                           16EBE    16EBE       88     8000       0
                text144                           182F0    182F0        6     8000       0
                text143                           180FC    180FC       1C     8000       0
                text142                           17C70    17C70       3C     8000       0
                text141                           173C8    173C8       7A     8000       0
                text140                           1826A    1826A        A     8000       0
                text139                           17B0E    17B0E       50     8000       0
                text138                           17D56    17D56       38     8000       0
                text137                           1789E    1789E       68     8000       0
                text136                           15E7C    15E7C       F2     8000       0
                text135                           1591A    1591A      138     8000       0
                text134                           175A0    175A0       74     8000       0
                text133                           17CAC    17CAC       3A     8000       0
                text132                           170D2    170D2       84     8000       0
                text131                           14E44    14E44      16C     8000       0
                text130                           1752C    1752C       74     8000       0
                text129                           146A6    146A6      19C     8000       0
                text128                           166D2    166D2       C4     8000       0
                text127                           153DE    153DE      158     8000       0
                text126                           181D0    181D0       14     8000       0
                text125                           182EA    182EA        6     8000       0
                text124                           169AE    169AE       AE     8000       0
                text123                           1332A    1332A      28E     8000       0
                text122                           179C4    179C4       54     8000       0
                text121                           182E4    182E4        6     8000       0
                text120                           1734C    1734C       7C     8000       0
                text119                           15536    15536      154     8000       0
                text118                           16796    16796       B8     8000       0
                text117                           10000    10000      C84     8000       0
                text116                           11BD6    11BD6      432     8000       0
                text115                           12FAE    12FAE      37C     8000       0
                text114                           1775E    1775E       6C     8000       0
                text113                           17F82    17F82       28     8000       0
                text112                           11234    11234      536     8000       0
                text111                           10C84    10C84      5B0     8000       0
                text110                           162EA    162EA       CC     8000       0
                text109                           17E32    17E32       32     8000       0
                text108                           157D2    157D2      148     8000       0
                text107                           12008    12008      42A     8000       0
                text106                           14362    14362      1A4     8000       0
                text105                           12C14    12C14      39A     8000       0
                text104                           13ABC    13ABC      262     8000       0
                text103                           16142    16142       D8     8000       0
                text102                           177CA    177CA       6A     8000       0
                text101                           18260    18260        A     8000       0
                text100                           18256    18256        A     8000       0
                text99                            1176A    1176A      46C     8000       0
                text98                            149C8    149C8      184     8000       0
                text97                            17156    17156       80     8000       0
                text96                            135B8    135B8      28A     8000       0
                text95                            14B4C    14B4C      182     8000       0
                text94                            14168    14168      1FA     8000       0
                text93                            15C88    15C88       FE     8000       0
                text92                            1605E    1605E       E4     8000       0
                text91                            14CCE    14CCE      176     8000       0
                text90                            15B6E    15B6E      11A     8000       0
                text89                            17FF8    17FF8       26     8000       0
                text88                            17FD2    17FD2       26     8000       0
                text87                            17D1E    17D1E       38     8000       0
                text86                            17A6A    17A6A       52     8000       0
                text85                            14FB0    14FB0      16A     8000       0
                text84                            1831E    1831E        2     8000       0
                text83                            163B6    163B6       CA     8000       0
                text82                            17DC6    17DC6       36     8000       0
                text81                            14842    14842      186     8000       0
                text80                            15D86    15D86       F6     8000       0
                text79                            15F6E    15F6E       F0     8000       0
                text78                            1621A    1621A       D0     8000       0
                text77                            17C2C    17C2C       44     8000       0
                text76                            16548    16548       C6     8000       0
                text75                            13F64    13F64      204     8000       0
                text74                            12432    12432      418     8000       0
                text73                            17906    17906       66     8000       0
                text72                            17A18    17A18       52     8000       0
                text71                            1284A    1284A      3CA     8000       0
                text70                            1511A    1511A      166     8000       0
                text69                            16CF4    16CF4       A0     8000       0
                text68                            1817C    1817C       16     8000       0
                text67                            168FE    168FE       B0     8000       0
                text66                            13842    13842      27A     8000       0
                text65                            1568A    1568A      148     8000       0
                text64                            172D0    172D0       7C     8000       0
                text63                            17B5E    17B5E       46     8000       0
                text62                            182DE    182DE        6     8000       0
                text61                            18312    18312        4     8000       0
                text60                            182D8    182D8        6     8000       0
                text59                            17F56    17F56       2C     8000       0
                text58                            1830E    1830E        4     8000       0
                text57                            1830A    1830A        4     8000       0
                text56                            18306    18306        4     8000       0
                text55                            1801E    1801E       24     8000       0
                text54                            1704E    1704E       84     8000       0
                text53                            180E0    180E0       1C     8000       0
                text52                            17F26    17F26       30     8000       0
                text51                            17EF6    17EF6       30     8000       0
                text50                            17EC6    17EC6       30     8000       0
                text49                            17E96    17E96       30     8000       0
                text48                            17BE8    17BE8       44     8000       0
                text47                            18302    18302        4     8000       0
                text46                            182FE    182FE        4     8000       0
                text45                            182FA    182FA        4     8000       0
                text44                            182D2    182D2        6     8000       0
                text43                            182F6    182F6        4     8000       0
                text42                            182CC    182CC        6     8000       0
                text41                            182BE    182BE        8     8000       0
                text40                            181BC    181BC       14     8000       0
                text39                            182C6    182C6        6     8000       0
                text38                            171D6    171D6       7E     8000       0
                text37                            1824A    1824A        C     8000       0
                text36                            18206    18206       10     8000       0
                text35                            181F6    181F6       10     8000       0
                text34                            16480    16480       C8     8000       0
                text33                            16B06    16B06       A8     8000       0
                text32                            1823E    1823E        C     8000       0
                text31                            182B6    182B6        8     8000       0
                text30                            182AE    182AE        8     8000       0
                text29                            182A6    182A6        8     8000       0
                text28                            1829E    1829E        8     8000       0
                text27                            18296    18296        8     8000       0
                text26                            1828E    1828E        8     8000       0
                text25                            18286    18286        8     8000       0
                text24                            18232    18232        C     8000       0
                text23                            176F2    176F2       6C     8000       0
                text22                            17686    17686       6C     8000       0
                text21                            181E4    181E4       12     8000       0
                text20                            18088    18088       1E     8000       0
                text19                            17BA4    17BA4       44     8000       0
                text18                            1827E    1827E        8     8000       0
                text17                            18066    18066       22     8000       0
                text16                            16C52    16C52       A2     8000       0
                text15                            180C4    180C4       1C     8000       0
                text14                            17254    17254       7C     8000       0
                text13                            14506    14506      1A0     8000       0
                text12                            1660E    1660E       C4     8000       0
                text11                            1684E    1684E       B0     8000       0
                text10                            16FCA    16FCA       84     8000       0
                text9                             13D1E    13D1E      246     8000       0
                text8                             16F46    16F46       84     8000       0
                text7                             16D94    16D94       9E     8000       0
                text6                             17442    17442       76     8000       0
                text5                             174B8    174B8       74     8000       0
                text4                             15280    15280      15E     8000       0
                text3                             15A52    15A52      11C     8000       0
                text2                             1796C    1796C       58     8000       0
                text1                             16A5C    16A5C       AA     8000       0
                text0                             17CE6    17CE6       38     8000       0
                cstackCOMRAM                          1        1       56        1       1
                cstackBANK0                          60       60       A0       60       1
                cstackBANK1                         100      100      100      100       1
                cstackBANK2                         2B0      2B0       2E      200       1
                bssBIGRAM                           500      500      8AA      500       1
                bssBANK4                            400      400      100      400       1
                bssBANK3                            300      300       42      300       1
                dataBANK2                           2DE      2DE       14      200       1
                bssBANK2                            200      200       B0      200       1
                bssCOMRAM                            57       57        4        1       1
                cinit                             17614    17614       72     8000       0
                nvBANK2                             2F2      2F2        6      200       1
                idataBANK2                        181A8    181A8       14     8000       0

TOTAL           Name                               Link     Load   Length     Space
        CLASS   HEAP           
                heap                                DAA      DAA       DE         7

        CLASS   CODE           
                intcode                               8        8       5C         0
                init                                 64       64        4         0
                reset_vec                             0        0        4         0
                text168                           18322    18322        2         0
                text167                           18164    18164       18         0
                text166                           17DFC    17DFC       36         0
                text165                           18192    18192       16         0
                text164                           18320    18320        2         0
                text163                           17ABC    17ABC       52         0
                text162                           17E64    17E64       32         0
                text161                           18274    18274        A         0
                text159                           1814C    1814C       18         0
                text158                           1831A    1831A        4         0
                text157                           18134    18134       18         0
                text156                           18224    18224        E         0
                text155                           16E32    16E32       8C         0
                text154                           18118    18118       1C         0
                text153                           18042    18042       24         0
                text152                           18216    18216        E         0
                text151                           17FAA    17FAA       28         0
                text150                           180A6    180A6       1E         0
                text149                           18316    18316        4         0
                text148                           16BAE    16BAE       A4         0
                text147                           17834    17834       6A         0
                text146                           17D8E    17D8E       38         0
                text145                           16EBE    16EBE       88         0
                text144                           182F0    182F0        6         0
                text143                           180FC    180FC       1C         0
                text142                           17C70    17C70       3C         0
                text141                           173C8    173C8       7A         0
                text140                           1826A    1826A        A         0
                text139                           17B0E    17B0E       50         0
                text138                           17D56    17D56       38         0
                text137                           1789E    1789E       68         0
                text136                           15E7C    15E7C       F2         0
                text135                           1591A    1591A      138         0
                text134                           175A0    175A0       74         0
                text133                           17CAC    17CAC       3A         0
                text132                           170D2    170D2       84         0
                text131                           14E44    14E44      16C         0
                text130                           1752C    1752C       74         0
                text129                           146A6    146A6      19C         0
                text128                           166D2    166D2       C4         0
                text127                           153DE    153DE      158         0
                text126                           181D0    181D0       14         0
                text125                           182EA    182EA        6         0
                text124                           169AE    169AE       AE         0
                text123                           1332A    1332A      28E         0
                text122                           179C4    179C4       54         0
                text121                           182E4    182E4        6         0
                text120                           1734C    1734C       7C         0
                text119                           15536    15536      154         0
                text118                           16796    16796       B8         0
                text117                           10000    10000      C84         0
                text116                           11BD6    11BD6      432         0
                text115                           12FAE    12FAE      37C         0
                text114                           1775E    1775E       6C         0
                text113                           17F82    17F82       28         0
                text112                           11234    11234      536         0
                text111                           10C84    10C84      5B0         0
                text110                           162EA    162EA       CC         0
                text109                           17E32    17E32       32         0
                text108                           157D2    157D2      148         0
                text107                           12008    12008      42A         0
                text106                           14362    14362      1A4         0
                text105                           12C14    12C14      39A         0
                text104                           13ABC    13ABC      262         0
                text103                           16142    16142       D8         0
                text102                           177CA    177CA       6A         0
                text101                           18260    18260        A         0
                text100                           18256    18256        A         0
                text99                            1176A    1176A      46C         0
                text98                            149C8    149C8      184         0
                text97                            17156    17156       80         0
                text96                            135B8    135B8      28A         0
                text95                            14B4C    14B4C      182         0
                text94                            14168    14168      1FA         0
                text93                            15C88    15C88       FE         0
                text92                            1605E    1605E       E4         0
                text91                            14CCE    14CCE      176         0
                text90                            15B6E    15B6E      11A         0
                text89                            17FF8    17FF8       26         0
                text88                            17FD2    17FD2       26         0
                text87                            17D1E    17D1E       38         0
                text86                            17A6A    17A6A       52         0
                text85                            14FB0    14FB0      16A         0
                text84                            1831E    1831E        2         0
                text83                            163B6    163B6       CA         0
                text82                            17DC6    17DC6       36         0
                text81                            14842    14842      186         0
                text80                            15D86    15D86       F6         0
                text79                            15F6E    15F6E       F0         0
                text78                            1621A    1621A       D0         0
                text77                            17C2C    17C2C       44         0
                text76                            16548    16548       C6         0
                text75                            13F64    13F64      204         0
                text74                            12432    12432      418         0
                text73                            17906    17906       66         0
                text72                            17A18    17A18       52         0
                text71                            1284A    1284A      3CA         0
                text70                            1511A    1511A      166         0
                text69                            16CF4    16CF4       A0         0
                text68                            1817C    1817C       16         0
                text67                            168FE    168FE       B0         0
                text66                            13842    13842      27A         0
                text65                            1568A    1568A      148         0
                text64                            172D0    172D0       7C         0
                text63                            17B5E    17B5E       46         0
                text62                            182DE    182DE        6         0
                text61                            18312    18312        4         0
                text60                            182D8    182D8        6         0
                text59                            17F56    17F56       2C         0
                text58                            1830E    1830E        4         0
                text57                            1830A    1830A        4         0
                text56                            18306    18306        4         0
                text55                            1801E    1801E       24         0
                text54                            1704E    1704E       84         0
                text53                            180E0    180E0       1C         0
                text52                            17F26    17F26       30         0
                text51                            17EF6    17EF6       30         0
                text50                            17EC6    17EC6       30         0
                text49                            17E96    17E96       30         0
                text48                            17BE8    17BE8       44         0
                text47                            18302    18302        4         0
                text46                            182FE    182FE        4         0
                text45                            182FA    182FA        4         0
                text44                            182D2    182D2        6         0
                text43                            182F6    182F6        4         0
                text42                            182CC    182CC        6         0
                text41                            182BE    182BE        8         0
                text40                            181BC    181BC       14         0
                text39                            182C6    182C6        6         0
                text38                            171D6    171D6       7E         0
                text37                            1824A    1824A        C         0
                text36                            18206    18206       10         0
                text35                            181F6    181F6       10         0
                text34                            16480    16480       C8         0
                text33                            16B06    16B06       A8         0
                text32                            1823E    1823E        C         0
                text31                            182B6    182B6        8         0
                text30                            182AE    182AE        8         0
                text29                            182A6    182A6        8         0
                text28                            1829E    1829E        8         0
                text27                            18296    18296        8         0
                text26                            1828E    1828E        8         0
                text25                            18286    18286        8         0
                text24                            18232    18232        C         0
                text23                            176F2    176F2       6C         0
                text22                            17686    17686       6C         0
                text21                            181E4    181E4       12         0
                text20                            18088    18088       1E         0
                text19                            17BA4    17BA4       44         0
                text18                            1827E    1827E        8         0
                text17                            18066    18066       22         0
                text16                            16C52    16C52       A2         0
                text15                            180C4    180C4       1C         0
                text14                            17254    17254       7C         0
                text13                            14506    14506      1A0         0
                text12                            1660E    1660E       C4         0
                text11                            1684E    1684E       B0         0
                text10                            16FCA    16FCA       84         0
                text9                             13D1E    13D1E      246         0
                text8                             16F46    16F46       84         0
                text7                             16D94    16D94       9E         0
                text6                             17442    17442       76         0
                text5                             174B8    174B8       74         0
                text4                             15280    15280      15E         0
                text3                             15A52    15A52      11C         0
                text2                             1796C    1796C       58         0
                text1                             16A5C    16A5C       AA         0
                text0                             17CE6    17CE6       38         0
                cinit                             17614    17614       72         0
                idataBANK2                        181A8    181A8       14         0

        CLASS   CONST          

        CLASS   SMALLCONST     

        CLASS   MEDIUMCONST    
                mediumconst                        FEA0     FEA0      160         0

        CLASS   COMRAM         
                temp                                 5B       5B        1         1
                cstackCOMRAM                          1        1       56         1
                bssCOMRAM                            57       57        4         1

        CLASS   ABS1           

        CLASS   BIGRAM         
                bssBIGRAM                           500      500      8AA         1

        CLASS   RAM            

        CLASS   BANK0          
                cstackBANK0                          60       60       A0         1

        CLASS   BANK1          
                cstackBANK1                         100      100      100         1

        CLASS   BANK2          
                cstackBANK2                         2B0      2B0       2E         1
                dataBANK2                           2DE      2DE       14         1
                bssBANK2                            200      200       B0         1
                nvBANK2                             2F2      2F2        6         1

        CLASS   BANK3          
                bssBANK3                            300      300       42         1

        CLASS   BANK4          
                bssBANK4                            400      400      100         1

        CLASS   BANK5          

        CLASS   BANK6          

        CLASS   BANK7          

        CLASS   BANK8          

        CLASS   BANK9          

        CLASS   BANK10         

        CLASS   BANK11         

        CLASS   BANK12         

        CLASS   BANK13         

        CLASS   BANK14         

        CLASS   SFR            

        CLASS   BIGSFR         

        CLASS   CONFIG         
                config                           300000   300000        C         4

        CLASS   IDLOC          
                idloc                            200000   200000       10         5

        CLASS   EEDATA         

        CLASS   FARRAM         

        CLASS   STACK          



SEGMENTS        Name                           Load    Length   Top    Selector   Space  Class

                reset_vec                      000000  000004  000004         0       0  CODE    
                cstackCOMRAM                   000001  00005B  00005C         1       1  COMRAM  
                intcode                        000008  000060  000068         4       0  CODE    
                cstackBANK0                    000060  0000A0  000100        60       1  BANK0   
                cstackBANK1                    000100  000100  000200       100       1  BANK1   
                bssBANK2                       000200  0000F8  0002F8       200       1  BANK2   
                bssBANK3                       000300  000042  000342       300       1  BANK3   
                bssBANK4                       000400  000100  000500       400       1  BANK4   
                bssBIGRAM                      000500  0008AA  000DAA       500       1  BIGRAM  
                heap                           000DAA  0000DE  000E88       DAA       7  HEAP    
                mediumconst                    00FEA0  000160  010000      7F50       0  MEDIUMCO
                text117                        010000  008324  018324      8000       0  CODE    


UNUSED ADDRESS RANGES

        Name                Unused          Largest block    Delta
        BANK13           000DAA-000DFF               56
        BANK14           000E00-000E87               88
        BANK2            0002F8-0002FF                8
        BANK3            000342-0003FF               BE
        BIGRAM           00005C-00005F                4
                         0002F8-0002FF                8
                         000342-0003FF               BE
                         000DAA-000E87               DE
        BIGSFR           000E8D-000FFF              173
        CODE             000004-000007                4
                         000068-00FE9F             FE38
                         018324-01FFFF             7CDC
        COMRAM           00005C-00005F                4
        CONST            000004-000007                4
                         000068-00FE9F             FE38
                         018324-01FFFF             7CDC
        EEDATA           310000-3103FF              400
        MEDIUMCONST      000F00-00FE9F             EFA0
                         018324-01FFFF             7CDC
        RAM              0002F8-0002FF                8
                         000342-0003FF               BE
                         000DAA-000E87               56
        SFR              000E8D-000FFF               73
        SMALLCONST       000F00-00FE9F              100
                         018324-01FFFF              100

                                  Symbol Table

?_ReadClock                                 cstackCOMRAM 000019
?___awdiv                                   cstackCOMRAM 000005
?___awmod                                   cstackCOMRAM 000005
?___expand_heap                             cstackCOMRAM 000005
?___lldiv                                   cstackCOMRAM 000005
?___lmul                                    cstackCOMRAM 000005
?___lodiv                                   cstackCOMRAM 000005
?___lomod                                   cstackCOMRAM 000005
?___lwdiv                                   cstackCOMRAM 000005
?___simple_search_fl                        cstackCOMRAM 000005
?___wmul                                    cstackCOMRAM 000005
?_asctime                                   cstackCOMRAM 000012
?_atoi                                      cstackCOMRAM 00000C
?_chk_chr                                   cstackCOMRAM 000005
?_clst2sect                                 cstackCOMRAM 000011
?_create_chain                              cstackBANK0  000077
?_dbc_1st                                   cstackCOMRAM 000005
?_dbc_2nd                                   cstackCOMRAM 000005
?_get_fat                                   cstackCOMRAM 00004C
?_get_ldnumber                              cstackCOMRAM 000005
?_isdigit                                   cstackCOMRAM 000005
?_isspace                                   cstackCOMRAM 000005
?_ld_clust                                  cstackCOMRAM 00000C
?_ld_dword                                  cstackCOMRAM 000005
?_ld_word                                   cstackCOMRAM 000005
?_malloc                                    cstackCOMRAM 000019
?_mem_cmp                                   cstackCOMRAM 000005
?_pad                                       cstackCOMRAM 000015
?_rcvr_datablock                            cstackCOMRAM 00000C
?_select                                    cstackCOMRAM 000009
?_sprintf                                   cstackBANK0  000072
?_stoa                                      cstackCOMRAM 00000E
?_strlen                                    cstackCOMRAM 000005
?_strncmp                                   cstackCOMRAM 000005
?_utoa                                      cstackCOMRAM 000020
?_vfpfcnvrt                                 cstackCOMRAM 000040
?_vfprintf                                  cstackBANK0  00006C
?_wait_ready                                cstackCOMRAM 000006
?_xmit_datablock                            cstackCOMRAM 00000C
DRVA_MediaInitialize@cmd                    cstackCOMRAM 00001B
DRVA_MediaInitialize@n                      cstackCOMRAM 00001D
DRVA_MediaInitialize@ocr                    cstackCOMRAM 000015
DRVA_MediaInitialize@ty                     cstackCOMRAM 00001C
DRVA_SectorRead@buffer                      cstackCOMRAM 000018
DRVA_SectorRead@sect                        cstackCOMRAM 00001C
DRVA_SectorRead@sector_address              cstackCOMRAM 000014
DRVA_SectorRead@sector_count                cstackCOMRAM 00001A
DRVA_SectorWrite@buffer                     cstackCOMRAM 000018
DRVA_SectorWrite@sect                       cstackCOMRAM 00001E
DRVA_SectorWrite@sector_address             cstackCOMRAM 000014
DRVA_SectorWrite@sector_count               cstackCOMRAM 00001A
DRVA_TMR_ms@n                               cstackCOMRAM 000001
FatFsDemo_Tasks@F263                        dataBANK2    0002DE
I2C1_CallbackReturnReset@funPtr             cstackCOMRAM 000010
I2C1_Close@returnValue                      cstackCOMRAM 000005
I2C1_MasterOperation@read                   cstackCOMRAM 000014
I2C1_MasterOperation@returnValue            cstackCOMRAM 000015
I2C1_MasterSendTxData@data                  cstackCOMRAM 000005
I2C1_Open@address                           cstackCOMRAM 000005
I2C1_Open@returnValue                       cstackCOMRAM 000006
I2C1_Read1ByteRegister@address              cstackCOMRAM 000017
I2C1_Read1ByteRegister@reg                  cstackCOMRAM 000016
I2C1_Read1ByteRegister@returnValue          cstackCOMRAM 000018
I2C1_SetAddressNackCallback@cb              cstackCOMRAM 00000B
I2C1_SetAddressNackCallback@ptr             cstackCOMRAM 00000E
I2C1_SetBuffer@buffer                       cstackCOMRAM 000005
I2C1_SetBuffer@bufferSize                   cstackCOMRAM 000007
I2C1_SetCallback@cb                         cstackCOMRAM 000005
I2C1_SetCallback@idx                        cstackCOMRAM 00000A
I2C1_SetCallback@ptr                        cstackCOMRAM 000008
I2C1_SetDataCompleteCallback@cb             cstackCOMRAM 00000B
I2C1_SetDataCompleteCallback@ptr            cstackCOMRAM 00000E
I2C1_Write1ByteRegister@address             cstackCOMRAM 000018
I2C1_Write1ByteRegister@data                cstackCOMRAM 000017
I2C1_Write1ByteRegister@reg                 cstackCOMRAM 000016
IOCBF5_SetInterruptHandler@InterruptHandler cstackCOMRAM 000005
ReadClock@day                               cstackCOMRAM 000039
ReadClock@hour                              cstackCOMRAM 000038
ReadClock@min                               cstackCOMRAM 000037
ReadClock@month                             cstackCOMRAM 00003A
ReadClock@sec                               cstackCOMRAM 000036
ReadClock@t                                 cstackCOMRAM 00003C
ReadClock@weekday                           cstackCOMRAM 000035
ReadClock@year                              cstackCOMRAM 00003B
SPI2_ExchangeByte@data                      cstackCOMRAM 000005
SPI2_Open@spi2UniqueConfiguration           cstackCOMRAM 000006
SPI2_ReadBlock@block                        cstackCOMRAM 000006
SPI2_ReadBlock@blockSize                    cstackCOMRAM 000008
SPI2_ReadBlock@data                         cstackCOMRAM 00000A
SPI2_WriteBlock@block                       cstackCOMRAM 000006
SPI2_WriteBlock@blockSize                   cstackCOMRAM 000008
SPI2_WriteBlock@data                        cstackCOMRAM 00000A
SetClock@dayOMOPlace                        cstackCOMRAM 000024
SetClock@dayOMTPlace                        cstackCOMRAM 000030
SetClock@dayOfMonth                         cstackCOMRAM 00001C
SetClock@dayOfMonthToWrite                  cstackCOMRAM 00002A
SetClock@dayOfWeek                          cstackCOMRAM 00001D
SetClock@hour                               cstackCOMRAM 00001E
SetClock@hourOPlace                         cstackCOMRAM 000023
SetClock@hourTPlace                         cstackCOMRAM 00002F
SetClock@hourToWrite                        cstackCOMRAM 000029
SetClock@minOPlace                          cstackCOMRAM 000022
SetClock@minTPlace                          cstackCOMRAM 00002E
SetClock@minToWrite                         cstackCOMRAM 000028
SetClock@minute                             cstackCOMRAM 00001F
SetClock@month                              cstackCOMRAM 00001B
SetClock@monthOPlace                        cstackCOMRAM 000025
SetClock@monthTPlace                        cstackCOMRAM 000031
SetClock@monthToWrite                       cstackCOMRAM 00002B
SetClock@secOPlace                          cstackCOMRAM 000021
SetClock@secTPlace                          cstackCOMRAM 00002D
SetClock@secToWrite                         cstackCOMRAM 000027
SetClock@second                             cstackCOMRAM 000020
SetClock@year                               cstackCOMRAM 000019
SetClock@yearOPlace                         cstackCOMRAM 000026
SetClock@yearTPlace                         cstackCOMRAM 000032
SetClock@yearToWrite                        cstackCOMRAM 00002C
TMR0_SetInterruptHandler@InterruptHandler   cstackCOMRAM 000005
_ANSELA                                     (abs)        000F11
_ANSELB                                     (abs)        000F19
_ANSELC                                     (abs)        000F21
_CardType                                   bssBANK2     00024C
_CurrVol                                    bssBANK2     000250
_DRVA_IOCCD                                 text167      018164
_DRVA_IsMediaInitialized                    text144      0182F0
_DRVA_IsMediaPresent                        text126      0181D0
_DRVA_IsWriteProtected                      text121      0182E4
_DRVA_MediaInitialize                       text123      01332A
_DRVA_MediaInitialize$308                   cstackCOMRAM 000019
_DRVA_SectorRead                            text135      01591A
_DRVA_SectorWrite                           text131      014E44
_DRVA_TMR_ms                                text163      017ABC
_DiskInitialized                            bssBANK2     000252
_DiskWP                                     bssBANK2     000251
_ExCvt                                      mediumconst  00FEA1
_FatFs                                      bssBANK2     00024A
_Fsid                                       bssBANK2     000248
_I2C1_CallbackReturnReset                   text46       0182FE
_I2C1_CallbackReturnStop                    text47       018302
_I2C1_Close                                 text59       017F56
_I2C1_DO_ADDRESS_NACK                       text23       0176F2
_I2C1_DO_IDLE                               text37       01824A
_I2C1_DO_RCEN                               text32       01823E
_I2C1_DO_RESET                              text24       018232
_I2C1_DO_RX                                 text33       016B06
_I2C1_DO_RX_ACK                             text27       018296
_I2C1_DO_RX_NACK_RESTART                    text25       018286
_I2C1_DO_RX_NACK_STOP                       text26       01828E
_I2C1_DO_SEND_ADR_READ                      text36       018206
_I2C1_DO_SEND_ADR_WRITE                     text35       0181F6
_I2C1_DO_SEND_RESTART                       text29       0182A6
_I2C1_DO_SEND_RESTART_READ                  text31       0182B6
_I2C1_DO_SEND_RESTART_WRITE                 text30       0182AE
_I2C1_DO_SEND_STOP                          text28       01829E
_I2C1_DO_TX                                 text34       016480
_I2C1_DO_TX_EMPTY                           text38       0171D6
_I2C1_Initialize                            text159      01814C
_I2C1_MasterClearIrq                        text62       0182DE
_I2C1_MasterClose                           text61       018312
_I2C1_MasterDisableIrq                      text60       0182D8
_I2C1_MasterEnableRestart                   text57       01830A
_I2C1_MasterFsm                             text22       017686
_I2C1_MasterGetRxData                       text43       0182F6
_I2C1_MasterIsNack                          text40       0181BC
_I2C1_MasterOpen                            text17       018066
_I2C1_MasterOperation                       text19       017BA4
_I2C1_MasterSendAck                         text42       0182CC
_I2C1_MasterSendNack                        text44       0182D2
_I2C1_MasterSendTxData                      text41       0182BE
_I2C1_MasterSetIrq                          text39       0182C6
_I2C1_MasterStart                           text58       01830E
_I2C1_MasterStartRx                         text45       0182FA
_I2C1_MasterStop                            text56       018306
_I2C1_MasterWaitForEvent                    text21       0181E4
_I2C1_MasterWrite                           text18       01827E
_I2C1_Open                                  text16       016C52
_I2C1_Poller                                text20       018088
_I2C1_Read1ByteRegister                     text14       017254
_I2C1_SetAddressNackCallback                text15       0180C4
_I2C1_SetBuffer                             text55       01801E
_I2C1_SetCallback                           text54       01704E
_I2C1_SetDataCompleteCallback               text53       0180E0
_I2C1_Status                                bssBANK2     000200
_I2C1_Write1ByteRegister                    text6        017442
_INLVLA                                     (abs)        000F0D
_INLVLB                                     (abs)        000F15
_INLVLC                                     (abs)        000F1D
_INLVLE                                     (abs)        000F2A
_INTCONbits                                 (abs)        000FF2
_INTERRUPT_Initialize                       text158      01831A
_INTERRUPT_InterruptManager                 intcode      000008
_IOCBF5_DefaultInterruptHandler             text168      018322
_IOCBF5_ISR                                 text166      017DFC
_IOCBF5_InterruptHandler                    nvBANK2      0002F5
_IOCBF5_SetInterruptHandler                 text156      018224
_IOCBFbits                                  (abs)        000F12
_IOCBNbits                                  (abs)        000F13
_IOCBPbits                                  (abs)        000F14
_LATA                                       (abs)        000F83
_LATB                                       (abs)        000F84
_LATBbits                                   (abs)        000F84
_LATC                                       (abs)        000F85
_LATCbits                                   (abs)        000F85
_ODCONA                                     (abs)        000F0F
_ODCONB                                     (abs)        000F17
_ODCONC                                     (abs)        000F1F
_OSCCON1                                    (abs)        000ED8
_OSCCON3                                    (abs)        000EDA
_OSCEN                                      (abs)        000EDC
_OSCFRQ                                     (abs)        000EDE
_OSCILLATOR_Initialize                      text157      018134
_OSCTUNE                                    (abs)        000EDD
_PIE0bits                                   (abs)        000EC2
_PIE3bits                                   (abs)        000EC5
_PIN_MANAGER_IOC                            text165      018192
_PIN_MANAGER_Initialize                     text155      016E32
_PIR0bits                                   (abs)        000ECA
_PIR3bits                                   (abs)        000ECD
_PMD0                                       (abs)        000EE1
_PMD1                                       (abs)        000EE2
_PMD2                                       (abs)        000EE3
_PMD3                                       (abs)        000EE4
_PMD4                                       (abs)        000EE5
_PMD5                                       (abs)        000EE6
_PMD_Initialize                             text154      018118
_PORTA                                      (abs)        000F8D
_PORTBbits                                  (abs)        000F8E
_PORTCbits                                  (abs)        000F8F
_RB1PPS                                     (abs)        000EF0
_RB3PPS                                     (abs)        000EF2
_RC3PPS                                     (abs)        000EFA
_RC4PPS                                     (abs)        000EFB
_ReadClock                                  text13       014506
_SLRCONA                                    (abs)        000F0E
_SLRCONB                                    (abs)        000F16
_SLRCONC                                    (abs)        000F1E
_SPI2_Close                                 text125      0182EA
_SPI2_ExchangeByte                          text143      0180FC
_SPI2_Initialize                            text153      018042
_SPI2_Open                                  text124      0169AE
_SPI2_ReadBlock                             text142      017C70
_SPI2_WriteBlock                            text133      017CAC
_SSP1ADD                                    (abs)        000F93
_SSP1BUF                                    (abs)        000F92
_SSP1CLKPPS                                 (abs)        000EB7
_SSP1CON1                                   (abs)        000F96
_SSP1CON1bits                               (abs)        000F96
_SSP1CON2                                   (abs)        000F97
_SSP1CON2bits                               (abs)        000F97
_SSP1CON3                                   (abs)        000F98
_SSP1DATPPS                                 (abs)        000EB8
_SSP1STAT                                   (abs)        000F95
_SSP1STATbits                               (abs)        000F95
_SSP2ADD                                    (abs)        000E93
_SSP2BUF                                    (abs)        000E92
_SSP2CLKPPS                                 (abs)        000E8F
_SSP2CON1                                   (abs)        000E96
_SSP2CON1bits                               (abs)        000E96
_SSP2CON2                                   (abs)        000E97
_SSP2DATPPS                                 (abs)        000E90
_SSP2STAT                                   (abs)        000E95
_SYSTEM_Initialize                          text150      0180A6
_SetClock                                   text4        015280
_T0CON0                                     (abs)        000FD5
_T0CON0bits                                 (abs)        000FD5
_T0CON1                                     (abs)        000FD6
_TMR0H                                      (abs)        000FD4
_TMR0L                                      (abs)        000FD3
_TMR0_CallBack                              text162      017E64
_TMR0_DefaultInterruptHandler               text164      018320
_TMR0_ISR                                   text161      018274
_TMR0_Initialize                            text151      017FAA
_TMR0_InterruptHandler                      nvBANK2      0002F2
_TMR0_SetInterruptHandler                   text152      018216
_TMR0_StartTimer                            text149      018316
_TRISA                                      (abs)        000F88
_TRISB                                      (abs)        000F89
_TRISBbits                                  (abs)        000F89
_TRISC                                      (abs)        000F8A
_Timer1                                     bssCOMRAM    000059
_Timer2                                     bssBANK2     00024E
_WPUA                                       (abs)        000F10
_WPUB                                       (abs)        000F18
_WPUC                                       (abs)        000F20
_WPUE                                       (abs)        000F2D
__HRAM                                      (abs)        000000
__Habs1                                     abs1         000000
__Hbank0                                    bank0        000000
__Hbank1                                    bank1        000000
__Hbank10                                   bank10       000000
__Hbank11                                   bank11       000000
__Hbank12                                   bank12       000000
__Hbank13                                   bank13       000000
__Hbank14                                   bank14       000000
__Hbank2                                    bank2        000000
__Hbank3                                    bank3        000000
__Hbank4                                    bank4        000000
__Hbank5                                    bank5        000000
__Hbank6                                    bank6        000000
__Hbank7                                    bank7        000000
__Hbank8                                    bank8        000000
__Hbank9                                    bank9        000000
__Hbigbss                                   bigbss       000000
__Hbigdata                                  bigdata      000000
__Hbigram                                   bigram       000000
__Hbigsfr                                   bigsfr       000000
__Hbss                                      bss          000000
__HbssBANK2                                 bssBANK2     000000
__HbssBANK3                                 bssBANK3     000000
__HbssBANK4                                 bssBANK4     000000
__HbssBIGRAM                                bssBIGRAM    000000
__HbssCOMRAM                                bssCOMRAM    000000
__Hcinit                                    cinit        000000
__Hclrtext                                  clrtext      000000
__Hcomram                                   comram       000000
__Hconfig                                   config       30000C
__Hconst                                    const        000000
__HcstackBANK0                              cstackBANK0  000000
__HcstackBANK1                              cstackBANK1  000000
__HcstackBANK2                              cstackBANK2  000000
__HcstackCOMRAM                             cstackCOMRAM 000000
__Hdata                                     data         000000
__HdataBANK2                                dataBANK2    000000
__Heeprom_data                              eeprom_data  000000
__Hfarbss                                   farbss       000000
__Hfardata                                  fardata      000000
__Hheap                                     heap         000E88
__Hibigdata                                 ibigdata     000000
__Hidata                                    idata        000000
__HidataBANK2                               idataBANK2   000000
__Hidloc                                    idloc        200010
__Hifardata                                 ifardata     000000
__Hinit                                     init         000068
__Hintcode                                  intcode      000064
__Hintcode_body                             intcode_body 000000
__Hintcodelo                                intcodelo    000064
__Hintentry                                 intentry     000000
__Hintret                                   intret       000000
__Hintsave_regs                             intsave_regs 000000
__Hirdata                                   irdata       000000
__Hmediumconst                              mediumconst  010000
__HnvBANK2                                  nvBANK2      000000
__HnvFARRAM                                 nvFARRAM     000000
__Hnvbit                                    nvbit        000000
__Hnvrram                                   nvrram       000000
__Hparam                                    rparam       000000
__Hpowerup                                  powerup      000064
__Hram                                      ram          000000
__Hramtop                                   ramtop       000F00
__Hrbit                                     rbit         000000
__Hrbss                                     rbss         000000
__Hrdata                                    rdata        000000
__Hreset_vec                                reset_vec    000004
__Hrparam                                   rparam       000000
__Hsfr                                      sfr          000000
__Hsmallconst                               smallconst   000000
__Hspace_0                                  (abs)        018324
__Hspace_1                                  (abs)        000DAA
__Hspace_2                                  (abs)        000000
__Hspace_4                                  (abs)        60000C
__Hstack                                    stack        000000
__Hstruct                                   struct       000000
__Htemp                                     temp         00005C
__Htext                                     text         000000
__Htext0                                    text0        000000
__Htext1                                    text1        000000
__Htext10                                   text10       000000
__Htext100                                  text100      000000
__Htext101                                  text101      000000
__Htext102                                  text102      000000
__Htext103                                  text103      000000
__Htext104                                  text104      000000
__Htext105                                  text105      000000
__Htext106                                  text106      000000
__Htext107                                  text107      000000
__Htext108                                  text108      000000
__Htext109                                  text109      000000
__Htext11                                   text11       000000
__Htext110                                  text110      000000
__Htext111                                  text111      000000
__Htext112                                  text112      000000
__Htext113                                  text113      000000
__Htext114                                  text114      000000
__Htext115                                  text115      000000
__Htext116                                  text116      000000
__Htext117                                  text117      000000
__Htext118                                  text118      000000
__Htext119                                  text119      000000
__Htext12                                   text12       000000
__Htext120                                  text120      000000
__Htext121                                  text121      000000
__Htext122                                  text122      000000
__Htext123                                  text123      000000
__Htext124                                  text124      000000
__Htext125                                  text125      000000
__Htext126                                  text126      000000
__Htext127                                  text127      000000
__Htext128                                  text128      000000
__Htext129                                  text129      000000
__Htext13                                   text13       000000
__Htext130                                  text130      000000
__Htext131                                  text131      000000
__Htext132                                  text132      000000
__Htext133                                  text133      000000
__Htext134                                  text134      000000
__Htext135                                  text135      000000
__Htext136                                  text136      000000
__Htext137                                  text137      000000
__Htext138                                  text138      000000
__Htext139                                  text139      000000
__Htext14                                   text14       000000
__Htext140                                  text140      000000
__Htext141                                  text141      000000
__Htext142                                  text142      000000
__Htext143                                  text143      000000
__Htext144                                  text144      000000
__Htext145                                  text145      000000
__Htext146                                  text146      000000
__Htext147                                  text147      000000
__Htext148                                  text148      000000
__Htext149                                  text149      000000
__Htext15                                   text15       000000
__Htext150                                  text150      000000
__Htext151                                  text151      000000
__Htext152                                  text152      000000
__Htext153                                  text153      000000
__Htext154                                  text154      000000
__Htext155                                  text155      000000
__Htext156                                  text156      000000
__Htext157                                  text157      000000
__Htext158                                  text158      000000
__Htext159                                  text159      000000
__Htext16                                   text16       000000
__Htext161                                  text161      000000
__Htext162                                  text162      000000
__Htext163                                  text163      000000
__Htext164                                  text164      000000
__Htext165                                  text165      000000
__Htext166                                  text166      000000
__Htext167                                  text167      000000
__Htext168                                  text168      000000
__Htext169                                  text169      000000
__Htext17                                   text17       000000
__Htext18                                   text18       000000
__Htext19                                   text19       000000
__Htext2                                    text2        000000
__Htext20                                   text20       000000
__Htext21                                   text21       000000
__Htext22                                   text22       000000
__Htext23                                   text23       000000
__Htext24                                   text24       000000
__Htext25                                   text25       000000
__Htext26                                   text26       000000
__Htext27                                   text27       000000
__Htext28                                   text28       000000
__Htext29                                   text29       000000
__Htext3                                    text3        000000
__Htext30                                   text30       000000
__Htext31                                   text31       000000
__Htext32                                   text32       000000
__Htext33                                   text33       000000
__Htext34                                   text34       000000
__Htext35                                   text35       000000
__Htext36                                   text36       000000
__Htext37                                   text37       000000
__Htext38                                   text38       000000
__Htext39                                   text39       000000
__Htext4                                    text4        000000
__Htext40                                   text40       000000
__Htext41                                   text41       000000
__Htext42                                   text42       000000
__Htext43                                   text43       000000
__Htext44                                   text44       000000
__Htext45                                   text45       000000
__Htext46                                   text46       000000
__Htext47                                   text47       000000
__Htext48                                   text48       000000
__Htext49                                   text49       000000
__Htext5                                    text5        000000
__Htext50                                   text50       000000
__Htext51                                   text51       000000
__Htext52                                   text52       000000
__Htext53                                   text53       000000
__Htext54                                   text54       000000
__Htext55                                   text55       000000
__Htext56                                   text56       000000
__Htext57                                   text57       000000
__Htext58                                   text58       000000
__Htext59                                   text59       000000
__Htext6                                    text6        000000
__Htext60                                   text60       000000
__Htext61                                   text61       000000
__Htext62                                   text62       000000
__Htext63                                   text63       000000
__Htext64                                   text64       000000
__Htext65                                   text65       000000
__Htext66                                   text66       000000
__Htext67                                   text67       000000
__Htext68                                   text68       000000
__Htext69                                   text69       000000
__Htext7                                    text7        000000
__Htext70                                   text70       000000
__Htext71                                   text71       000000
__Htext72                                   text72       000000
__Htext73                                   text73       000000
__Htext74                                   text74       000000
__Htext75                                   text75       000000
__Htext76                                   text76       000000
__Htext77                                   text77       000000
__Htext78                                   text78       000000
__Htext79                                   text79       000000
__Htext8                                    text8        000000
__Htext80                                   text80       000000
__Htext81                                   text81       000000
__Htext82                                   text82       000000
__Htext83                                   text83       000000
__Htext84                                   text84       000000
__Htext85                                   text85       000000
__Htext86                                   text86       000000
__Htext87                                   text87       000000
__Htext88                                   text88       000000
__Htext89                                   text89       000000
__Htext9                                    text9        000000
__Htext90                                   text90       000000
__Htext91                                   text91       000000
__Htext92                                   text92       000000
__Htext93                                   text93       000000
__Htext94                                   text94       000000
__Htext95                                   text95       000000
__Htext96                                   text96       000000
__Htext97                                   text97       000000
__Htext98                                   text98       000000
__Htext99                                   text99       000000
__LRAM                                      (abs)        000001
__Labs1                                     abs1         000000
__Lbank0                                    bank0        000000
__Lbank1                                    bank1        000000
__Lbank10                                   bank10       000000
__Lbank11                                   bank11       000000
__Lbank12                                   bank12       000000
__Lbank13                                   bank13       000000
__Lbank14                                   bank14       000000
__Lbank2                                    bank2        000000
__Lbank3                                    bank3        000000
__Lbank4                                    bank4        000000
__Lbank5                                    bank5        000000
__Lbank6                                    bank6        000000
__Lbank7                                    bank7        000000
__Lbank8                                    bank8        000000
__Lbank9                                    bank9        000000
__Lbigbss                                   bigbss       000000
__Lbigdata                                  bigdata      000000
__Lbigram                                   bigram       000000
__Lbigsfr                                   bigsfr       000000
__Lbss                                      bss          000000
__LbssBANK2                                 bssBANK2     000000
__LbssBANK3                                 bssBANK3     000000
__LbssBANK4                                 bssBANK4     000000
__LbssBIGRAM                                bssBIGRAM    000000
__LbssCOMRAM                                bssCOMRAM    000000
__Lcinit                                    cinit        000000
__Lclrtext                                  clrtext      000000
__Lcomram                                   comram       000000
__Lconfig                                   config       000000
__Lconst                                    const        000000
__LcstackBANK0                              cstackBANK0  000000
__LcstackBANK1                              cstackBANK1  000000
__LcstackBANK2                              cstackBANK2  000000
__LcstackCOMRAM                             cstackCOMRAM 000000
__Ldata                                     data         000000
__LdataBANK2                                dataBANK2    000000
__Leeprom_data                              eeprom_data  000000
__Lfarbss                                   farbss       000000
__Lfardata                                  fardata      000000
__Lheap                                     heap         000DAA
__Libigdata                                 ibigdata     000000
__Lidata                                    idata        000000
__LidataBANK2                               idataBANK2   000000
__Lidloc                                    idloc        000000
__Lifardata                                 ifardata     000000
__Linit                                     init         000064
__Lintcode                                  intcode      000008
__Lintcode_body                             intcode_body 000000
__Lintcodelo                                intcodelo    000064
__Lintentry                                 intentry     000000
__Lintret                                   intret       000000
__Lintsave_regs                             intsave_regs 000000
__Lirdata                                   irdata       000000
__Lmediumconst                              mediumconst  00FEA0
__LnvBANK2                                  nvBANK2      000000
__LnvFARRAM                                 nvFARRAM     000000
__Lnvbit                                    nvbit        000000
__Lnvrram                                   nvrram       000000
__Lparam                                    rparam       000000
__Lpowerup                                  powerup      000064
__Lram                                      ram          000000
__Lramtop                                   ramtop       000F00
__Lrbit                                     rbit         000000
__Lrbss                                     rbss         000000
__Lrdata                                    rdata        000000
__Lreset_vec                                reset_vec    000000
__Lrparam                                   rparam       000000
__Lsfr                                      sfr          000000
__Lsmallconst                               smallconst   000000
__Lspace_0                                  (abs)        000000
__Lspace_1                                  (abs)        000000
__Lspace_2                                  (abs)        000000
__Lspace_4                                  (abs)        000000
__Lstack                                    stack        000000
__Lstruct                                   struct       000000
__Ltemp                                     temp         00005B
__Ltext                                     text         000000
__Ltext0                                    text0        000000
__Ltext1                                    text1        000000
__Ltext10                                   text10       000000
__Ltext100                                  text100      000000
__Ltext101                                  text101      000000
__Ltext102                                  text102      000000
__Ltext103                                  text103      000000
__Ltext104                                  text104      000000
__Ltext105                                  text105      000000
__Ltext106                                  text106      000000
__Ltext107                                  text107      000000
__Ltext108                                  text108      000000
__Ltext109                                  text109      000000
__Ltext11                                   text11       000000
__Ltext110                                  text110      000000
__Ltext111                                  text111      000000
__Ltext112                                  text112      000000
__Ltext113                                  text113      000000
__Ltext114                                  text114      000000
__Ltext115                                  text115      000000
__Ltext116                                  text116      000000
__Ltext117                                  text117      000000
__Ltext118                                  text118      000000
__Ltext119                                  text119      000000
__Ltext12                                   text12       000000
[...]
put_fat@bc                                  cstackBANK0  000074
put_fat@clst                                cstackCOMRAM 00004E
put_fat@fs                                  cstackCOMRAM 00004C
put_fat@p                                   cstackBANK0  000072
put_fat@res                                 cstackBANK0  000076
put_fat@val                                 cstackCOMRAM 000052
rcvr_datablock@btr                          cstackCOMRAM 00000E
rcvr_datablock@buff                         cstackCOMRAM 00000C
rcvr_datablock@token                        cstackCOMRAM 000010
rd1RegCompleteHandler@ptr                   cstackCOMRAM 000010
rd2RegCompleteHandler@ptr                   cstackCOMRAM 000010
rdBlkRegCompleteHandler@ptr                 cstackCOMRAM 000010
rtcGetAClk@bufferOut                        cstackBANK0  000060
rtcGetAClk@outSize                          cstackBANK0  000062
rtcGetAClk@t                                cstackBANK0  000064
rtcGetClk@bufferOut                         cstackBANK0  000060
rtcGetClk@t                                 cstackBANK0  000068
rtcSetClk@argBuffer                         cstackCOMRAM 00003A
rtcSetClk@argCount                          cstackCOMRAM 000039
rtcSetClk@buffer                            cstackCOMRAM 00003C
rtcSetClk@year                              cstackCOMRAM 000037
rtcdrv_poll@d                               cstackBANK2  0002DD
rtcdrv_poll@x                               cstackBANK2  0002D9
rtcdrv_poll@x_4556                          cstackBANK2  0002DB
sendBuffer@buff                             cstackCOMRAM 000009
sendBuffer@i                                cstackCOMRAM 00000F
sendBuffer@size                             cstackCOMRAM 00000B
sendBuffer@x                                cstackCOMRAM 000011
sendBuffer@x_4427                           cstackCOMRAM 000013
sendBuffer@x_4436                           cstackCOMRAM 000015
sendBuffer@x_4437                           cstackCOMRAM 000017
sendBufferLen@bufferLen                     cstackCOMRAM 000019
sendBufferLen@outbuff                       cstackCOMRAM 00001B
send_cmd@arg                                cstackCOMRAM 00000D
send_cmd@cmd                                cstackCOMRAM 000013
send_cmd@n                                  cstackCOMRAM 000011
send_cmd@res                                cstackCOMRAM 000012
send_cmd_55@n                               cstackCOMRAM 00000C
send_cmd_55@res                             cstackCOMRAM 00000B
sprintf@ap                                  cstackBANK0  00007C
sprintf@f                                   cstackBANK0  00007E
sprintf@fmt                                 cstackBANK0  000074
sprintf@s                                   cstackBANK0  000072
st_dword@ptr                                cstackCOMRAM 000005
st_dword@val                                cstackCOMRAM 000007
st_word@ptr                                 cstackCOMRAM 000005
st_word@val                                 cstackCOMRAM 000007
stackhi                                     (abs)        000000
stacklo                                     (abs)        000000
start                                       init         000064
start_initialization                        cinit        017614
stoa@F1142                                  dataBANK2    0002EB
stoa@cp                                     cstackCOMRAM 00001E
stoa@fp                                     cstackCOMRAM 00000E
stoa@i                                      cstackCOMRAM 00001A
stoa@l                                      cstackCOMRAM 000022
stoa@nuls                                   cstackCOMRAM 000013
stoa@p                                      cstackCOMRAM 000020
stoa@s                                      cstackCOMRAM 000010
stoa@w                                      cstackCOMRAM 00001C
strlen@a                                    cstackCOMRAM 000007
strlen@s                                    cstackCOMRAM 000005
strncmp@_l                                  cstackCOMRAM 000005
strncmp@_r                                  cstackCOMRAM 000007
strncmp@l                                   cstackCOMRAM 00000C
strncmp@n                                   cstackCOMRAM 000009
strncmp@r                                   cstackCOMRAM 00000E
sync_window@fs                              cstackCOMRAM 00002E
sync_window@res                             cstackCOMRAM 000040
ttemp5                                      temp         00005C
ttemp6                                      temp         00005F
ttemp7                                      temp         000063
utoa@d                                      cstackCOMRAM 000022
utoa@fp                                     cstackCOMRAM 000020
utoa@i                                      cstackCOMRAM 00003E
utoa@n                                      cstackCOMRAM 000036
utoa@p                                      cstackCOMRAM 000032
utoa@w                                      cstackCOMRAM 000034
validate@obj                                cstackCOMRAM 000009
validate@res                                cstackCOMRAM 000013
validate@rfs                                cstackCOMRAM 00000B
vfpfcnvrt@ap                                cstackCOMRAM 000044
vfpfcnvrt@cp                                cstackBANK0  000060
vfpfcnvrt@fmt                               cstackCOMRAM 000042
vfpfcnvrt@fp                                cstackCOMRAM 000040
vfpfcnvrt@llu                               cstackBANK0  000064
vfprintf@ap                                 cstackBANK0  000070
vfprintf@cfmt                               cstackCOMRAM 00004C
vfprintf@fmt                                cstackBANK0  00006E
vfprintf@fp                                 cstackBANK0  00006C
wait_ready@d                                cstackCOMRAM 000008
wr1RegCompleteHandler@ptr                   cstackCOMRAM 000010
wr2RegCompleteHandler@ptr                   cstackCOMRAM 000010
wtemp8                                      temp         00005C
xmit_datablock@buff                         cstackCOMRAM 00000C
xmit_datablock@resp                         cstackCOMRAM 00000F
xmit_datablock@token                        cstackCOMRAM 00000E


MODULE INFORMATION

Module		Function		Class		Link	Load	Size
C:\Program Files\Microchip\xc8\v2.36\pic\sources\c99\common\lite_free.c
		___simple_search_fl		CODE           	13842	0000	634
		_free          		CODE           	1511A	0000	358

C:\Program Files\Microchip\xc8\v2.36\pic\sources\c99\common\lite_free.c estimated size: 992

C:\Program Files\Microchip\xc8\v2.36\pic\sources\c99\common\putch.c
		_putch         		CODE           	1831E	0000	2

C:\Program Files\Microchip\xc8\v2.36\pic\sources\c99\common\putch.c estimated size: 2

mcc_generated_files/examples/i2c1_master_example.c
		_wr1RegCompleteHandler		CODE           	17E96	0000	48
		_wr2RegCompleteHandler		CODE           	17F26	0000	48
		_I2C1_Write1ByteRegister		CODE           	17442	0000	118
		_rdBlkRegCompleteHandler		CODE           	17BE8	0000	68
		_rd1RegCompleteHandler		CODE           	17EF6	0000	48
		_rd2RegCompleteHandler		CODE           	17EC6	0000	48
		_I2C1_Read1ByteRegister		CODE           	17254	0000	124

mcc_generated_files/examples/i2c1_master_example.c estimated size: 502

C:\Program Files\Microchip\xc8\v2.36\pic\sources\c99\common\asctime.c
		_put2d         		CODE           	16FCA	0000	132
		_asctime       		CODE           	13D1E	0000	582

C:\Program Files\Microchip\xc8\v2.36\pic\sources\c99\common\asctime.c estimated size: 714

C:\Program Files\Microchip\xc8\v2.36\pic\sources\c99\common\lomod.c
		___lomod       		CODE           	1621A	0000	208

C:\Program Files\Microchip\xc8\v2.36\pic\sources\c99\common\lomod.c estimated size: 208

C:\Program Files\Microchip\xc8\v2.36\pic\sources\c99\common\nf_fputs.c
		_fputs         		CODE           	17C2C	0000	68

C:\Program Files\Microchip\xc8\v2.36\pic\sources\c99\common\nf_fputs.c estimated size: 68

mcc_generated_files/fatfs/ff.c
		_clst2sect     		CODE           	162EA	0000	204
		_find_volume   		CODE           	10000	0000	3204
		_dir_clear     		CODE           	157D2	0000	328
		_ld_dword      		CODE           	16796	0000	184
		_f_getlabel    		CODE           	13ABC	0000	610
		_f_mount       		CODE           	16142	0000	216
		_get_fat       		CODE           	11BD6	0000	1074
		_st_word       		CODE           	17F82	0000	40
		_get_ldnumber  		CODE           	15536	0000	340
		_create_name   		CODE           	1176A	0000	1132
		_chk_chr       		CODE           	177CA	0000	106
		_create_chain  		CODE           	10C84	0000	1456
		_dbc_1st       		CODE           	18260	0000	10
		_validate      		CODE           	15C88	0000	254
		_check_fs      		CODE           	153DE	0000	344
		_get_fileinfo  		CODE           	14168	0000	506
		_dir_read      		CODE           	14362	0000	420
		_st_dword      		CODE           	1775E	0000	108
		_mem_set       		CODE           	17E32	0000	50
		_f_opendir     		CODE           	14B4C	0000	386
		_put_fat       		CODE           	11234	0000	1334
		_f_readdir     		CODE           	1605E	0000	228
		_dir_next      		CODE           	12008	0000	1066
		_sync_window   		CODE           	146A6	0000	412
		_f_getfree     		CODE           	12FAE	0000	892
		_ld_word       		CODE           	17D8E	0000	56
		_dir_find      		CODE           	149C8	0000	388
		_mem_cmp       		CODE           	16EBE	0000	136
		_dir_sdi       		CODE           	12C14	0000	922
		_follow_path   		CODE           	135B8	0000	650
		_dbc_2nd       		CODE           	18256	0000	10
		_ld_clust      		CODE           	17156	0000	128
		_move_window   		CODE           	166D2	0000	196

mcc_generated_files/fatfs/ff.c estimated size: 17390

mcc_generated_files/fatfs/drva.c
		_DRVA_IsMediaPresent		CODE           	181D0	0000	20
		_rcvr_datablock		CODE           	173C8	0000	122
		_DRVA_TMR_ms   		CODE           	17ABC	0000	82
		_send_cmd      		CODE           	15E7C	0000	242
		_send_cmd_55   		CODE           	1789E	0000	104
		_DRVA_SectorWrite		CODE           	14E44	0000	364
		_deselect      		CODE           	1826A	0000	10
		_DRVA_MediaInitialize		CODE           	1332A	0000	654
		_DRVA_IOCCD    		CODE           	18164	0000	24
		_DRVA_IsWriteProtected		CODE           	182E4	0000	6
		_select        		CODE           	17D56	0000	56
		_DRVA_SectorRead		CODE           	1591A	0000	312
		_xmit_datablock		CODE           	170D2	0000	132
		_wait_ready    		CODE           	17B0E	0000	80
		_DRVA_IsMediaInitialized		CODE           	182F0	0000	6

mcc_generated_files/fatfs/drva.c estimated size: 2214

C:\Program Files\Microchip\xc8\v2.36\pic\sources\c99\common\strncmp.c
		_strncmp       		CODE           	15D86	0000	246

C:\Program Files\Microchip\xc8\v2.36\pic\sources\c99\common\strncmp.c estimated size: 246

mcc_generated_files/i2c1_master.c
		_I2C1_DO_SEND_RESTART		CODE           	182A6	0000	8
		_I2C1_DO_TX_EMPTY		CODE           	171D6	0000	126
		_I2C1_DO_SEND_RESTART_READ		CODE           	182B6	0000	8
		_I2C1_CallbackReturnStop		CODE           	18302	0000	4
		_I2C1_DO_RX    		CODE           	16B06	0000	168
		_I2C1_DO_TX    		CODE           	16480	0000	200
		_I2C1_SetAddressNackCallback		CODE           	180C4	0000	28
		_I2C1_DO_IDLE  		CODE           	1824A	0000	12
		_I2C1_MasterOpen		CODE           	18066	0000	34
		_I2C1_DO_RCEN  		CODE           	1823E	0000	12
		_I2C1_MasterSendTxData		CODE           	182BE	0000	8
		_I2C1_MasterStop		CODE           	18306	0000	4
		_I2C1_CallbackReturnReset		CODE           	182FE	0000	4
		_I2C1_DO_RESET 		CODE           	18232	0000	12
		_I2C1_MasterStartRx		CODE           	182FA	0000	4
		_I2C1_Poller   		CODE           	18088	0000	30
		_I2C1_DO_RX_ACK		CODE           	18296	0000	8
		_I2C1_MasterWaitForEvent		CODE           	181E4	0000	18
		_I2C1_MasterSendNack		CODE           	182D2	0000	6
		_I2C1_DO_RX_NACK_RESTART		CODE           	18286	0000	8
		_I2C1_MasterDisableIrq		CODE           	182D8	0000	6
		_I2C1_MasterOperation		CODE           	17BA4	0000	68
		_I2C1_SetCallback		CODE           	1704E	0000	132
		_I2C1_MasterEnableRestart		CODE           	1830A	0000	4
		_I2C1_Open     		CODE           	16C52	0000	162
		_I2C1_DO_ADDRESS_NACK		CODE           	176F2	0000	108
		_I2C1_SetBuffer		CODE           	1801E	0000	36
		_I2C1_DO_SEND_RESTART_WRITE		CODE           	182AE	0000	8
		_I2C1_MasterClose		CODE           	18312	0000	4
		_I2C1_MasterWrite		CODE           	1827E	0000	8
		_I2C1_Initialize		CODE           	1814C	0000	24
		_I2C1_Close    		CODE           	17F56	0000	44
		_I2C1_MasterIsNack		CODE           	181BC	0000	20
		_I2C1_MasterStart		CODE           	1830E	0000	4
		_I2C1_DO_SEND_ADR_WRITE		CODE           	181F6	0000	16
		_I2C1_MasterClearIrq		CODE           	182DE	0000	6
		_I2C1_SetDataCompleteCallback		CODE           	180E0	0000	28
		_I2C1_DO_SEND_STOP		CODE           	1829E	0000	8
		_I2C1_MasterSendAck		CODE           	182CC	0000	6
		_I2C1_MasterFsm		CODE           	17686	0000	108
		_I2C1_MasterGetRxData		CODE           	182F6	0000	4
		_I2C1_MasterSetIrq		CODE           	182C6	0000	6
		_I2C1_DO_SEND_ADR_READ		CODE           	18206	0000	16
		_I2C1_DO_RX_NACK_STOP		CODE           	1828E	0000	8

mcc_generated_files/i2c1_master.c estimated size: 1536

C:\Program Files\Microchip\xc8\v2.36\pic\sources\c99\common\atoi.c
		_atoi          		CODE           	14FB0	0000	362

C:\Program Files\Microchip\xc8\v2.36\pic\sources\c99\common\atoi.c estimated size: 362

mcc_generated_files/interrupt_manager.c
		_INTERRUPT_Initialize		CODE           	1831A	0000	4
		_INTERRUPT_InterruptManager		CODE           	0008	0000	92

mcc_generated_files/interrupt_manager.c estimated size: 96

C:\Program Files\Microchip\xc8\v2.36\pic\sources\c99\common\awmod.c
		___awmod       		CODE           	1684E	0000	176

C:\Program Files\Microchip\xc8\v2.36\pic\sources\c99\common\awmod.c estimated size: 176

C:\Program Files\Microchip\xc8\v2.36\pic\sources\c99\common\Umul32.c
		___lmul        		CODE           	17834	0000	106

C:\Program Files\Microchip\xc8\v2.36\pic\sources\c99\common\Umul32.c estimated size: 106

C:\Program Files\Microchip\xc8\v2.36\pic\sources\c99\common\nf_sprintf.c
		_sprintf       		CODE           	17A18	0000	82

C:\Program Files\Microchip\xc8\v2.36\pic\sources\c99\common\nf_sprintf.c estimated size: 82

mcc_generated_files/tmr0.c
		_TMR0_SetInterruptHandler		CODE           	18216	0000	14
		_TMR0_DefaultInterruptHandler		CODE           	18320	0000	2
		_TMR0_CallBack 		CODE           	17E64	0000	50
		_TMR0_StartTimer		CODE           	18316	0000	4
		_TMR0_ISR      		CODE           	18274	0000	10
		_TMR0_Initialize		CODE           	17FAA	0000	40

mcc_generated_files/tmr0.c estimated size: 120

C:\Program Files\Microchip\xc8\v2.36\pic\sources\c99\common\isspace.c
		_isspace       		CODE           	17A6A	0000	82

C:\Program Files\Microchip\xc8\v2.36\pic\sources\c99\common\isspace.c estimated size: 82

mcc_generated_files/pin_manager.c
		_PIN_MANAGER_Initialize		CODE           	16E32	0000	140
		_IOCBF5_SetInterruptHandler		CODE           	18224	0000	14
		_PIN_MANAGER_IOC		CODE           	18192	0000	22
		_IOCBF5_DefaultInterruptHandler		CODE           	18322	0000	2
		_IOCBF5_ISR    		CODE           	17DFC	0000	54

mcc_generated_files/pin_manager.c estimated size: 232

C:\Program Files\Microchip\xc8\v2.36\pic\sources\c99\common\expand_heap.c
		___expand_heap 		CODE           	168FE	0000	176

C:\Program Files\Microchip\xc8\v2.36\pic\sources\c99\common\expand_heap.c estimated size: 176

C:\Program Files\Microchip\xc8\v2.36\pic\sources\c99\common\strlen.c
		_strlen        		CODE           	17DC6	0000	54

C:\Program Files\Microchip\xc8\v2.36\pic\sources\c99\common\strlen.c estimated size: 54

C:\Program Files\Microchip\xc8\v2.36\pic\sources\c99\common\__lldiv.c
		___lldiv       		CODE           	16BAE	0000	164

C:\Program Files\Microchip\xc8\v2.36\pic\sources\c99\common\__lldiv.c estimated size: 164

C:\Program Files\Microchip\xc8\v2.36\pic\sources\c99\common\lodiv.c
		___lodiv       		CODE           	15F6E	0000	240

C:\Program Files\Microchip\xc8\v2.36\pic\sources\c99\common\lodiv.c estimated size: 240

C:\Program Files\Microchip\xc8\v2.36\pic\sources\c99\common\memset.c
		_memset        		CODE           	14CCE	0000	374

C:\Program Files\Microchip\xc8\v2.36\pic\sources\c99\common\memset.c estimated size: 374

mcc_generated_files/fatfs/diskio.c
		_disk_initialize		CODE           	179C4	0000	84
		_disk_write    		CODE           	1752C	0000	116
		_disk_status   		CODE           	1734C	0000	124
		_disk_read     		CODE           	175A0	0000	116

mcc_generated_files/fatfs/diskio.c estimated size: 440

C:\Program Files\Microchip\xc8\v2.36\pic\sources\c99\common\nf_fputc.c
		_fputc         		CODE           	163B6	0000	202

C:\Program Files\Microchip\xc8\v2.36\pic\sources\c99\common\nf_fputc.c estimated size: 202

C:\Program Files\Microchip\xc8\v2.36\pic\sources\c99\common\isdigit.c
		_isdigit       		CODE           	17D1E	0000	56

C:\Program Files\Microchip\xc8\v2.36\pic\sources\c99\common\isdigit.c estimated size: 56

C:\Program Files\Microchip\xc8\v2.36\pic\sources\c99\common\lwdiv.c
		___lwdiv       		CODE           	174B8	0000	116

C:\Program Files\Microchip\xc8\v2.36\pic\sources\c99\common\lwdiv.c estimated size: 116

C:\Program Files\Microchip\xc8\v2.36\pic\sources\c99\common\awdiv.c
		___awdiv       		CODE           	1660E	0000	196

C:\Program Files\Microchip\xc8\v2.36\pic\sources\c99\common\awdiv.c estimated size: 196

C:\Program Files\Microchip\xc8\v2.36\pic\sources\c99\common\lite_malloc.c
		_malloc        		CODE           	1568A	0000	328

C:\Program Files\Microchip\xc8\v2.36\pic\sources\c99\common\lite_malloc.c estimated size: 328

C:\Program Files\Microchip\xc8\v2.36\pic\sources\c99\common\doprnt.c
		_vfpfcnvrt     		CODE           	12432	0000	1048
		_pad           		CODE           	16548	0000	198
		_vfprintf      		CODE           	17906	0000	102
		_stoa          		CODE           	14842	0000	390
		_utoa          		CODE           	13F64	0000	516

C:\Program Files\Microchip\xc8\v2.36\pic\sources\c99\common\doprnt.c estimated size: 2254

shared
		_ExCvt         		MEDIUMCONST    	FEA1	0000	128
		f_setlabel@badchr		MEDIUMCONST    	FF59	0000	18
		__initialization		CODE           	17614	0000	104
		_i2c1_fsmStateTable		MEDIUMCONST    	FF21	0000	48
		_spi2_configuration		MEDIUMCONST    	FF51	0000	8

shared estimated size: 306

mcc_generated_files/mcc.c
		_PMD_Initialize		CODE           	18118	0000	28
		_OSCILLATOR_Initialize		CODE           	18134	0000	24
		_SYSTEM_Initialize		CODE           	180A6	0000	30

mcc_generated_files/mcc.c estimated size: 82

rtc.c
		_SetClock      		CODE           	15280	0000	350
		_ReadClock     		CODE           	14506	0000	416

rtc.c estimated size: 766

mcc_generated_files/spi2.c
		_SPI2_ExchangeByte		CODE           	180FC	0000	28
		_SPI2_WriteBlock		CODE           	17CAC	0000	58
		_SPI2_ReadBlock		CODE           	17C70	0000	60
		_SPI2_Open     		CODE           	169AE	0000	174
		_SPI2_Initialize		CODE           	18042	0000	36
		_SPI2_Close    		CODE           	182EA	0000	6

mcc_generated_files/spi2.c estimated size: 362

main.c
		_main          		CODE           	17CE6	0000	56

main.c estimated size: 56

rtcdrv.c
		_processRTC    		CODE           	1796C	0000	88
		_processDRV    		CODE           	17B5E	0000	70
		_getArgs       		CODE           	1817C	0000	22
		_rtcGetAClk    		CODE           	16F46	0000	132
		_rtcdrv_poll   		CODE           	16A5C	0000	170
		_getBuffer     		CODE           	16CF4	0000	160
		_drvLoad       		CODE           	172D0	0000	124
		_rtcGetClk     		CODE           	16D94	0000	158
		_rtcSetClk     		CODE           	15A52	0000	284
		_sendBuffer    		CODE           	15B6E	0000	282
		_sendBufferLen 		CODE           	17FF8	0000	38
		_drvGetDir     		CODE           	1284A	0000	970

rtcdrv.c estimated size: 2498

C:\Program Files\Microchip\xc8\v2.36\pic\sources\c99\common\Umul16.c
		___wmul        		CODE           	17FD2	0000	38

C:\Program Files\Microchip\xc8\v2.36\pic\sources\c99\common\Umul16.c estimated size: 38

