Microchip MPLAB XC8 Compiler V2.36

Linker command line:

-W-3 --edf=C:\Program Files\Microchip\xc8\v2.36\pic\dat\en_msgs.txt -cn \
  -h+dist/default/production\DANI-DRIVE.X.production.sym \
  --cmf=dist/default/production\DANI-DRIVE.X.production.cmf -z -Q18F27K40 \
  -oC:\Users\CRAIGV~1\AppData\Local\Temp\xcAsguc.4 --defsym=__MPLAB_BUILD=1 \
  -Mdist/default/production/DANI-DRIVE.X.production.map \
  --md=C:\Users\CRAIGV~1\AppData\Local\Temp\xcAsguc.dat -E1 \
  -ver=XC8 Compiler --acfsm=1493 -AHEAP=0DAAh-0E87h -pheap=HEAP \
  -ACODE=00h-01FFFFh -ACONST=00h-01FFFFh -ASMALLCONST=0F00h-0FFFhx497 \
  -AMEDIUMCONST=0F00h-0FFFFh,010F00h-01FFFFh -ACOMRAM=01h-05Fh \
  -AABS1=00h-0E87h -ABIGRAM=01h-0E87h \
  -ARAM=060h-0FFh,0100h-01FFhx13,0E00h-0E87h -ABANK0=060h-0FFh \
  -ABANK1=0100h-01FFh -ABANK2=0200h-02FFh -ABANK3=0300h-03FFh \
  -ABANK4=0400h-04FFh -ABANK5=0500h-05FFh -ABANK6=0600h-06FFh \
  -ABANK7=0700h-07FFh -ABANK8=0800h-08FFh -ABANK9=0900h-09FFh \
  -ABANK10=0A00h-0AFFh -ABANK11=0B00h-0BFFh -ABANK12=0C00h-0CFFh \
  -ABANK13=0D00h-0DFFh -ABANK14=0E00h-0E87h \
  -ASFR=0E8Dh-0EFFh,0F00h-0F5Fh,0F60h-0FFFh -ABIGSFR=0E8Dh-0FFFh \
  -ACONFIG=0300000h-030000Bh -AIDLOC=0200000h-020000Fh \
  -AEEDATA=0310000h-03103FFh -peeprom_data=EEDATA \
  -preset_vec=00h,intcode=08h,intcodelo,powerup,init -pramtop=0F00h \
  -psmallconst=SMALLCONST -pmediumconst=MEDIUMCONST -pconst=CONST \
  -AFARRAM=00h-00h \
  -prdata=COMRAM,nvrram=COMRAM,nvbit=COMRAM,rbss=COMRAM,rbit=COMRAM \
  -pfarbss=FARRAM,fardata=FARRAM,nvFARRAM=FARRAM \
  -pintsave_regs=BIGRAM,bigbss=BIGRAM,bigdata=BIGRAM -pbss=RAM \
  -pidata=CODE,irdata=CODE,ibigdata=CODE,ifardata=CODE -prparam=COMRAM \
  C:\Users\CRAIGV~1\AppData\Local\Temp\xcAsguc.o \
  dist/default/production\DANI-DRIVE.X.production.o 

Object code version is 3.11

Machine type is 18F27K40



                Name                               Link     Load   Length Selector   Space Scale
C:\Users\CRAIGV~1\AppData\Local\Temp\xcAsguc.o
                heap                                DAA      DAA       DE      DAA       7
                idloc                            200000   200000       10        0       5
                config                           300000   300000        C        0       4
                init                                 64       64        4        4       0
                reset_vec                             0        0        4        0       0
dist/default/production\DANI-DRIVE.X.production.o
                intcode                               8        8       5C        4       0
                idloc                            200000   200000       10        0       5
                config                           300000   300000        C        0       4
                temp                                 5B       5B        1        1       1
                mediumconst                        FEA0     FEA0      160     7F50       0
                text184                           1ABFA    1ABFA        2     8000       0
                text183                           1AA52    1AA52       18     8000       0
                text182                           1A6B8    1A6B8       36     8000       0
                text181                           1AA6A    1AA6A       16     8000       0
                text180                           1ABF8    1ABF8        2     8000       0
                text179                           1A2E4    1A2E4       52     8000       0
                text178                           1A752    1A752       32     8000       0
                text177                           1AB4C    1AB4C        A     8000       0
                text175                           1AA3A    1AA3A       18     8000       0
                text174                           1ABF2    1ABF2        4     8000       0
                text173                           1AA22    1AA22       18     8000       0
                text172                           1AAFC    1AAFC        E     8000       0
                text171                           195C4    195C4       8C     8000       0
                text170                           1AA06    1AA06       1C     8000       0
                text169                           1A930    1A930       24     8000       0
                text168                           1AAEE    1AAEE        E     8000       0
                text167                           1A898    1A898       28     8000       0
                text166                           1A994    1A994       1E     8000       0
                text165                           1ABEE    1ABEE        4     8000       0
                text164                           193E0    193E0       A4     8000       0
                text163                           19F4C    19F4C       6A     8000       0
                text162                           1A64A    1A64A       38     8000       0
                text161                           19650    19650       88     8000       0
                text160                           1ABC8    1ABC8        6     8000       0
                text159                           1A9EA    1A9EA       1C     8000       0
                text158                           1A52C    1A52C       3C     8000       0
                text157                           19ADE    19ADE       7A     8000       0
                text156                           1AB42    1AB42        A     8000       0
                text155                           1A336    1A336       50     8000       0
                text154                           1A612    1A612       38     8000       0
                text153                           19FB6    19FB6       68     8000       0
                text152                           1867C    1867C       F2     8000       0
                text151                           17CC6    17CC6      138     8000       0
                text150                           19CB6    19CB6       74     8000       0
                text149                           1A568    1A568       3A     8000       0
                text148                           19864    19864       84     8000       0
                text147                           170A6    170A6      16C     8000       0
                text146                           19C42    19C42       74     8000       0
                text145                           16908    16908      19C     8000       0
                text144                           18FAE    18FAE       C4     8000       0
                text143                           17640    17640      158     8000       0
                text142                           1AAA8    1AAA8       14     8000       0
                text141                           1ABC2    1ABC2        6     8000       0
                text140                           1928A    1928A       AE     8000       0
                text139                           14DE2    14DE2      28E     8000       0
                text138                           1A1EC    1A1EC       54     8000       0
                text137                           1ABBC    1ABBC        6     8000       0
                text136                           19A62    19A62       7C     8000       0
                text135                           165C4    165C4      1A4     8000       0
                text134                           19072    19072       B8     8000       0
                text133                           10000    10000      C84     8000       0
                text132                           133A4    133A4      432     8000       0
                text131                           1477C    1477C      37C     8000       0
                text130                           19D9C    19D9C       6E     8000       0
                text129                           1A870    1A870       28     8000       0
                text128                           12994    12994      538     8000       0
                text127                           123E4    123E4      5B0     8000       0
                text126                           18BC6    18BC6       CC     8000       0
                text125                           1A720    1A720       32     8000       0
                text124                           17B7E    17B7E      148     8000       0
                text123                           137D6    137D6      42A     8000       0
                text122                           16420    16420      1A4     8000       0
                text121                           143E2    143E2      39A     8000       0
                text120                           15070    15070      28A     8000       0
                text119                           18A1E    18A1E       D8     8000       0
                text118                           19EE2    19EE2       6A     8000       0
                text117                           1AB38    1AB38        A     8000       0
                text116                           1AB2E    1AB2E        A     8000       0
                text115                           12ECC    12ECC      4D8     8000       0
                text114                           16C2A    16C2A      184     8000       0
                text113                           198E8    198E8       80     8000       0
                text112                           14AF8    14AF8      2EA     8000       0
                text111                           16DAE    16DAE      182     8000       0
                text110                           16226    16226      1FA     8000       0
                text109                           18488    18488       FE     8000       0
                text108                           18940    18940       DE     8000       0
                text107                           16F30    16F30      176     8000       0
                text106                           18158    18158      11A     8000       0
                text105                           1A8E6    1A8E6       26     8000       0
                text104                           1A8C0    1A8C0       26     8000       0
                text103                           1A5DA    1A5DA       38     8000       0
                text102                           1A292    1A292       52     8000       0
                text101                           17212    17212      16A     8000       0
                text100                           1ABF6    1ABF6        2     8000       0
                text99                            18C92    18C92       CA     8000       0
                text98                            1A682    1A682       36     8000       0
                text97                            16AA4    16AA4      186     8000       0
                text96                            18586    18586       F6     8000       0
                text95                            1876E    1876E       F0     8000       0
                text94                            18AF6    18AF6       D0     8000       0
                text93                            1A4E8    1A4E8       44     8000       0
                text92                            18E24    18E24       C6     8000       0
                text91                            16022    16022      204     8000       0
                text90                            13C00    13C00      418     8000       0
                text89                            1A01E    1A01E       66     8000       0
                text88                            1A240    1A240       52     8000       0
                text87                            14018    14018      3CA     8000       0
                text86                            1ABB6    1ABB6        6     8000       0
                text85                            1ABEA    1ABEA        4     8000       0
                text84                            1ABB0    1ABB0        6     8000       0
                text83                            1A844    1A844       2C     8000       0
                text82                            1ABE6    1ABE6        4     8000       0
                text81                            1ABE2    1ABE2        4     8000       0
                text80                            1ABDE    1ABDE        4     8000       0
                text79                            1A90C    1A90C       24     8000       0
                text78                            197E0    197E0       84     8000       0
                text77                            1A9CE    1A9CE       1C     8000       0
                text76                            1A814    1A814       30     8000       0
                text75                            1A7E4    1A7E4       30     8000       0
                text74                            1A7B4    1A7B4       30     8000       0
                text73                            1A784    1A784       30     8000       0
                text72                            1A4A4    1A4A4       44     8000       0
                text71                            1ABDA    1ABDA        4     8000       0
                text70                            1ABD6    1ABD6        4     8000       0
                text69                            1ABD2    1ABD2        4     8000       0
                text68                            1ABAA    1ABAA        6     8000       0
                text67                            1ABCE    1ABCE        4     8000       0
                text66                            1ABA4    1ABA4        6     8000       0
                text65                            1AB96    1AB96        8     8000       0
                text64                            1AA94    1AA94       14     8000       0
                text63                            1AB9E    1AB9E        6     8000       0
                text62                            19968    19968       7E     8000       0
                text61                            1AB22    1AB22        C     8000       0
                text60                            1AADE    1AADE       10     8000       0
                text59                            1AACE    1AACE       10     8000       0
                text58                            18D5C    18D5C       C8     8000       0
                text57                            19338    19338       A8     8000       0
                text56                            1AB16    1AB16        C     8000       0
                text55                            1AB8E    1AB8E        8     8000       0
                text54                            1AB86    1AB86        8     8000       0
                text53                            1AB7E    1AB7E        8     8000       0
                text52                            1AB76    1AB76        8     8000       0
                text51                            1AB6E    1AB6E        8     8000       0
                text50                            1AB66    1AB66        8     8000       0
                text49                            1AB5E    1AB5E        8     8000       0
                text48                            1AB0A    1AB0A        C     8000       0
                text47                            19E76    19E76       6C     8000       0
                text46                            19E0A    19E0A       6C     8000       0
                text45                            1AABC    1AABC       12     8000       0
                text44                            1A976    1A976       1E     8000       0
                text43                            1A460    1A460       44     8000       0
                text42                            1AB56    1AB56        8     8000       0
                text41                            1A954    1A954       22     8000       0
                text40                            19484    19484       A2     8000       0
                text39                            1A9B2    1A9B2       1C     8000       0
                text38                            199E6    199E6       7C     8000       0
                text37                            16768    16768      1A0     8000       0
                text36                            18388    18388      100     8000       0
                text35                            1A3D2    1A3D2       4A     8000       0
                text34                            1A386    1A386       4C     8000       0
                text33                            1A6EE    1A6EE       32     8000       0
                text32                            15E1C    15E1C      206     8000       0
                text31                            15C08    15C08      214     8000       0
                text30                            1A0E2    1A0E2       5A     8000       0
                text29                            178E8    178E8      14E     8000       0
                text28                            1A194    1A194       58     8000       0
                text27                            1885E    1885E       E2     8000       0
                text26                            157BA    157BA      232     8000       0
                text25                            11504    11504      7C8     8000       0
                text24                            1737C    1737C      166     8000       0
                text23                            18272    18272      116     8000       0
                text22                            1A41C    1A41C       44     8000       0
                text21                            191DA    191DA       B0     8000       0
                text20                            152FA    152FA      27A     8000       0
                text19                            17A36    17A36      148     8000       0
                text18                            11CCC    11CCC      718     8000       0
                text17                            17F1E    17F1E      120     8000       0
                text16                            17798    17798      150     8000       0
                text15                            10C84    10C84      880     8000       0
                text14                            159EC    159EC      21C     8000       0
                text13                            1A084    1A084       5E     8000       0
                text12                            18EEA    18EEA       C4     8000       0
                text11                            1912A    1912A       B0     8000       0
                text10                            1975C    1975C       84     8000       0
                text9                             15574    15574      246     8000       0
                text8                             196D8    196D8       84     8000       0
                text7                             19526    19526       9E     8000       0
                text6                             19B58    19B58       76     8000       0
                text5                             19BCE    19BCE       74     8000       0
                text4                             174E2    174E2      15E     8000       0
                text3                             17DFE    17DFE      120     8000       0
                text2                             1A13C    1A13C       58     8000       0
                text1                             1803E    1803E      11A     8000       0
                text0                             1A5A2    1A5A2       38     8000       0
                cstackCOMRAM                          1        1       56        1       1
                cstackBANK0                          60       60       A0       60       1
                cstackBANK1                         16E      16E       60      100       1
                cstackBANK2                         200      200      100      200       1
                cstackBANK3                         384      384       22      300       1
                bssBIGRAM                           500      500      8AA      500       1
                bssBANK4                            400      400      100      400       1
                bssBANK3                            300      300       84      300       1
                dataBANK1                           1CE      1CE       14      100       1
                bssBANK1                            100      100       6E      100       1
                bssCOMRAM                            57       57        4        1       1
                cinit                             19D2A    19D2A       72     8000       0
                nvBANK1                             1E2      1E2        6      100       1
                idataBANK1                        1AA80    1AA80       14     8000       0

TOTAL           Name                               Link     Load   Length     Space
        CLASS   HEAP           
                heap                                DAA      DAA       DE         7

        CLASS   CODE           
                intcode                               8        8       5C         0
                init                                 64       64        4         0
                reset_vec                             0        0        4         0
                text184                           1ABFA    1ABFA        2         0
                text183                           1AA52    1AA52       18         0
                text182                           1A6B8    1A6B8       36         0
                text181                           1AA6A    1AA6A       16         0
                text180                           1ABF8    1ABF8        2         0
                text179                           1A2E4    1A2E4       52         0
                text178                           1A752    1A752       32         0
                text177                           1AB4C    1AB4C        A         0
                text175                           1AA3A    1AA3A       18         0
                text174                           1ABF2    1ABF2        4         0
                text173                           1AA22    1AA22       18         0
                text172                           1AAFC    1AAFC        E         0
                text171                           195C4    195C4       8C         0
                text170                           1AA06    1AA06       1C         0
                text169                           1A930    1A930       24         0
                text168                           1AAEE    1AAEE        E         0
                text167                           1A898    1A898       28         0
                text166                           1A994    1A994       1E         0
                text165                           1ABEE    1ABEE        4         0
                text164                           193E0    193E0       A4         0
                text163                           19F4C    19F4C       6A         0
                text162                           1A64A    1A64A       38         0
                text161                           19650    19650       88         0
                text160                           1ABC8    1ABC8        6         0
                text159                           1A9EA    1A9EA       1C         0
                text158                           1A52C    1A52C       3C         0
                text157                           19ADE    19ADE       7A         0
                text156                           1AB42    1AB42        A         0
                text155                           1A336    1A336       50         0
                text154                           1A612    1A612       38         0
                text153                           19FB6    19FB6       68         0
                text152                           1867C    1867C       F2         0
                text151                           17CC6    17CC6      138         0
                text150                           19CB6    19CB6       74         0
                text149                           1A568    1A568       3A         0
                text148                           19864    19864       84         0
                text147                           170A6    170A6      16C         0
                text146                           19C42    19C42       74         0
                text145                           16908    16908      19C         0
                text144                           18FAE    18FAE       C4         0
                text143                           17640    17640      158         0
                text142                           1AAA8    1AAA8       14         0
                text141                           1ABC2    1ABC2        6         0
                text140                           1928A    1928A       AE         0
                text139                           14DE2    14DE2      28E         0
                text138                           1A1EC    1A1EC       54         0
                text137                           1ABBC    1ABBC        6         0
                text136                           19A62    19A62       7C         0
                text135                           165C4    165C4      1A4         0
                text134                           19072    19072       B8         0
                text133                           10000    10000      C84         0
                text132                           133A4    133A4      432         0
                text131                           1477C    1477C      37C         0
                text130                           19D9C    19D9C       6E         0
                text129                           1A870    1A870       28         0
                text128                           12994    12994      538         0
                text127                           123E4    123E4      5B0         0
                text126                           18BC6    18BC6       CC         0
                text125                           1A720    1A720       32         0
                text124                           17B7E    17B7E      148         0
                text123                           137D6    137D6      42A         0
                text122                           16420    16420      1A4         0
                text121                           143E2    143E2      39A         0
                text120                           15070    15070      28A         0
                text119                           18A1E    18A1E       D8         0
                text118                           19EE2    19EE2       6A         0
                text117                           1AB38    1AB38        A         0
                text116                           1AB2E    1AB2E        A         0
                text115                           12ECC    12ECC      4D8         0
                text114                           16C2A    16C2A      184         0
                text113                           198E8    198E8       80         0
                text112                           14AF8    14AF8      2EA         0
                text111                           16DAE    16DAE      182         0
                text110                           16226    16226      1FA         0
                text109                           18488    18488       FE         0
                text108                           18940    18940       DE         0
                text107                           16F30    16F30      176         0
                text106                           18158    18158      11A         0
                text105                           1A8E6    1A8E6       26         0
                text104                           1A8C0    1A8C0       26         0
                text103                           1A5DA    1A5DA       38         0
                text102                           1A292    1A292       52         0
                text101                           17212    17212      16A         0
                text100                           1ABF6    1ABF6        2         0
                text99                            18C92    18C92       CA         0
                text98                            1A682    1A682       36         0
                text97                            16AA4    16AA4      186         0
                text96                            18586    18586       F6         0
                text95                            1876E    1876E       F0         0
                text94                            18AF6    18AF6       D0         0
                text93                            1A4E8    1A4E8       44         0
                text92                            18E24    18E24       C6         0
                text91                            16022    16022      204         0
                text90                            13C00    13C00      418         0
                text89                            1A01E    1A01E       66         0
                text88                            1A240    1A240       52         0
                text87                            14018    14018      3CA         0
                text86                            1ABB6    1ABB6        6         0
                text85                            1ABEA    1ABEA        4         0
                text84                            1ABB0    1ABB0        6         0
                text83                            1A844    1A844       2C         0
                text82                            1ABE6    1ABE6        4         0
                text81                            1ABE2    1ABE2        4         0
                text80                            1ABDE    1ABDE        4         0
                text79                            1A90C    1A90C       24         0
                text78                            197E0    197E0       84         0
                text77                            1A9CE    1A9CE       1C         0
                text76                            1A814    1A814       30         0
                text75                            1A7E4    1A7E4       30         0
                text74                            1A7B4    1A7B4       30         0
                text73                            1A784    1A784       30         0
                text72                            1A4A4    1A4A4       44         0
                text71                            1ABDA    1ABDA        4         0
                text70                            1ABD6    1ABD6        4         0
                text69                            1ABD2    1ABD2        4         0
                text68                            1ABAA    1ABAA        6         0
                text67                            1ABCE    1ABCE        4         0
                text66                            1ABA4    1ABA4        6         0
                text65                            1AB96    1AB96        8         0
                text64                            1AA94    1AA94       14         0
                text63                            1AB9E    1AB9E        6         0
                text62                            19968    19968       7E         0
                text61                            1AB22    1AB22        C         0
                text60                            1AADE    1AADE       10         0
                text59                            1AACE    1AACE       10         0
                text58                            18D5C    18D5C       C8         0
                text57                            19338    19338       A8         0
                text56                            1AB16    1AB16        C         0
                text55                            1AB8E    1AB8E        8         0
                text54                            1AB86    1AB86        8         0
                text53                            1AB7E    1AB7E        8         0
                text52                            1AB76    1AB76        8         0
                text51                            1AB6E    1AB6E        8         0
                text50                            1AB66    1AB66        8         0
                text49                            1AB5E    1AB5E        8         0
                text48                            1AB0A    1AB0A        C         0
                text47                            19E76    19E76       6C         0
                text46                            19E0A    19E0A       6C         0
                text45                            1AABC    1AABC       12         0
                text44                            1A976    1A976       1E         0
                text43                            1A460    1A460       44         0
                text42                            1AB56    1AB56        8         0
                text41                            1A954    1A954       22         0
                text40                            19484    19484       A2         0
                text39                            1A9B2    1A9B2       1C         0
                text38                            199E6    199E6       7C         0
                text37                            16768    16768      1A0         0
                text36                            18388    18388      100         0
                text35                            1A3D2    1A3D2       4A         0
                text34                            1A386    1A386       4C         0
                text33                            1A6EE    1A6EE       32         0
                text32                            15E1C    15E1C      206         0
                text31                            15C08    15C08      214         0
                text30                            1A0E2    1A0E2       5A         0
                text29                            178E8    178E8      14E         0
                text28                            1A194    1A194       58         0
                text27                            1885E    1885E       E2         0
                text26                            157BA    157BA      232         0
                text25                            11504    11504      7C8         0
                text24                            1737C    1737C      166         0
                text23                            18272    18272      116         0
                text22                            1A41C    1A41C       44         0
                text21                            191DA    191DA       B0         0
                text20                            152FA    152FA      27A         0
                text19                            17A36    17A36      148         0
                text18                            11CCC    11CCC      718         0
                text17                            17F1E    17F1E      120         0
                text16                            17798    17798      150         0
                text15                            10C84    10C84      880         0
                text14                            159EC    159EC      21C         0
                text13                            1A084    1A084       5E         0
                text12                            18EEA    18EEA       C4         0
                text11                            1912A    1912A       B0         0
                text10                            1975C    1975C       84         0
                text9                             15574    15574      246         0
                text8                             196D8    196D8       84         0
                text7                             19526    19526       9E         0
                text6                             19B58    19B58       76         0
                text5                             19BCE    19BCE       74         0
                text4                             174E2    174E2      15E         0
                text3                             17DFE    17DFE      120         0
                text2                             1A13C    1A13C       58         0
                text1                             1803E    1803E      11A         0
                text0                             1A5A2    1A5A2       38         0
                cinit                             19D2A    19D2A       72         0
                idataBANK1                        1AA80    1AA80       14         0

        CLASS   CONST          

        CLASS   SMALLCONST     

        CLASS   MEDIUMCONST    
                mediumconst                        FEA0     FEA0      160         0

        CLASS   COMRAM         
                temp                                 5B       5B        1         1
                cstackCOMRAM                          1        1       56         1
                bssCOMRAM                            57       57        4         1

        CLASS   ABS1           

        CLASS   BIGRAM         
                bssBIGRAM                           500      500      8AA         1

        CLASS   RAM            

        CLASS   BANK0          
                cstackBANK0                          60       60       A0         1

        CLASS   BANK1          
                cstackBANK1                         16E      16E       60         1
                dataBANK1                           1CE      1CE       14         1
                bssBANK1                            100      100       6E         1
                nvBANK1                             1E2      1E2        6         1

        CLASS   BANK2          
                cstackBANK2                         200      200      100         1

        CLASS   BANK3          
                cstackBANK3                         384      384       22         1
                bssBANK3                            300      300       84         1

        CLASS   BANK4          
                bssBANK4                            400      400      100         1

        CLASS   BANK5          

        CLASS   BANK6          

        CLASS   BANK7          

        CLASS   BANK8          

        CLASS   BANK9          

        CLASS   BANK10         

        CLASS   BANK11         

        CLASS   BANK12         

        CLASS   BANK13         

        CLASS   BANK14         

        CLASS   SFR            

        CLASS   BIGSFR         

        CLASS   CONFIG         
                config                           300000   300000        C         4

        CLASS   IDLOC          
                idloc                            200000   200000       10         5

        CLASS   EEDATA         

        CLASS   FARRAM         

        CLASS   STACK          



SEGMENTS        Name                           Load    Length   Top    Selector   Space  Class

                reset_vec                      000000  000004  000004         0       0  CODE    
                cstackCOMRAM                   000001  00005B  00005C         1       1  COMRAM  
                intcode                        000008  000060  000068         4       0  CODE    
                cstackBANK0                    000060  0000A0  000100        60       1  BANK0   
                bssBANK1                       000100  0000E8  0001E8       100       1  BANK1   
                cstackBANK2                    000200  000100  000300       200       1  BANK2   
                bssBANK3                       000300  0000A6  0003A6       300       1  BANK3   
                bssBANK4                       000400  000100  000500       400       1  BANK4   
                bssBIGRAM                      000500  0008AA  000DAA       500       1  BIGRAM  
                heap                           000DAA  0000DE  000E88       DAA       7  HEAP    
                mediumconst                    00FEA0  000160  010000      7F50       0  MEDIUMCO
                text133                        010000  00ABFC  01ABFC      8000       0  CODE    


UNUSED ADDRESS RANGES

        Name                Unused          Largest block    Delta
        BANK1            0001E8-0001FF               18
        BANK13           000DAA-000DFF               56
        BANK14           000E00-000E87               88
        BANK3            0003A6-0003FF               5A
        BIGRAM           00005C-00005F                4
                         0001E8-0001FF               18
                         0003A6-0003FF               5A
                         000DAA-000E87               DE
        BIGSFR           000E8D-000FFF              173
        CODE             000004-000007                4
                         000068-00FE9F             FE38
                         01ABFC-01FFFF             5404
        COMRAM           00005C-00005F                4
        CONST            000004-000007                4
                         000068-00FE9F             FE38
                         01ABFC-01FFFF             5404
        EEDATA           310000-3103FF              400
        MEDIUMCONST      000F00-00FE9F             EFA0
                         01ABFC-01FFFF             5404
        RAM              0001E8-0001FF               18
                         0003A6-0003FF               5A
                         000DAA-000E87               56
        SFR              000E8D-000FFF               73
        SMALLCONST       000F00-00FE9F              100
                         01ABFC-01FFFF              100

                                  Symbol Table

?_ReadClock                                 cstackCOMRAM 000019
?___awdiv                                   cstackCOMRAM 000005
?___awmod                                   cstackCOMRAM 000005
?___expand_heap                             cstackCOMRAM 000005
?___lldiv                                   cstackCOMRAM 000005
?___lmul                                    cstackCOMRAM 000005
?___lodiv                                   cstackCOMRAM 000005
?___lomod                                   cstackCOMRAM 000005
?___lwdiv                                   cstackCOMRAM 000005
?___simple_search_fl                        cstackCOMRAM 000005
?___wmul                                    cstackCOMRAM 000005
?_asctime                                   cstackCOMRAM 000012
?_atoi                                      cstackCOMRAM 00000C
?_chk_chr                                   cstackCOMRAM 000005
?_clst2sect                                 cstackCOMRAM 000011
?_create_chain                              cstackBANK0  0000A3
?_dbc_1st                                   cstackCOMRAM 000005
?_dbc_2nd                                   cstackCOMRAM 000005
?_decimalToFatTime                          cstackCOMRAM 000005
?_get_fat                                   cstackCOMRAM 00004C
?_get_fattime                               cstackBANK0  000060
?_get_ldnumber                              cstackCOMRAM 000005
?_isdigit                                   cstackCOMRAM 000005
?_isspace                                   cstackCOMRAM 000005
?_ld_clust                                  cstackCOMRAM 00000C
?_ld_dword                                  cstackCOMRAM 000005
?_ld_word                                   cstackCOMRAM 000005
?_malloc                                    cstackCOMRAM 000019
?_mem_cmp                                   cstackCOMRAM 000005
?_pad                                       cstackCOMRAM 000015
?_rcvr_datablock                            cstackCOMRAM 00000C
?_select                                    cstackCOMRAM 000009
?_sprintf                                   cstackBANK0  000072
?_stoa                                      cstackCOMRAM 00000E
?_strlen                                    cstackCOMRAM 000005
?_strncmp                                   cstackCOMRAM 000005
?_utoa                                      cstackCOMRAM 000020
?_vfpfcnvrt                                 cstackCOMRAM 000040
?_vfprintf                                  cstackBANK0  00006C
?_wait_ready                                cstackCOMRAM 000006
?_xmit_datablock                            cstackCOMRAM 00000C
DRVA_MediaInitialize@cmd                    cstackCOMRAM 00001B
DRVA_MediaInitialize@n                      cstackCOMRAM 00001D
DRVA_MediaInitialize@ocr                    cstackCOMRAM 000015
DRVA_MediaInitialize@ty                     cstackCOMRAM 00001C
DRVA_SectorRead@buffer                      cstackCOMRAM 000018
DRVA_SectorRead@sect                        cstackCOMRAM 00001C
DRVA_SectorRead@sector_address              cstackCOMRAM 000014
DRVA_SectorRead@sector_count                cstackCOMRAM 00001A
DRVA_SectorWrite@buffer                     cstackCOMRAM 000018
DRVA_SectorWrite@sect                       cstackCOMRAM 00001E
DRVA_SectorWrite@sector_address             cstackCOMRAM 000014
DRVA_SectorWrite@sector_count               cstackCOMRAM 00001A
DRVA_TMR_ms@n                               cstackCOMRAM 000001
FatFsDemo_Tasks@F263                        dataBANK1    0001CE
I2C1_CallbackReturnReset@funPtr             cstackCOMRAM 000010
I2C1_Close@returnValue                      cstackCOMRAM 000005
I2C1_MasterOperation@read                   cstackCOMRAM 000014
I2C1_MasterOperation@returnValue            cstackCOMRAM 000015
I2C1_MasterSendTxData@data                  cstackCOMRAM 000005
I2C1_Open@address                           cstackCOMRAM 000005
I2C1_Open@returnValue                       cstackCOMRAM 000006
I2C1_Read1ByteRegister@address              cstackCOMRAM 000017
I2C1_Read1ByteRegister@reg                  cstackCOMRAM 000016
I2C1_Read1ByteRegister@returnValue          cstackCOMRAM 000018
I2C1_SetAddressNackCallback@cb              cstackCOMRAM 00000B
I2C1_SetAddressNackCallback@ptr             cstackCOMRAM 00000E
I2C1_SetBuffer@buffer                       cstackCOMRAM 000005
I2C1_SetBuffer@bufferSize                   cstackCOMRAM 000007
I2C1_SetCallback@cb                         cstackCOMRAM 000005
I2C1_SetCallback@idx                        cstackCOMRAM 00000A
I2C1_SetCallback@ptr                        cstackCOMRAM 000008
I2C1_SetDataCompleteCallback@cb             cstackCOMRAM 00000B
I2C1_SetDataCompleteCallback@ptr            cstackCOMRAM 00000E
I2C1_Write1ByteRegister@address             cstackCOMRAM 000018
I2C1_Write1ByteRegister@data                cstackCOMRAM 000017
I2C1_Write1ByteRegister@reg                 cstackCOMRAM 000016
IOCBF5_SetInterruptHandler@InterruptHandler cstackCOMRAM 000005
ReadClock@day                               cstackCOMRAM 000039
ReadClock@hour                              cstackCOMRAM 000038
ReadClock@min                               cstackCOMRAM 000037
ReadClock@month                             cstackCOMRAM 00003A
ReadClock@sec                               cstackCOMRAM 000036
ReadClock@t                                 cstackCOMRAM 00003C
ReadClock@weekday                           cstackCOMRAM 000035
ReadClock@year                              cstackCOMRAM 00003B
SPI2_ExchangeByte@data                      cstackCOMRAM 000005
SPI2_Open@spi2UniqueConfiguration           cstackCOMRAM 000006
SPI2_ReadBlock@block                        cstackCOMRAM 000006
SPI2_ReadBlock@blockSize                    cstackCOMRAM 000008
SPI2_ReadBlock@data                         cstackCOMRAM 00000A
SPI2_WriteBlock@block                       cstackCOMRAM 000006
SPI2_WriteBlock@blockSize                   cstackCOMRAM 000008
SPI2_WriteBlock@data                        cstackCOMRAM 00000A
SetClock@dayOMOPlace                        cstackCOMRAM 000024
SetClock@dayOMTPlace                        cstackCOMRAM 000030
SetClock@dayOfMonth                         cstackCOMRAM 00001C
SetClock@dayOfMonthToWrite                  cstackCOMRAM 00002A
SetClock@dayOfWeek                          cstackCOMRAM 00001D
SetClock@hour                               cstackCOMRAM 00001E
SetClock@hourOPlace                         cstackCOMRAM 000023
SetClock@hourTPlace                         cstackCOMRAM 00002F
SetClock@hourToWrite                        cstackCOMRAM 000029
SetClock@minOPlace                          cstackCOMRAM 000022
SetClock@minTPlace                          cstackCOMRAM 00002E
SetClock@minToWrite                         cstackCOMRAM 000028
SetClock@minute                             cstackCOMRAM 00001F
SetClock@month                              cstackCOMRAM 00001B
SetClock@monthOPlace                        cstackCOMRAM 000025
SetClock@monthTPlace                        cstackCOMRAM 000031
SetClock@monthToWrite                       cstackCOMRAM 00002B
SetClock@secOPlace                          cstackCOMRAM 000021
SetClock@secTPlace                          cstackCOMRAM 00002D
SetClock@secToWrite                         cstackCOMRAM 000027
SetClock@second                             cstackCOMRAM 000020
SetClock@year                               cstackCOMRAM 000019
SetClock@yearOPlace                         cstackCOMRAM 000026
SetClock@yearTPlace                         cstackCOMRAM 000032
SetClock@yearToWrite                        cstackCOMRAM 00002C
TMR0_SetInterruptHandler@InterruptHandler   cstackCOMRAM 000005
_ANSELA                                     (abs)        000F11
_ANSELB                                     (abs)        000F19
_ANSELC                                     (abs)        000F21
_CardType                                   bssBANK1     00014C
_CurrVol                                    bssBANK1     000150
_DRVA_IOCCD                                 text183      01AA52
_DRVA_IsMediaInitialized                    text160      01ABC8
_DRVA_IsMediaPresent                        text142      01AAA8
_DRVA_IsWriteProtected                      text137      01ABBC
_DRVA_MediaInitialize                       text139      014DE2
_DRVA_MediaInitialize$308                   cstackCOMRAM 000019
_DRVA_SectorRead                            text151      017CC6
_DRVA_SectorWrite                           text147      0170A6
_DRVA_TMR_ms                                text179      01A2E4
_DiskInitialized                            bssBANK1     000152
_DiskWP                                     bssBANK1     000151
_ExCvt                                      mediumconst  00FEA1
_FatFs                                      bssBANK1     00014A
_Fsid                                       bssBANK1     000148
_I2C1_CallbackReturnReset                   text70       01ABD6
_I2C1_CallbackReturnStop                    text71       01ABDA
_I2C1_Close                                 text83       01A844
_I2C1_DO_ADDRESS_NACK                       text47       019E76
_I2C1_DO_IDLE                               text61       01AB22
_I2C1_DO_RCEN                               text56       01AB16
_I2C1_DO_RESET                              text48       01AB0A
_I2C1_DO_RX                                 text57       019338
_I2C1_DO_RX_ACK                             text51       01AB6E
_I2C1_DO_RX_NACK_RESTART                    text49       01AB5E
_I2C1_DO_RX_NACK_STOP                       text50       01AB66
_I2C1_DO_SEND_ADR_READ                      text60       01AADE
_I2C1_DO_SEND_ADR_WRITE                     text59       01AACE
_I2C1_DO_SEND_RESTART                       text53       01AB7E
_I2C1_DO_SEND_RESTART_READ                  text55       01AB8E
_I2C1_DO_SEND_RESTART_WRITE                 text54       01AB86
_I2C1_DO_SEND_STOP                          text52       01AB76
_I2C1_DO_TX                                 text58       018D5C
_I2C1_DO_TX_EMPTY                           text62       019968
_I2C1_Initialize                            text175      01AA3A
_I2C1_MasterClearIrq                        text86       01ABB6
_I2C1_MasterClose                           text85       01ABEA
_I2C1_MasterDisableIrq                      text84       01ABB0
_I2C1_MasterEnableRestart                   text81       01ABE2
_I2C1_MasterFsm                             text46       019E0A
_I2C1_MasterGetRxData                       text67       01ABCE
_I2C1_MasterIsNack                          text64       01AA94
_I2C1_MasterOpen                            text41       01A954
_I2C1_MasterOperation                       text43       01A460
_I2C1_MasterSendAck                         text66       01ABA4
_I2C1_MasterSendNack                        text68       01ABAA
_I2C1_MasterSendTxData                      text65       01AB96
_I2C1_MasterSetIrq                          text63       01AB9E
_I2C1_MasterStart                           text82       01ABE6
_I2C1_MasterStartRx                         text69       01ABD2
_I2C1_MasterStop                            text80       01ABDE
_I2C1_MasterWaitForEvent                    text45       01AABC
_I2C1_MasterWrite                           text42       01AB56
_I2C1_Open                                  text40       019484
_I2C1_Poller                                text44       01A976
_I2C1_Read1ByteRegister                     text38       0199E6
_I2C1_SetAddressNackCallback                text39       01A9B2
_I2C1_SetBuffer                             text79       01A90C
_I2C1_SetCallback                           text78       0197E0
_I2C1_SetDataCompleteCallback               text77       01A9CE
_I2C1_Status                                bssBANK1     000100
_I2C1_Write1ByteRegister                    text6        019B58
_INLVLA                                     (abs)        000F0D
_INLVLB                                     (abs)        000F15
_INLVLC                                     (abs)        000F1D
_INLVLE                                     (abs)        000F2A
_INTCONbits                                 (abs)        000FF2
_INTERRUPT_Initialize                       text174      01ABF2
_INTERRUPT_InterruptManager                 intcode      000008
_IOCBF5_DefaultInterruptHandler             text184      01ABFA
_IOCBF5_ISR                                 text182      01A6B8
_IOCBF5_InterruptHandler                    nvBANK1      0001E5
_IOCBF5_SetInterruptHandler                 text172      01AAFC
_IOCBFbits                                  (abs)        000F12
_IOCBNbits                                  (abs)        000F13
_IOCBPbits                                  (abs)        000F14
_LATA                                       (abs)        000F83
_LATB                                       (abs)        000F84
_LATBbits                                   (abs)        000F84
_LATC                                       (abs)        000F85
_LATCbits                                   (abs)        000F85
_ODCONA                                     (abs)        000F0F
_ODCONB                                     (abs)        000F17
_ODCONC                                     (abs)        000F1F
_OSCCON1                                    (abs)        000ED8
_OSCCON3                                    (abs)        000EDA
_OSCEN                                      (abs)        000EDC
_OSCFRQ                                     (abs)        000EDE
_OSCILLATOR_Initialize                      text173      01AA22
_OSCTUNE                                    (abs)        000EDD
_PIE0bits                                   (abs)        000EC2
_PIE3bits                                   (abs)        000EC5
_PIN_MANAGER_IOC                            text181      01AA6A
_PIN_MANAGER_Initialize                     text171      0195C4
_PIR0bits                                   (abs)        000ECA
_PIR3bits                                   (abs)        000ECD
_PMD0                                       (abs)        000EE1
_PMD1                                       (abs)        000EE2
_PMD2                                       (abs)        000EE3
_PMD3                                       (abs)        000EE4
_PMD4                                       (abs)        000EE5
_PMD5                                       (abs)        000EE6
_PMD_Initialize                             text170      01AA06
_PORTA                                      (abs)        000F8D
_PORTBbits                                  (abs)        000F8E
_PORTCbits                                  (abs)        000F8F
_RB1PPS                                     (abs)        000EF0
_RB3PPS                                     (abs)        000EF2
_RC3PPS                                     (abs)        000EFA
_RC4PPS                                     (abs)        000EFB
_ReadClock                                  text37       016768
_SLRCONA                                    (abs)        000F0E
_SLRCONB                                    (abs)        000F16
_SLRCONC                                    (abs)        000F1E
_SPI2_Close                                 text141      01ABC2
_SPI2_ExchangeByte                          text159      01A9EA
_SPI2_Initialize                            text169      01A930
_SPI2_Open                                  text140      01928A
_SPI2_ReadBlock                             text158      01A52C
_SPI2_WriteBlock                            text149      01A568
_SSP1ADD                                    (abs)        000F93
_SSP1BUF                                    (abs)        000F92
_SSP1CLKPPS                                 (abs)        000EB7
_SSP1CON1                                   (abs)        000F96
_SSP1CON1bits                               (abs)        000F96
_SSP1CON2                                   (abs)        000F97
_SSP1CON2bits                               (abs)        000F97
_SSP1CON3                                   (abs)        000F98
_SSP1DATPPS                                 (abs)        000EB8
_SSP1STAT                                   (abs)        000F95
_SSP1STATbits                               (abs)        000F95
_SSP2ADD                                    (abs)        000E93
_SSP2BUF                                    (abs)        000E92
_SSP2CLKPPS                                 (abs)        000E8F
_SSP2CON1                                   (abs)        000E96
_SSP2CON1bits                               (abs)        000E96
_SSP2CON2                                   (abs)        000E97
_SSP2DATPPS                                 (abs)        000E90
_SSP2STAT                                   (abs)        000E95
_SYSTEM_Initialize                          text166      01A994
_SetClock                                   text4        0174E2
_T0CON0                                     (abs)        000FD5
_T0CON0bits                                 (abs)        000FD5
_T0CON1                                     (abs)        000FD6
_TMR0H                                      (abs)        000FD4
_TMR0L                                      (abs)        000FD3
_TMR0_CallBack                              text178      01A752
_TMR0_DefaultInterruptHandler               text180      01ABF8
_TMR0_ISR                                   text177      01AB4C
_TMR0_Initialize                            text167      01A898
_TMR0_InterruptHandler                      nvBANK1      0001E2
_TMR0_SetInterruptHandler                   text168      01AAEE
_TMR0_StartTimer                            text165      01ABEE
_TRISA                                      (abs)        000F88
_TRISB                                      (abs)        000F89
_TRISBbits                                  (abs)        000F89
_TRISC                                      (abs)        000F8A
_Timer1                                     bssCOMRAM    000059
_Timer2                                     bssBANK1     00014E
_WPUA                                       (abs)        000F10
_WPUB                                       (abs)        000F18
_WPUC                                       (abs)        000F20
_WPUE                                       (abs)        000F2D
__HRAM                                      (abs)        000000
__Habs1                                     abs1         000000
__Hbank0                                    bank0        000000
__Hbank1                                    bank1        000000
__Hbank10                                   bank10       000000
__Hbank11                                   bank11       000000
__Hbank12                                   bank12       000000
__Hbank13                                   bank13       000000
__Hbank14                                   bank14       000000
__Hbank2                                    bank2        000000
__Hbank3                                    bank3        000000
__Hbank4                                    bank4        000000
__Hbank5                                    bank5        000000
__Hbank6                                    bank6        000000
__Hbank7                                    bank7        000000
__Hbank8                                    bank8        000000
__Hbank9                                    bank9        000000
__Hbigbss                                   bigbss       000000
__Hbigdata                                  bigdata      000000
__Hbigram                                   bigram       000000
__Hbigsfr                                   bigsfr       000000
__Hbss                                      bss          000000
__HbssBANK1                                 bssBANK1     000000
__HbssBANK3                                 bssBANK3     000000
__HbssBANK4                                 bssBANK4     000000
__HbssBIGRAM                                bssBIGRAM    000000
__HbssCOMRAM                                bssCOMRAM    000000
__Hcinit                                    cinit        000000
__Hclrtext                                  clrtext      000000
__Hcomram                                   comram       000000
__Hconfig                                   config       30000C
__Hconst                                    const        000000
__HcstackBANK0                              cstackBANK0  000000
__HcstackBANK1                              cstackBANK1  000000
__HcstackBANK2                              cstackBANK2  000000
__HcstackBANK3                              cstackBANK3  000000
__HcstackCOMRAM                             cstackCOMRAM 000000
__Hdata                                     data         000000
__HdataBANK1                                dataBANK1    000000
__Heeprom_data                              eeprom_data  000000
__Hfarbss                                   farbss       000000
__Hfardata                                  fardata      000000
__Hheap                                     heap         000E88
__Hibigdata                                 ibigdata     000000
__Hidata                                    idata        000000
__HidataBANK1                               idataBANK1   000000
__Hidloc                                    idloc        200010
__Hifardata                                 ifardata     000000
__Hinit                                     init         000068
__Hintcode                                  intcode      000064
__Hintcode_body                             intcode_body 000000
__Hintcodelo                                intcodelo    000064
__Hintentry                                 intentry     000000
__Hintret                                   intret       000000
__Hintsave_regs                             intsave_regs 000000
__Hirdata                                   irdata       000000
__Hmediumconst                              mediumconst  010000
__HnvBANK1                                  nvBANK1      000000
__HnvFARRAM                                 nvFARRAM     000000
__Hnvbit                                    nvbit        000000
__Hnvrram                                   nvrram       000000
__Hparam                                    rparam       000000
__Hpowerup                                  powerup      000064
__Hram                                      ram          000000
__Hramtop                                   ramtop       000F00
__Hrbit                                     rbit         000000
__Hrbss                                     rbss         000000
__Hrdata                                    rdata        000000
__Hreset_vec                                reset_vec    000004
__Hrparam                                   rparam       000000
__Hsfr                                      sfr          000000
__Hsmallconst                               smallconst   000000
__Hspace_0                                  (abs)        01ABFC
__Hspace_1                                  (abs)        000DAA
__Hspace_2                                  (abs)        000000
__Hspace_4                                  (abs)        60000C
__Hstack                                    stack        000000
__Hstruct                                   struct       000000
__Htemp                                     temp         00005C
__Htext                                     text         000000
__Htext0                                    text0        000000
__Htext1                                    text1        000000
__Htext10                                   text10       000000
__Htext100                                  text100      000000
__Htext101                                  text101      000000
__Htext102                                  text102      000000
__Htext103                                  text103      000000
__Htext104                                  text104      000000
__Htext105                                  text105      000000
__Htext106                                  text106      000000
__Htext107                                  text107      000000
__Htext108                                  text108      000000
__Htext109                                  text109      000000
__Htext11                                   text11       000000
__Htext110                                  text110      000000
__Htext111                                  text111      000000
__Htext112                                  text112      000000
__Htext113                                  text113      000000
__Htext114                                  text114      000000
__Htext115                                  text115      000000
__Htext116                                  text116      000000
__Htext117                                  text117      000000
__Htext118                                  text118      000000
__Htext119                                  text119      000000
__Htext12                                   text12       000000
__Htext120                                  text120      000000
__Htext121                                  text121      000000
__Htext122                                  text122      000000
__Htext123                                  text123      000000
__Htext124                                  text124      000000
__Htext125                                  text125      000000
__Htext126                                  text126      000000
__Htext127                                  text127      000000
__Htext128                                  text128      000000
__Htext129                                  text129      000000
__Htext13                                   text13       000000
__Htext130                                  text130      000000
__Htext131                                  text131      000000
__Htext132                                  text132      000000
__Htext133                                  text133      000000
__Htext134                                  text134      000000
__Htext135                                  text135      000000
__Htext136                                  text136      000000
__Htext137                                  text137      000000
__Htext138                                  text138      000000
__Htext139                                  text139      000000
__Htext14                                   text14       000000
__Htext140                                  text140      000000
__Htext141                                  text141      000000
__Htext142                                  text142      000000
__Htext143                                  text143      000000
__Htext144                                  text144      000000
__Htext145                                  text145      000000
__Htext146                                  text146      000000
__Htext147                                  text147      000000
__Htext148                                  text148      000000
__Htext149                                  text149      000000
__Htext15                                   text15       000000
__Htext150                                  text150      000000
__Htext151                                  text151      000000
__Htext152                                  text152      000000
__Htext153                                  text153      000000
__Htext154                                  text154      000000
__Htext155                                  text155      000000
__Htext156                                  text156      000000
__Htext157                                  text157      000000
__Htext158                                  text158      000000
__Htext159                                  text159      000000
__Htext16                                   text16       000000
__Htext160                                  text160      000000
__Htext161                                  text161      000000
__Htext162                                  text162      000000
__Htext163                                  text163      000000
__Htext164                                  text164      000000
__Htext165                                  text165      000000
__Htext166                                  text166      000000
__Htext167                                  text167      000000
__Htext168                                  text168      000000
__Htext169                                  text169      000000
__Htext17                                   text17       000000
__Htext170                                  text170      000000
__Htext171                                  text171      000000
__Htext172                                  text172      000000
__Htext173                                  text173      000000
__Htext174                                  text174      000000
__Htext175                                  text175      000000
__Htext177                                  text177      000000
__Htext178                                  text178      000000
__Htext179                                  text179      000000
__Htext18                                   text18       000000
__Htext180                                  text180      000000
__Htext181                                  text181      000000
__Htext182                                  text182      000000
__Htext183                                  text183      000000
__Htext184                                  text184      000000
__Htext185                                  text185      000000
__Htext19                                   text19       000000
__Htext2                                    text2        000000
__Htext20                                   text20       000000
__Htext21                                   text21       000000
__Htext22                                   text22       000000
__Htext23                                   text23       000000
__Htext24                                   text24       000000
__Htext25                                   text25       000000
__Htext26                                   text26       000000
__Htext27                                   text27       000000
__Htext28                                   text28       000000
__Htext29                                   text29       000000
__Htext3                                    text3        000000
__Htext30                                   text30       000000
__Htext31                                   text31       000000
__Htext32                                   text32       000000
__Htext33                                   text33       000000
__Htext34                                   text34       000000
__Htext35                                   text35       000000
__Htext36                                   text36       000000
__Htext37                                   text37       000000
__Htext38                                   text38       000000
__Htext39                                   text39       000000
__Htext4                                    text4        000000
__Htext40                                   text40       000000
__Htext41                                   text41       000000
__Htext42                                   text42       000000
__Htext43                                   text43       000000
__Htext44                                   text44       000000
__Htext45                                   text45       000000
__Htext46                                   text46       000000
__Htext47                                   text47       000000
__Htext48                                   text48       000000
__Htext49                                   text49       000000
__Htext5                                    text5        000000
__Htext50                                   text50       000000
__Htext51                                   text51       000000
__Htext52                                   text52       000000
__Htext53                                   text53       000000
__Htext54                                   text54       000000
__Htext55                                   text55       000000
__Htext56                                   text56       000000
__Htext57                                   text57       000000
__Htext58                                   text58       000000
__Htext59                                   text59       000000
__Htext6                                    text6        000000
__Htext60                                   text60       000000
__Htext61                                   text61       000000
__Htext62                                   text62       000000
__Htext63                                   text63       000000
__Htext64                                   text64       000000
__Htext65                                   text65       000000
__Htext66                                   text66       000000
__Htext67                                   text67       000000
__Htext68                                   text68       000000
__Htext69                                   text69       000000
__Htext7                                    text7        000000
__Htext70                                   text70       000000
__Htext71                                   text71       000000
__Htext72                                   text72       000000
__Htext73                                   text73       000000
__Htext74                                   text74       000000
__Htext75                                   text75       000000
__Htext76                                   text76       000000
__Htext77                                   text77       000000
__Htext78                                   text78       000000
__Htext79                                   text79       000000
__Htext8                                    text8        000000
__Htext80                                   text80       000000
__Htext81                                   text81       000000
__Htext82                                   text82       000000
__Htext83                                   text83       000000
__Htext84                                   text84       000000
__Htext85                                   text85       000000
__Htext86                                   text86       000000
__Htext87                                   text87       000000
__Htext88                                   text88       000000
__Htext89                                   text89       000000
__Htext9                                    text9        000000
__Htext90                                   text90       000000
__Htext91                                   text91       000000
__Htext92                                   text92       000000
__Htext93                                   text93       000000
__Htext94                                   text94       000000
__Htext95                                   text95       000000
__Htext96                                   text96       000000
__Htext97                                   text97       000000
__Htext98                                   text98       000000
__Htext99                                   text99       000000
__LRAM                                      (abs)        000001
__Labs1                                     abs1         000000
__Lbank0                                    bank0        000000
__Lbank1                                    bank1        000000
__Lbank10                                   bank10       000000
__Lbank11                                   bank11       000000
__Lbank12                                   bank12       000000
__Lbank13                                   bank13       000000
__Lbank14                                   bank14       000000
__Lbank2                                    bank2        000000
__Lbank3                                    bank3        000000
__Lbank4                                    bank4        000000
__Lbank5                                    bank5        000000
__Lbank6                                    bank6        000000
__Lbank7                                    bank7        000000
__Lbank8                                    bank8        000000
__Lbank9                                    bank9        000000
__Lbigbss                                   bigbss       000000
__Lbigdata                                  bigdata      000000
__Lbigram                                   bigram       000000
__Lbigsfr                                   bigsfr       000000
__Lbss                                      bss          000000
__LbssBANK1                                 bssBANK1     000000
__LbssBANK3                                 bssBANK3     000000
__LbssBANK4                                 bssBANK4     000000
__LbssBIGRAM                                bssBIGRAM    000000
__LbssCOMRAM                                bssCOMRAM    000000
__Lcinit                                    cinit        000000
__Lclrtext                                  clrtext      000000
__Lcomram                                   comram       000000
__Lconfig                                   config       000000
__Lconst                                    const        000000
__LcstackBANK0                              cstackBANK0  000000
__LcstackBANK1                              cstackBANK1  000000
__LcstackBANK2                              cstackBANK2  000000
__LcstackBANK3                              cstackBANK3  000000
__LcstackCOMRAM                             cstackCOMRAM 000000
__Ldata                                     data         000000
[...]
sendBuffer@size                             cstackCOMRAM 00000B
sendBuffer@x                                cstackCOMRAM 000011
sendBuffer@x_4431                           cstackCOMRAM 000013
sendBuffer@x_4440                           cstackCOMRAM 000015
sendBuffer@x_4441                           cstackCOMRAM 000017
sendBufferLen@bufferLen                     cstackCOMRAM 000019
sendBufferLen@outbuff                       cstackCOMRAM 00001B
sendFile@bread                              cstackBANK0  0000AB
sendFile@byte                               cstackBANK0  0000AA
sendFile@file                               cstackBANK0  0000A0
sendFile@x                                  cstackBANK0  0000A2
sendFile@x_4453                             cstackBANK0  0000A4
sendFile@x_4454                             cstackBANK0  0000A6
sendFile@x_4455                             cstackBANK0  0000A8
send_cmd@arg                                cstackCOMRAM 00000D
send_cmd@cmd                                cstackCOMRAM 000013
send_cmd@n                                  cstackCOMRAM 000011
send_cmd@res                                cstackCOMRAM 000012
send_cmd_55@n                               cstackCOMRAM 00000C
send_cmd_55@res                             cstackCOMRAM 00000B
sprintf@ap                                  cstackBANK0  00007C
sprintf@f                                   cstackBANK0  00007E
sprintf@fmt                                 cstackBANK0  000074
sprintf@s                                   cstackBANK0  000072
st_clust@cl                                 cstackCOMRAM 00000D
st_clust@dir                                cstackCOMRAM 00000B
st_clust@fs                                 cstackCOMRAM 000009
st_dword@ptr                                cstackBANK0  00007C
st_dword@val                                cstackBANK0  00007E
st_word@ptr                                 cstackCOMRAM 000005
st_word@val                                 cstackCOMRAM 000007
stackhi                                     (abs)        000000
stacklo                                     (abs)        000000
start                                       init         000064
start_initialization                        cinit        019D2A
stoa@F1142                                  dataBANK1    0001DB
stoa@cp                                     cstackCOMRAM 00001E
stoa@fp                                     cstackCOMRAM 00000E
stoa@i                                      cstackCOMRAM 00001A
stoa@l                                      cstackCOMRAM 000022
stoa@nuls                                   cstackCOMRAM 000013
stoa@p                                      cstackCOMRAM 000020
stoa@s                                      cstackCOMRAM 000010
stoa@w                                      cstackCOMRAM 00001C
strlen@a                                    cstackCOMRAM 000007
strlen@s                                    cstackCOMRAM 000005
strncmp@_l                                  cstackCOMRAM 000005
strncmp@_r                                  cstackCOMRAM 000007
strncmp@l                                   cstackCOMRAM 00000C
strncmp@n                                   cstackCOMRAM 000009
strncmp@r                                   cstackCOMRAM 00000E
sync_fs@fs                                  cstackCOMRAM 000054
sync_fs@res                                 cstackCOMRAM 000056
sync_window@fs                              cstackCOMRAM 00002E
sync_window@res                             cstackCOMRAM 000040
ttemp5                                      temp         00005C
ttemp6                                      temp         00005F
ttemp7                                      temp         000063
utoa@d                                      cstackCOMRAM 000022
utoa@fp                                     cstackCOMRAM 000020
utoa@i                                      cstackCOMRAM 00003E
utoa@n                                      cstackCOMRAM 000036
utoa@p                                      cstackCOMRAM 000032
utoa@w                                      cstackCOMRAM 000034
validate@obj                                cstackCOMRAM 000009
validate@res                                cstackCOMRAM 000013
validate@rfs                                cstackCOMRAM 00000B
vfpfcnvrt@ap                                cstackCOMRAM 000044
vfpfcnvrt@cp                                cstackBANK0  000060
vfpfcnvrt@fmt                               cstackCOMRAM 000042
vfpfcnvrt@fp                                cstackCOMRAM 000040
vfpfcnvrt@llu                               cstackBANK0  000064
vfprintf@ap                                 cstackBANK0  000070
vfprintf@cfmt                               cstackCOMRAM 00004C
vfprintf@fmt                                cstackBANK0  00006E
vfprintf@fp                                 cstackBANK0  00006C
wait_ready@d                                cstackCOMRAM 000008
wr1RegCompleteHandler@ptr                   cstackCOMRAM 000010
wr2RegCompleteHandler@ptr                   cstackCOMRAM 000010
wtemp8                                      temp         00005C
xmit_datablock@buff                         cstackCOMRAM 00000C
xmit_datablock@resp                         cstackCOMRAM 00000F
xmit_datablock@token                        cstackCOMRAM 00000E


MODULE INFORMATION

Module		Function		Class		Link	Load	Size
C:\Program Files\Microchip\xc8\v2.36\pic\sources\c99\common\lite_free.c
		___simple_search_fl		CODE           	152FA	0000	634
		_free          		CODE           	1737C	0000	358

C:\Program Files\Microchip\xc8\v2.36\pic\sources\c99\common\lite_free.c estimated size: 992

C:\Program Files\Microchip\xc8\v2.36\pic\sources\c99\common\putch.c
		_putch         		CODE           	1ABF6	0000	2

C:\Program Files\Microchip\xc8\v2.36\pic\sources\c99\common\putch.c estimated size: 2

mcc_generated_files/examples/i2c1_master_example.c
		_wr1RegCompleteHandler		CODE           	1A784	0000	48
		_wr2RegCompleteHandler		CODE           	1A814	0000	48
		_I2C1_Write1ByteRegister		CODE           	19B58	0000	118
		_rdBlkRegCompleteHandler		CODE           	1A4A4	0000	68
		_rd1RegCompleteHandler		CODE           	1A7E4	0000	48
		_rd2RegCompleteHandler		CODE           	1A7B4	0000	48
		_I2C1_Read1ByteRegister		CODE           	199E6	0000	124

mcc_generated_files/examples/i2c1_master_example.c estimated size: 502

C:\Program Files\Microchip\xc8\v2.36\pic\sources\c99\common\asctime.c
		_put2d         		CODE           	1975C	0000	132
		_asctime       		CODE           	15574	0000	582

C:\Program Files\Microchip\xc8\v2.36\pic\sources\c99\common\asctime.c estimated size: 714

C:\Program Files\Microchip\xc8\v2.36\pic\sources\c99\common\lomod.c
		___lomod       		CODE           	18AF6	0000	208

C:\Program Files\Microchip\xc8\v2.36\pic\sources\c99\common\lomod.c estimated size: 208

C:\Program Files\Microchip\xc8\v2.36\pic\sources\c99\common\nf_fputs.c
		_fputs         		CODE           	1A4E8	0000	68

C:\Program Files\Microchip\xc8\v2.36\pic\sources\c99\common\nf_fputs.c estimated size: 68

mcc_generated_files/fatfs/ff.c
		_clst2sect     		CODE           	18BC6	0000	204
		_mem_cpy       		CODE           	1A194	0000	88
		_find_volume   		CODE           	10000	0000	3204
		_dir_clear     		CODE           	17B7E	0000	328
		_ld_dword      		CODE           	19072	0000	184
		_remove_chain  		CODE           	157BA	0000	562
		_f_getlabel    		CODE           	15070	0000	650
		_f_mount       		CODE           	18A1E	0000	216
		_get_fat       		CODE           	133A4	0000	1074
		_st_word       		CODE           	1A870	0000	40
		_get_ldnumber  		CODE           	165C4	0000	420
		_st_clust      		CODE           	1A386	0000	76
		_create_name   		CODE           	12ECC	0000	1240
		_chk_chr       		CODE           	19EE2	0000	106
		_create_chain  		CODE           	123E4	0000	1456
		_dbc_1st       		CODE           	1AB38	0000	10
		_validate      		CODE           	18488	0000	254
		_check_fs      		CODE           	17640	0000	344
		_f_sync        		CODE           	15C08	0000	532
		_get_fileinfo  		CODE           	16226	0000	506
		_dir_read      		CODE           	16420	0000	420
		_st_dword      		CODE           	19D9C	0000	110
		_f_write       		CODE           	10C84	0000	2176
		_mem_set       		CODE           	1A720	0000	50
		_dir_alloc     		CODE           	178E8	0000	334
		_f_opendir     		CODE           	16DAE	0000	386
		_put_fat       		CODE           	12994	0000	1336
		_f_readdir     		CODE           	18940	0000	222
		_sync_fs       		CODE           	15E1C	0000	518
		_dir_next      		CODE           	137D6	0000	1066
		_sync_window   		CODE           	16908	0000	412
		_dir_register  		CODE           	1885E	0000	226
		_f_getfree     		CODE           	1477C	0000	892
		_ld_word       		CODE           	1A64A	0000	56
		_dir_find      		CODE           	16C2A	0000	388
		_f_open        		CODE           	11504	0000	1992
		_mem_cmp       		CODE           	19650	0000	136
		_f_read        		CODE           	11CCC	0000	1816
		_f_close       		CODE           	1A0E2	0000	90
		_dir_sdi       		CODE           	143E2	0000	922
		_follow_path   		CODE           	14AF8	0000	746
		_dbc_2nd       		CODE           	1AB2E	0000	10
		_ld_clust      		CODE           	198E8	0000	128
		_move_window   		CODE           	18FAE	0000	196

mcc_generated_files/fatfs/ff.c estimated size: 26122

mcc_generated_files/fatfs/drva.c
		_DRVA_IsMediaPresent		CODE           	1AAA8	0000	20
		_rcvr_datablock		CODE           	19ADE	0000	122
		_DRVA_TMR_ms   		CODE           	1A2E4	0000	82
		_send_cmd      		CODE           	1867C	0000	242
		_send_cmd_55   		CODE           	19FB6	0000	104
		_DRVA_SectorWrite		CODE           	170A6	0000	364
		_deselect      		CODE           	1AB42	0000	10
		_DRVA_MediaInitialize		CODE           	14DE2	0000	654
		_DRVA_IOCCD    		CODE           	1AA52	0000	24
		_DRVA_IsWriteProtected		CODE           	1ABBC	0000	6
		_select        		CODE           	1A612	0000	56
		_DRVA_SectorRead		CODE           	17CC6	0000	312
		_xmit_datablock		CODE           	19864	0000	132
		_wait_ready    		CODE           	1A336	0000	80
		_DRVA_IsMediaInitialized		CODE           	1ABC8	0000	6

mcc_generated_files/fatfs/drva.c estimated size: 2214

C:\Program Files\Microchip\xc8\v2.36\pic\sources\c99\common\strncmp.c
		_strncmp       		CODE           	18586	0000	246

C:\Program Files\Microchip\xc8\v2.36\pic\sources\c99\common\strncmp.c estimated size: 246

mcc_generated_files/i2c1_master.c
		_I2C1_DO_SEND_RESTART		CODE           	1AB7E	0000	8
		_I2C1_DO_TX_EMPTY		CODE           	19968	0000	126
		_I2C1_DO_SEND_RESTART_READ		CODE           	1AB8E	0000	8
		_I2C1_CallbackReturnStop		CODE           	1ABDA	0000	4
		_I2C1_DO_RX    		CODE           	19338	0000	168
		_I2C1_DO_TX    		CODE           	18D5C	0000	200
		_I2C1_SetAddressNackCallback		CODE           	1A9B2	0000	28
		_I2C1_DO_IDLE  		CODE           	1AB22	0000	12
		_I2C1_MasterOpen		CODE           	1A954	0000	34
		_I2C1_DO_RCEN  		CODE           	1AB16	0000	12
		_I2C1_MasterSendTxData		CODE           	1AB96	0000	8
		_I2C1_MasterStop		CODE           	1ABDE	0000	4
		_I2C1_CallbackReturnReset		CODE           	1ABD6	0000	4
		_I2C1_DO_RESET 		CODE           	1AB0A	0000	12
		_I2C1_MasterStartRx		CODE           	1ABD2	0000	4
		_I2C1_Poller   		CODE           	1A976	0000	30
		_I2C1_DO_RX_ACK		CODE           	1AB6E	0000	8
		_I2C1_MasterWaitForEvent		CODE           	1AABC	0000	18
		_I2C1_MasterSendNack		CODE           	1ABAA	0000	6
		_I2C1_DO_RX_NACK_RESTART		CODE           	1AB5E	0000	8
		_I2C1_MasterDisableIrq		CODE           	1ABB0	0000	6
		_I2C1_MasterOperation		CODE           	1A460	0000	68
		_I2C1_SetCallback		CODE           	197E0	0000	132
		_I2C1_MasterEnableRestart		CODE           	1ABE2	0000	4
		_I2C1_Open     		CODE           	19484	0000	162
		_I2C1_DO_ADDRESS_NACK		CODE           	19E76	0000	108
		_I2C1_SetBuffer		CODE           	1A90C	0000	36
		_I2C1_DO_SEND_RESTART_WRITE		CODE           	1AB86	0000	8
		_I2C1_MasterClose		CODE           	1ABEA	0000	4
		_I2C1_MasterWrite		CODE           	1AB56	0000	8
		_I2C1_Initialize		CODE           	1AA3A	0000	24
		_I2C1_Close    		CODE           	1A844	0000	44
		_I2C1_MasterIsNack		CODE           	1AA94	0000	20
		_I2C1_MasterStart		CODE           	1ABE6	0000	4
		_I2C1_DO_SEND_ADR_WRITE		CODE           	1AACE	0000	16
		_I2C1_MasterClearIrq		CODE           	1ABB6	0000	6
		_I2C1_SetDataCompleteCallback		CODE           	1A9CE	0000	28
		_I2C1_DO_SEND_STOP		CODE           	1AB76	0000	8
		_I2C1_MasterSendAck		CODE           	1ABA4	0000	6
		_I2C1_MasterFsm		CODE           	19E0A	0000	108
		_I2C1_MasterGetRxData		CODE           	1ABCE	0000	4
		_I2C1_MasterSetIrq		CODE           	1AB9E	0000	6
		_I2C1_DO_SEND_ADR_READ		CODE           	1AADE	0000	16
		_I2C1_DO_RX_NACK_STOP		CODE           	1AB66	0000	8

mcc_generated_files/i2c1_master.c estimated size: 1536

C:\Program Files\Microchip\xc8\v2.36\pic\sources\c99\common\atoi.c
		_atoi          		CODE           	17212	0000	362

C:\Program Files\Microchip\xc8\v2.36\pic\sources\c99\common\atoi.c estimated size: 362

mcc_generated_files/interrupt_manager.c
		_INTERRUPT_Initialize		CODE           	1ABF2	0000	4
		_INTERRUPT_InterruptManager		CODE           	0008	0000	92

mcc_generated_files/interrupt_manager.c estimated size: 96

C:\Program Files\Microchip\xc8\v2.36\pic\sources\c99\common\awmod.c
		___awmod       		CODE           	1912A	0000	176

C:\Program Files\Microchip\xc8\v2.36\pic\sources\c99\common\awmod.c estimated size: 176

C:\Program Files\Microchip\xc8\v2.36\pic\sources\c99\common\Umul32.c
		___lmul        		CODE           	19F4C	0000	106

C:\Program Files\Microchip\xc8\v2.36\pic\sources\c99\common\Umul32.c estimated size: 106

C:\Program Files\Microchip\xc8\v2.36\pic\sources\c99\common\nf_sprintf.c
		_sprintf       		CODE           	1A240	0000	82

C:\Program Files\Microchip\xc8\v2.36\pic\sources\c99\common\nf_sprintf.c estimated size: 82

mcc_generated_files/tmr0.c
		_TMR0_SetInterruptHandler		CODE           	1AAEE	0000	14
		_TMR0_DefaultInterruptHandler		CODE           	1ABF8	0000	2
		_TMR0_CallBack 		CODE           	1A752	0000	50
		_TMR0_StartTimer		CODE           	1ABEE	0000	4
		_TMR0_ISR      		CODE           	1AB4C	0000	10
		_TMR0_Initialize		CODE           	1A898	0000	40

mcc_generated_files/tmr0.c estimated size: 120

C:\Program Files\Microchip\xc8\v2.36\pic\sources\c99\common\isspace.c
		_isspace       		CODE           	1A292	0000	82

C:\Program Files\Microchip\xc8\v2.36\pic\sources\c99\common\isspace.c estimated size: 82

mcc_generated_files/pin_manager.c
		_PIN_MANAGER_Initialize		CODE           	195C4	0000	140
		_IOCBF5_SetInterruptHandler		CODE           	1AAFC	0000	14
		_PIN_MANAGER_IOC		CODE           	1AA6A	0000	22
		_IOCBF5_DefaultInterruptHandler		CODE           	1ABFA	0000	2
		_IOCBF5_ISR    		CODE           	1A6B8	0000	54

mcc_generated_files/pin_manager.c estimated size: 232

C:\Program Files\Microchip\xc8\v2.36\pic\sources\c99\common\expand_heap.c
		___expand_heap 		CODE           	191DA	0000	176

C:\Program Files\Microchip\xc8\v2.36\pic\sources\c99\common\expand_heap.c estimated size: 176

C:\Program Files\Microchip\xc8\v2.36\pic\sources\c99\common\strlen.c
		_strlen        		CODE           	1A682	0000	54

C:\Program Files\Microchip\xc8\v2.36\pic\sources\c99\common\strlen.c estimated size: 54

C:\Program Files\Microchip\xc8\v2.36\pic\sources\c99\common\__lldiv.c
		___lldiv       		CODE           	193E0	0000	164

C:\Program Files\Microchip\xc8\v2.36\pic\sources\c99\common\__lldiv.c estimated size: 164

C:\Program Files\Microchip\xc8\v2.36\pic\sources\c99\common\lodiv.c
		___lodiv       		CODE           	1876E	0000	240

C:\Program Files\Microchip\xc8\v2.36\pic\sources\c99\common\lodiv.c estimated size: 240

C:\Program Files\Microchip\xc8\v2.36\pic\sources\c99\common\memset.c
		_memset        		CODE           	16F30	0000	374

C:\Program Files\Microchip\xc8\v2.36\pic\sources\c99\common\memset.c estimated size: 374

mcc_generated_files/fatfs/diskio.c
		_disk_initialize		CODE           	1A1EC	0000	84
		_disk_write    		CODE           	19C42	0000	116
		_disk_status   		CODE           	19A62	0000	124
		_disk_ioctl    		CODE           	1A6EE	0000	50
		_disk_read     		CODE           	19CB6	0000	116

mcc_generated_files/fatfs/diskio.c estimated size: 490

mcc_generated_files/fatfs/ff_time.c
		_decimalToFatTime		CODE           	18388	0000	256
		_get_fattime   		CODE           	1A3D2	0000	74

mcc_generated_files/fatfs/ff_time.c estimated size: 330

C:\Program Files\Microchip\xc8\v2.36\pic\sources\c99\common\nf_fputc.c
		_fputc         		CODE           	18C92	0000	202

C:\Program Files\Microchip\xc8\v2.36\pic\sources\c99\common\nf_fputc.c estimated size: 202

C:\Program Files\Microchip\xc8\v2.36\pic\sources\c99\common\isdigit.c
		_isdigit       		CODE           	1A5DA	0000	56

C:\Program Files\Microchip\xc8\v2.36\pic\sources\c99\common\isdigit.c estimated size: 56

C:\Program Files\Microchip\xc8\v2.36\pic\sources\c99\common\lwdiv.c
		___lwdiv       		CODE           	19BCE	0000	116

C:\Program Files\Microchip\xc8\v2.36\pic\sources\c99\common\lwdiv.c estimated size: 116

C:\Program Files\Microchip\xc8\v2.36\pic\sources\c99\common\awdiv.c
		___awdiv       		CODE           	18EEA	0000	196

C:\Program Files\Microchip\xc8\v2.36\pic\sources\c99\common\awdiv.c estimated size: 196

C:\Program Files\Microchip\xc8\v2.36\pic\sources\c99\common\lite_malloc.c
		_malloc        		CODE           	17A36	0000	328

C:\Program Files\Microchip\xc8\v2.36\pic\sources\c99\common\lite_malloc.c estimated size: 328

C:\Program Files\Microchip\xc8\v2.36\pic\sources\c99\common\doprnt.c
		_vfpfcnvrt     		CODE           	13C00	0000	1048
		_pad           		CODE           	18E24	0000	198
		_vfprintf      		CODE           	1A01E	0000	102
		_stoa          		CODE           	16AA4	0000	390
		_utoa          		CODE           	16022	0000	516

C:\Program Files\Microchip\xc8\v2.36\pic\sources\c99\common\doprnt.c estimated size: 2254

shared
		_ExCvt         		MEDIUMCONST    	FEA1	0000	128
		f_setlabel@badchr		MEDIUMCONST    	FF59	0000	18
		__initialization		CODE           	19D2A	0000	104
		_i2c1_fsmStateTable		MEDIUMCONST    	FF21	0000	48
		_spi2_configuration		MEDIUMCONST    	FF51	0000	8

shared estimated size: 306

mcc_generated_files/mcc.c
		_PMD_Initialize		CODE           	1AA06	0000	28
		_OSCILLATOR_Initialize		CODE           	1AA22	0000	24
		_SYSTEM_Initialize		CODE           	1A994	0000	30

mcc_generated_files/mcc.c estimated size: 82

rtc.c
		_SetClock      		CODE           	174E2	0000	350
		_ReadClock     		CODE           	16768	0000	416

rtc.c estimated size: 766

mcc_generated_files/spi2.c
		_SPI2_ExchangeByte		CODE           	1A9EA	0000	28
		_SPI2_WriteBlock		CODE           	1A568	0000	58
		_SPI2_ReadBlock		CODE           	1A52C	0000	60
		_SPI2_Open     		CODE           	1928A	0000	174
		_SPI2_Initialize		CODE           	1A930	0000	36
		_SPI2_Close    		CODE           	1ABC2	0000	6

mcc_generated_files/spi2.c estimated size: 362

main.c
		_main          		CODE           	1A5A2	0000	56

main.c estimated size: 56

rtcdrv.c
		_processRTC    		CODE           	1A13C	0000	88
		_processDRV    		CODE           	1A084	0000	94
		_getArgs       		CODE           	1A41C	0000	68
		_rtcGetAClk    		CODE           	196D8	0000	132
		_rtcdrv_poll   		CODE           	1803E	0000	282
		_sendFile      		CODE           	17F1E	0000	288
		_getBuffer     		CODE           	18272	0000	278
		_drvLoad       		CODE           	17798	0000	336
		_rtcGetClk     		CODE           	19526	0000	158
		_rtcSetClk     		CODE           	17DFE	0000	288
		_drvSave       		CODE           	159EC	0000	540
		_sendBuffer    		CODE           	18158	0000	282
		_sendBufferLen 		CODE           	1A8E6	0000	38
		_drvGetDir     		CODE           	14018	0000	970

rtcdrv.c estimated size: 3842

C:\Program Files\Microchip\xc8\v2.36\pic\sources\c99\common\Umul16.c
		___wmul        		CODE           	1A8C0	0000	38

C:\Program Files\Microchip\xc8\v2.36\pic\sources\c99\common\Umul16.c estimated size: 38

